--------- beginning of system
04-23 14:54:52.981   350   350 I vold    : Vold 3.0 (the awakening) firing up
04-23 14:54:52.981   350   350 D vold    : Detected support for: exfat ext4 f2fs ntfs vfat
04-23 14:54:52.990   350   350 W vold    : [libfs_mgr]Warning: unknown flag: resize
04-23 14:54:52.992   350   350 D vold    : VoldNativeService::start() completed OK
04-23 14:54:53.603   395   395 I keystore2: keystore2_main: Keystore2 is starting.
04-23 14:54:53.603   395   395 I keystore2: keystore2_main: Setting up sqlite logging for keystore2
04-23 14:54:53.605   395   395 W keystore2: keystore2::metrics_store: In update_keystore_crash_sysprop: Failed to read the existing system property due to: In read_keystore_crash_count: Property not set..Therefore, keystore crashes will not be logged.
04-23 14:54:53.607   395   395 I keystore2: keystore2_main: Starting thread pool now.
04-23 14:54:53.738   395   395 I keystore2: keystore2::globals: Add emulation wrapper around Keymaster device for security level: SecurityLevel(1)
04-23 14:54:53.739   395   411 I keystore2: keystore2::shared_secret_negotiation: Shared secret negotiation concluded successfully.
04-23 14:54:53.740   395   411 I keystore2: keystore2::shared_secret_negotiation: No StrongBox Keymint available, so no RoT transfer
04-23 14:54:53.741   395   395 I keystore2: keystore2_main: Not publishing IRemotelyProvisionedKeyPool service: In new_native_binder: Failed to get TEE Remote Provisioner instance.
04-23 14:54:53.741   395   395 I keystore2: 
04-23 14:54:53.741   395   395 I keystore2: Caused by:
04-23 14:54:53.741   395   395 I keystore2:     0: In get_remotely_provisioned_component.
04-23 14:54:53.741   395   395 I keystore2:     1: In connect_remotely_provisioned_component.
04-23 14:54:53.741   395   395 I keystore2:     2: Error::Km(ErrorCode(-68))
04-23 14:54:53.742   395   395 I keystore2: keystore2_main: Successfully registered Keystore 2.0 service.
04-23 14:54:53.742   395   395 I keystore2: keystore2_main: Joining thread pool now.
04-23 14:54:53.818   350   350 I Checkpoint: cp_prepareCheckpoint called
04-23 14:54:53.844   350   350 I vold    : fscrypt_initialize_systemwide_keys
04-23 14:54:53.844   350   350 I vold    : Creating new key in /data/unencrypted/key
04-23 14:54:53.844   350   350 D vold    : Generating standard storage key
04-23 14:54:53.850   350   350 D vold    : Generating "key storage" key
04-23 14:54:53.854   395   395 E keystore2: keystore2::error: In generate_key.
04-23 14:54:53.854   395   395 E keystore2: 
04-23 14:54:53.854   395   395 E keystore2: Caused by:
04-23 14:54:53.854   395   395 E keystore2:     0: While generating Key without explicit attestation key.
04-23 14:54:53.854   395   395 E keystore2:     1: Error::Km(ErrorCode(-67))
04-23 14:54:53.854   350   350 E vold    : keystore2 Keystore generateKey returned service specific error: -67
04-23 14:54:53.854   350   350 W vold    : Failed to generate rollback-resistant key.  This is expected if keystore doesn't support rollback resistance.  Falling back to non-rollback-resistant key.
04-23 14:54:53.868   350   350 D vold    : Created key: /data/unencrypted/key
04-23 14:54:53.868   350   350 D vold    : Detected support for FS_IOC_ADD_ENCRYPTION_KEY
04-23 14:54:53.868   350   350 D vold    : Installed fscrypt key with ref d3500811dafdaa70 to /data
04-23 14:54:53.869   350   350 D vold    : Added fscrypt-provisioning key for d3500811dafdaa70 to session keyring
04-23 14:54:53.869   350   350 I vold    : Wrote system DE key reference to:/data/unencrypted/ref
04-23 14:54:53.869   350   350 D vold    : Generating standard storage key
04-23 14:54:53.870   350   350 D vold    : Installed fscrypt key with ref 6ed2a5ae904478ca to /data
04-23 14:54:53.870   350   350 D vold    : Added fscrypt-provisioning key for 6ed2a5ae904478ca to session keyring
04-23 14:54:53.870   350   350 I vold    : Wrote per boot key reference to:/data/unencrypted/per_boot_ref
04-23 14:54:53.914   350   350 I incfs   : Initial API level of the device: 29
04-23 14:54:53.914   350   350 I incfs   : ro.incremental.enable: 
04-23 14:54:53.914   350   350 I incfs   : IncFs_Features: v1
04-23 14:54:53.916   395   413 I keystore2: keystore2::maintenance: In early_boot_ended.
04-23 14:54:53.933   395   413 I keystore2: keystore2::globals: Touching Keystore 2.0 database for this first time since boot.
04-23 14:54:53.933   395   413 I keystore2: keystore2::globals: Calling cleanup leftovers.
04-23 14:54:53.941   395   413 I keystore2: keystore2::super_key: Starting boot level watcher.
04-23 14:54:53.941   395   413 I keystore2: keystore2::maintenance: Call to earlyBootEnded succeeded for security level TRUSTED_ENVIRONMENT.
04-23 14:54:53.941   395   431 I keystore2: keystore2::super_key: Read keystore.boot_level value 30
04-23 14:54:53.941   395   431 I keystore2: keystore2::super_key: Read keystore.boot_level value 30
04-23 14:54:53.941   395   430 E keystore2: keystore2_main: [SQLITE3] 17: statement aborts at 27: [CREATE TABLE IF NOT EXISTS persistent.version (
04-23 14:54:53.941   395   430 E keystore2:                 id INTEGER PRIMARY KEY,
04-23 14:54:53.941   395   430 E keystore2:                 version INTEGER);] database schema has changed
04-23 14:54:53.943   395   413 E keystore2: keystore2::maintenance: Call to earlyBootEnded failed for security level STRONGBOX: In call_with_watchdog: getting keymint device.
04-23 14:54:53.943   395   413 E keystore2: keystore2::error: In call_with_watchdog: getting keymint device
04-23 14:54:53.943   395   413 E keystore2: 
04-23 14:54:53.943   395   413 E keystore2: Caused by:
04-23 14:54:53.943   395   413 E keystore2:     0: In get_keymint_device.
04-23 14:54:53.943   395   413 E keystore2:     1: In connect_keymint: Trying to get Legacy wrapper.
04-23 14:54:53.943   395   413 E keystore2:     2: Error::Km(ErrorCode(-68))
04-23 14:54:53.943   350   350 E vold    : keystore2 Keystore earlyBootEnded returned service specific error: -68
04-23 14:54:54.242   350   350 D vold    : fscrypt_init_user0
04-23 14:54:54.243   350   350 D vold    : Preparing: /data/misc/vold/user_keys
04-23 14:54:54.243   350   350 D vold    : Preparing: /data/misc/vold/user_keys/ce
04-23 14:54:54.243   350   350 D vold    : Preparing: /data/misc/vold/user_keys/de
04-23 14:54:54.243   350   350 D vold    : Generating standard storage key
04-23 14:54:54.243   350   350 D vold    : Generating standard storage key
04-23 14:54:54.243   350   350 D vold    : Preparing: /data/misc/vold/user_keys/ce/0
04-23 14:54:54.259   350   350 D vold    : Generating "key storage" key
04-23 14:54:54.261   395   413 E keystore2: keystore2::error: In generate_key.
04-23 14:54:54.261   395   413 E keystore2: 
04-23 14:54:54.261   395   413 E keystore2: Caused by:
04-23 14:54:54.261   395   413 E keystore2:     0: While generating Key without explicit attestation key.
04-23 14:54:54.261   395   413 E keystore2:     1: Error::Km(ErrorCode(-67))
04-23 14:54:54.261   350   350 E vold    : keystore2 Keystore generateKey returned service specific error: -67
04-23 14:54:54.261   350   350 W vold    : Failed to generate rollback-resistant key.  This is expected if keystore doesn't support rollback resistance.  Falling back to non-rollback-resistant key.
04-23 14:54:54.271   350   350 D vold    : Created key: /data/misc/vold/user_keys/ce/0/current
04-23 14:54:54.277   350   350 D vold    : Generating "key storage" key
04-23 14:54:54.278   395   413 E keystore2: keystore2::error: In generate_key.
04-23 14:54:54.278   395   413 E keystore2: 
04-23 14:54:54.278   395   413 E keystore2: Caused by:
04-23 14:54:54.278   395   413 E keystore2:     0: While generating Key without explicit attestation key.
04-23 14:54:54.278   395   413 E keystore2:     1: Error::Km(ErrorCode(-67))
04-23 14:54:54.279   350   350 E vold    : keystore2 Keystore generateKey returned service specific error: -67
04-23 14:54:54.279   350   350 W vold    : Failed to generate rollback-resistant key.  This is expected if keystore doesn't support rollback resistance.  Falling back to non-rollback-resistant key.
04-23 14:54:54.289   350   350 D vold    : Created key: /data/misc/vold/user_keys/de/0
04-23 14:54:54.290   350   350 D vold    : Installed fscrypt key with ref 37ccdefff789017a to /data
04-23 14:54:54.290   350   350 D vold    : Added fscrypt-provisioning key for 37ccdefff789017a to session keyring
04-23 14:54:54.290   350   350 D vold    : Installed fscrypt key with ref ec12cff8c83cabd1 to /data
04-23 14:54:54.290   350   350 D vold    : Added fscrypt-provisioning key for ec12cff8c83cabd1 to session keyring
04-23 14:54:54.290   350   350 D vold    : Created keys for user 0
04-23 14:54:54.294   350   350 D vold    : Installed fscrypt key with ref 37ccdefff789017a to /data
04-23 14:54:54.294   350   350 D vold    : Added fscrypt-provisioning key for 37ccdefff789017a to session keyring
04-23 14:54:54.294   350   350 D vold    : Installed de key for user 0
04-23 14:54:54.294   350   350 D vold    : fscrypt_prepare_user_storage for volume null, user 0, serial 0, flags 1
04-23 14:54:54.294   350   350 D vold    : Preparing: /data/system/users/0
04-23 14:54:54.294   350   350 D vold    : Preparing: /data/misc/profiles/cur/0
04-23 14:54:54.295   350   350 D vold    : Preparing: /data/system_de/0
04-23 14:54:54.295   350   350 D vold    : Preparing: /data/vendor_de/0
04-23 14:54:54.295   350   350 D vold    : Preparing: /data/misc_de/0
04-23 14:54:54.295   350   350 D vold    : Preparing: /data/user_de/0
04-23 14:54:54.295   350   350 I vold    : Encryption policy of /data/system_de/0 set to 37ccdefff789017a v1 modes 1/4 flags 0x0
04-23 14:54:54.295   350   350 I vold    : Encryption policy of /data/vendor_de/0 set to 37ccdefff789017a v1 modes 1/4 flags 0x0
04-23 14:54:54.295   350   350 I vold    : Encryption policy of /data/misc_de/0 set to 37ccdefff789017a v1 modes 1/4 flags 0x0
04-23 14:54:54.295   350   350 I vold    : Encryption policy of /data/user_de/0 set to 37ccdefff789017a v1 modes 1/4 flags 0x0
04-23 14:54:54.295   350   350 D vold    : /system/bin/vold_prepare_subdirs
04-23 14:54:54.295   350   350 D vold    :     prepare
04-23 14:54:54.295   350   350 D vold    :     
04-23 14:54:54.295   350   350 D vold    :     0
04-23 14:54:54.295   350   350 D vold    :     1
04-23 14:54:54.354   350   350 D vold    : Installing fscrypt-provisioning key for ec12cff8c83cabd1 back into /data fs-keyring
04-23 14:54:54.879   445   445 I odsign  : Device doesn't support updatable APEX, exiting.
04-23 14:54:54.900   395   431 I keystore2: keystore2::super_key: keystore.boot_level 1000000000 hits maximum 1000000000, finishing.
04-23 14:54:55.145   350   361 I vold    : Found disk at /devices/platform/externdevice/mmc_host/mmc1/mmc1:0007/block/mmcblk1 but delaying scan due to secure keyguard
04-23 14:54:56.228   556   556 I gsid    : no DSU: No such file or directory
04-23 14:54:56.468   583   583 I installd: installd firing up
04-23 14:54:56.469   583   583 D installd: Assuming that device has multi-user storage layout; upgrade no longer supported
04-23 14:54:56.470   583   583 D installd: Upgrading to /data/misc/user directories
04-23 14:54:56.581   616   616 I wificond: wificond is starting up...
04-23 14:54:56.599   614   614 I storaged: Unable to get AIDL health service, trying HIDL...
04-23 14:54:56.610   616   616 I HidlServiceManagement: Registered android.system.wifi.keystore@1.0::IKeystore/default
04-23 14:54:57.924   771   813 D BootAnimation: BootAnimationShownTiming start time: 9411ms
--------- beginning of main
04-23 14:55:00.517   625   625 E Metadata2/Entry: itemAt(531):Get data error , tag 800f0001, mContentPtr 0xec339fcc (itemAt){#531:vendor/mediatek/proprietary/hardware/mtkcam/utils/metadata/metadata/Entry.cpp}
04-23 14:55:00.517   625   625 E Metadata2/Content: getBasicData(595):index (11) out of range (10) (getBasicData){#595:vendor/mediatek/proprietary/hardware/mtkcam/utils/metadata/metadata/Content.cpp}
04-23 14:55:00.517   625   625 E Metadata2/Entry: itemAt(531):Get data error , tag 800f0001, mContentPtr 0xec339fcc (itemAt){#531:vendor/mediatek/proprietary/hardware/mtkcam/utils/metadata/metadata/Entry.cpp}
04-23 14:55:00.518   625   625 D MtkCam/CalibrationProvider: [getCalibration] [#0] Convert calibration to Google format from MTK
04-23 14:55:00.518   625   625 D MtkCam/CalibrationProvider: [getLensIntrinsicCalibrationBySpec] Get FOV H:63.27/V:49.10(D:74.97) for sensor 0, physical size 4.22x3.14 mm, focalLength 3.430000 mm
04-23 14:55:00.518   625   625 W MtkCam/MetadataProvider.constructStatic: updateRawCapability(2543):update RAW16 size 4208x3120 -> 4208x3120
04-23 14:55:00.529   771   813 E IMGMapper: set:481 Failed to decode data for type SMPTE2086
04-23 14:55:00.529   771   813 E IMGMapper: set:481 Failed to decode data for type CTA861_3
04-23 14:55:00.548   458   458 I Zygote  : Preloading shared libraries...
04-23 14:55:00.556   458   458 E zygote  : Unable to find pattern file or unable to map it for am
04-23 14:55:00.557   625   625 D MtkCam/CalibrationProvider: [getCalibration] [#2] Convert calibration to Google format from MTK
04-23 14:55:00.558   625   625 D MtkCam/CalibrationProvider: [getLensIntrinsicCalibrationBySpec] Get FOV H:71.63/V:56.85(D:84.10) for sensor 2, physical size 2.80x2.10 mm, focalLength 1.940000 mm
04-23 14:55:00.558   625   625 W MtkCam/MetadataProvider.constructStatic: updateRawCapability(2543):update RAW16 size 1600x1200 -> 1600x1200
04-23 14:55:00.560   458   458 I Zygote  : Called ZygoteHooks.endPreload()
04-23 14:55:00.561   458   458 I Zygote  : Installed AndroidKeyStoreProvider in 1ms.
04-23 14:55:00.563   625   625 D MtkCam/DipUtils: [addSensorSizeToCompare] [DipUtilsImp] (width, height)=(4208,3120)
04-23 14:55:00.563   625   625 D MtkCam/DipUtils: [addSensorSizeToCompare] [DipUtilsImp] (width, height)=(4208,3120)
04-23 14:55:00.564   625   625 D MtkCam/DipUtils: [addSensorSizeToCompare] [DipUtilsImp] (width, height)=(4208,3120)
04-23 14:55:00.565   458   458 I Zygote  : Warmed up JCA providers in 3ms.
04-23 14:55:00.565   458   458 D Zygote  : end preload
04-23 14:55:00.567   625   625 I HidlServiceManagement: Registered android.hardware.camera.provider@2.6::ICameraProvider/internal/0
04-23 14:55:00.568   625   625 I LegacySupport: Registration complete for android.hardware.camera.provider@2.6::ICameraProvider/internal/0.
04-23 14:55:00.568   337   337 I hwservicemanager: getTransport: Cannot find entry vendor.mediatek.hardware.camera.ccap@1.0::ICCAPControl/internal/0 in either framework or device VINTF manifest.
04-23 14:55:00.568   573   778 I cameraserver: Connecting to new camera provider: internal/0, isRemote? 1
04-23 14:55:00.569   625   625 E LegacySupport: Could not get passthrough implementation for vendor.mediatek.hardware.camera.ccap@1.0::ICCAPControl/internal/0.
04-23 14:55:00.569   625   625 W camerahalserver: main: register ICCAPControl err:1(Unknown error -1)
04-23 14:55:00.570   337   337 I hwservicemanager: getTransport: Cannot find entry vendor.mediatek.hardware.camera.isphal@1.0::IISPModule/internal/0 in either framework or device VINTF manifest.
04-23 14:55:00.570   625   625 E LegacySupport: Could not get passthrough implementation for vendor.mediatek.hardware.camera.isphal@1.0::IISPModule/internal/0.
04-23 14:55:00.570   625   625 W camerahalserver: main: register IISPModule err:1(Unknown error -1)
04-23 14:55:00.570   337   337 I hwservicemanager: getTransport: Cannot find entry vendor.mediatek.hardware.camera.postproc@1.0::IPostDevice/internal/0 in either framework or device VINTF manifest.
04-23 14:55:00.571   625  1033 W mtkcam-devicemgr: [notifyDeviceStateChange] Not implement, newState=0
04-23 14:55:00.571   625   625 E LegacySupport: Could not get passthrough implementation for vendor.mediatek.hardware.camera.postproc@1.0::IPostDevice/internal/0.
04-23 14:55:00.571   625   625 W camerahalserver: main: register IPostDevice err:1(Unknown error -1)
04-23 14:55:00.574   771   813 E IMGMapper: set:481 Failed to decode data for type SMPTE2086
04-23 14:55:00.574   771   813 E IMGMapper: set:481 Failed to decode data for type CTA861_3
04-23 14:55:00.576   625  1032 W mtkcam-camprovider: [getConcurrentStreamingCameraIds] Not implement, return OK
04-23 14:55:00.576   573   778 I CameraProviderManager: Enumerating new camera device: device@3.6/internal/0
04-23 14:55:00.577   625  1032 I mtkcam-dev3-hidl: 0[HidlCameraDevice3::HidlCameraDevice3] ctor
04-23 14:55:00.577   625   625 I HidlServiceManagement: Registered vendor.mediatek.hardware.camera.bgservice@1.1::IBGService/internal/0
04-23 14:55:00.577   625   625 I LegacySupport: Registration complete for vendor.mediatek.hardware.camera.bgservice@1.1::IBGService/internal/0.
04-23 14:55:00.578   573   778 I CameraProviderManager: Enumerating new camera device: device@3.6/internal/1
04-23 14:55:00.578   625  1032 I mtkcam-dev3-hidl: 1[HidlCameraDevice3::HidlCameraDevice3] ctor
04-23 14:55:00.579   573   778 I CameraProviderManager: Enumerating new camera device: device@3.6/internal/20
04-23 14:55:00.579   625  1032 I mtkcam-dev3-hidl: 2[HidlCameraDevice3::HidlCameraDevice3] ctor
04-23 14:55:00.580   573   778 I CameraProviderManager: Enumerating new camera device: device@3.6/internal/61
04-23 14:55:00.580   625  1032 I mtkcam-dev3-hidl: 3[HidlCameraDevice3::HidlCameraDevice3] ctor
04-23 14:55:00.581   573   778 I CameraProviderManager: Camera provider internal/0 ready with 4 camera devices
04-23 14:55:00.581   573   778 I CameraService: onDeviceStatusChanged: Status changed for cameraId=20, newStatus=1
04-23 14:55:00.581   573   778 I CameraService: onDeviceStatusChanged: Unknown camera ID 20, a new camera is added
04-23 14:55:00.581   573   778 I CameraService: onDeviceStatusChanged: Status changed for cameraId=1, newStatus=1
04-23 14:55:00.581   573   778 I CameraService: onDeviceStatusChanged: Unknown camera ID 1, a new camera is added
04-23 14:55:00.581   573   778 I CameraService: onDeviceStatusChanged: Status changed for cameraId=61, newStatus=1
04-23 14:55:00.581   573   778 I CameraService: onDeviceStatusChanged: Unknown camera ID 61, a new camera is added
04-23 14:55:00.581   573   778 I CameraService: onDeviceStatusChanged: Status changed for cameraId=0, newStatus=1
04-23 14:55:00.581   573   778 I CameraService: onDeviceStatusChanged: Unknown camera ID 0, a new camera is added
04-23 14:55:00.588   646   749 D AAL     : 04-23 02:55:00.522 BL=3925,ESS= 256, 04-23 02:55:00.538 BL=3921,ESS= 256, 04-23 02:55:00.555 BL=3917,ESS= 256, 04-23 02:55:00.571 BL=3913,ESS= 256, 04-23 02:55:00.588 BL=3909,ESS= 256, 
04-23 14:55:00.593   337   337 I hwservicemanager: getTransport: Cannot find entry vendor.mediatek.hardware.camera.atms@1.0::IATMs/default in either framework or device VINTF manifest.
04-23 14:55:00.594   625   625 E LegacySupport: Could not get passthrough implementation for vendor.mediatek.hardware.camera.atms@1.0::IATMs/default.
04-23 14:55:00.594   625   625 W camerahalserver: main: register IATMs err:1(Unknown error -1)
04-23 14:55:00.599   625   625 I mtkcam-module: loading (MODULE_GROUP_ID:3 MODULE_GROUP_COUNT:2 ...
04-23 14:55:00.609   771   813 E IMGMapper: set:481 Failed to decode data for type SMPTE2086
04-23 14:55:00.610   771   813 E IMGMapper: set:481 Failed to decode data for type CTA861_3
04-23 14:55:00.616   456   456 W ServiceManager: Service statscompanion didn't start. Returning NULL
04-23 14:55:00.616   456   456 I statsd  : Statsd starts to listen to socket.
04-23 14:55:00.650   771   813 E IMGMapper: set:481 Failed to decode data for type SMPTE2086
04-23 14:55:00.650   771   813 E IMGMapper: set:481 Failed to decode data for type CTA861_3
04-23 14:55:00.670   646   749 D AAL     : 04-23 02:55:00.604 BL=3905,ESS= 256, 04-23 02:55:00.621 BL=3901,ESS= 256, 04-23 02:55:00.637 BL=3897,ESS= 256, 04-23 02:55:00.654 BL=3893,ESS= 256, 04-23 02:55:00.670 BL=3897,ESS= 256, 
04-23 14:55:00.683   458   458 I zygote  : Explicit concurrent copying GC freed 40173(2293KB) AllocSpace objects, 3(60KB) LOS objects, 49% free, 9360KB/18MB, paused 70us,28us total 117.580ms
04-23 14:55:00.688   520   520 W ccci_fsd(1): O: X://ST02_000, flag 0x700, ret 1
04-23 14:55:00.689   520   520 W ccci_fsd(1): O: Y://ST02_000, flag 0x700, ret 1
04-23 14:55:00.690   520   520 W ccci_fsd(1): O: X://ST04_000, flag 0x700, ret 1
04-23 14:55:00.691   520   520 W ccci_fsd(1): O: Y://ST04_000, flag 0x700, ret 1
04-23 14:55:00.693   771   813 E IMGMapper: set:481 Failed to decode data for type SMPTE2086
04-23 14:55:00.693   771   813 E IMGMapper: set:481 Failed to decode data for type CTA861_3
04-23 14:55:00.718   570   677 W mnld    : thread_adc_capture_init: open_port: Unable to open /dev/gps_emi, retry:9
04-23 14:55:00.721   570   570 W HidlServiceManagement: Waited one second for android.frameworks.sensorservice@1.0::ISensorManager/default
04-23 14:55:00.721   337   337 I hwservicemanager: Since android.frameworks.sensorservice@1.0::ISensorManager/default is not registered, trying to start it as a lazy HAL.
04-23 14:55:00.722   570   570 I HidlServiceManagement: getService: Trying again for android.frameworks.sensorservice@1.0::ISensorManager/default...
04-23 14:55:00.725   337  1037 W libc    : Unable to set property "ctl.interface_start" to "android.frameworks.sensorservice@1.0::ISensorManager/default": error code: 0x20
04-23 14:55:00.725   337  1037 I hwservicemanager: Tried to start android.frameworks.sensorservice@1.0::ISensorManager/default as a lazy service, but was unable to. Usually this happens when a service is not installed, but if the service is intended to be used as a lazy service, then it may be configured incorrectly.
04-23 14:55:00.753   646   749 D AAL     : 04-23 02:55:00.687 BL=3901,ESS= 256, 04-23 02:55:00.703 BL=3905,ESS= 256, 04-23 02:55:00.720 BL=3909,ESS= 256, 04-23 02:55:00.736 BL=3913,ESS= 256, 04-23 02:55:00.753 BL=3917,ESS= 256, 
04-23 14:55:00.753   645   723 D agps    : [agps] WARNING: [AGPS] agps2_gnss_ack_timeout
04-23 14:55:00.753   645   723 D agps    : [agps][n][AGPS] [MNL] write  agps_settings_sync  sib8_16=[1], gps=[1] glonass=[1] beidou=[1] galileo=[1] agps=[1] aglonass=[1] abeidou=[1] agalileo=[1]
04-23 14:55:00.753   645   723 E agps    : [agps] ERR: [MNL] connect() failed, abstract=1 name=[mtk_agps2mnl] reason=[Connection refused]111
04-23 14:55:00.792   705   705 W HidlServiceManagement: Waited one second for android.hardware.usb.gadget@1.0::IUsbGadget/default
04-23 14:55:00.793   337   337 I hwservicemanager: Since android.hardware.usb.gadget@1.0::IUsbGadget/default is not registered, trying to start it as a lazy HAL.
04-23 14:55:00.793   705   705 I HidlServiceManagement: getService: Trying again for android.hardware.usb.gadget@1.0::IUsbGadget/default...
04-23 14:55:00.794   458   458 I zygote  : Explicit concurrent copying GC freed 3885(181KB) AllocSpace objects, 1(28KB) LOS objects, 49% free, 9182KB/17MB, paused 60us,25us total 108.906ms
04-23 14:55:00.794   337  1038 W libc    : Unable to set property "ctl.interface_start" to "android.hardware.usb.gadget@1.0::IUsbGadget/default": error code: 0x20
04-23 14:55:00.794   337  1038 I hwservicemanager: Tried to start android.hardware.usb.gadget@1.0::IUsbGadget/default as a lazy service, but was unable to. Usually this happens when a service is not installed, but if the service is intended to be used as a lazy service, then it may be configured incorrectly.
04-23 14:55:00.802   771   813 E IMGMapper: set:481 Failed to decode data for type SMPTE2086
04-23 14:55:00.802   771   813 E IMGMapper: set:481 Failed to decode data for type CTA861_3
04-23 14:55:00.804   337   337 I hwservicemanager: Since android.frameworks.sensorservice@1.0::ISensorManager/default is not registered, trying to start it as a lazy HAL.
04-23 14:55:00.804   646   752 D AALLightSensor: sensorservice is not ready
04-23 14:55:00.806   337  1039 W libc    : Unable to set property "ctl.interface_start" to "android.frameworks.sensorservice@1.0::ISensorManager/default": error code: 0x20
04-23 14:55:00.806   337  1039 I hwservicemanager: Tried to start android.frameworks.sensorservice@1.0::ISensorManager/default as a lazy service, but was unable to. Usually this happens when a service is not installed, but if the service is intended to be used as a lazy service, then it may be configured incorrectly.
04-23 14:55:00.823   771   813 E IMGMapper: set:481 Failed to decode data for type SMPTE2086
04-23 14:55:00.823   771   813 E IMGMapper: set:481 Failed to decode data for type CTA861_3
04-23 14:55:00.835   646   749 D AAL     : 04-23 02:55:00.769 BL=3921,ESS= 256, 04-23 02:55:00.786 BL=3925,ESS= 256, 04-23 02:55:00.803 BL=3929,ESS= 256, 04-23 02:55:00.819 BL=3933,ESS= 256, 04-23 02:55:00.835 BL=3937,ESS= 256, 
04-23 14:55:00.867   771   813 E IMGMapper: set:481 Failed to decode data for type SMPTE2086
04-23 14:55:00.867   771   813 E IMGMapper: set:481 Failed to decode data for type CTA861_3
04-23 14:55:00.908   771   813 E IMGMapper: set:481 Failed to decode data for type SMPTE2086
04-23 14:55:00.908   771   813 E IMGMapper: set:481 Failed to decode data for type CTA861_3
04-23 14:55:00.918   646   749 D AAL     : 04-23 02:55:00.852 BL=3941,ESS= 256, 04-23 02:55:00.868 BL=3945,ESS= 256, 04-23 02:55:00.885 BL=3949,ESS= 256, 04-23 02:55:00.901 BL=3953,ESS= 256, 04-23 02:55:00.918 BL=3957,ESS= 256, 
04-23 14:55:00.948   771   813 E IMGMapper: set:481 Failed to decode data for type SMPTE2086
04-23 14:55:00.948   771   813 E IMGMapper: set:481 Failed to decode data for type CTA861_3
04-23 14:55:01.001   646   749 D AAL     : 04-23 02:55:00.934 BL=3961,ESS= 256, 04-23 02:55:00.951 BL=3965,ESS= 256, 04-23 02:55:00.967 BL=3969,ESS= 256, 04-23 02:55:00.984 BL=3973,ESS= 256, 04-23 02:55:01.001 BL=3977,ESS= 256, 
04-23 14:55:01.007   771   813 E IMGMapper: set:481 Failed to decode data for type SMPTE2086
04-23 14:55:01.007   771   813 E IMGMapper: set:481 Failed to decode data for type CTA861_3
04-23 14:55:01.074   520   520 W ccci_fsd(1): O: X://NA77_005, flag 0x700, ret 1
04-23 14:55:01.078   520   520 W ccci_fsd(1): O: X://NA77_005, flag 0x10400, ret 1
04-23 14:55:01.083   520   520 W ccci_fsd(1): O: Y://NA77_005, flag 0x10400, ret 1
04-23 14:55:01.083   646   749 D AAL     : 04-23 02:55:01.017 BL=3981,ESS= 256, 04-23 02:55:01.034 BL=3985,ESS= 256, 04-23 02:55:01.050 BL=3989,ESS= 256, 04-23 02:55:01.067 BL=3993,ESS= 256, 04-23 02:55:01.083 BL=3997,ESS= 256, 
04-23 14:55:01.087   520   520 W ccci_fsd(1): O: X://NA77_005, flag 0x21010400, ret 1
04-23 14:55:01.092   520   520 W ccci_fsd(1): O: Y://NA77_005, flag 0x21010400, ret 1
04-23 14:55:01.166   646   749 D AAL     : 04-23 02:55:01.100 BL=4001,ESS= 256, 04-23 02:55:01.116 BL=4005,ESS= 256, 04-23 02:55:01.133 BL=4009,ESS= 256, 04-23 02:55:01.149 BL=4013,ESS= 256, 04-23 02:55:01.166 BL=4017,ESS= 256, 
04-23 14:55:01.169   520   520 W ccci_fsd(1): O: X://NA77_005, flag 0x700, ret 1
04-23 14:55:01.173   520   520 W ccci_fsd(1): O: X://NA77_005, flag 0x10400, ret 1
04-23 14:55:01.176   520   520 W ccci_fsd(1): O: Y://NA77_005, flag 0x10400, ret 1
04-23 14:55:01.179   520   520 W ccci_fsd(1): O: X://NA77_005, flag 0x21010400, ret 1
04-23 14:55:01.185   520   520 W ccci_fsd(1): O: Y://NA77_005, flag 0x21010400, ret 1
04-23 14:55:01.188   481   544 I hwcomposer: [HWCDisplay] [Display_0 (type:1)] fps:15.750786,dur:1142.80,max:186.21,min:8.01  
04-23 14:55:01.195   771   813 E IMGMapper: set:481 Failed to decode data for type SMPTE2086
04-23 14:55:01.196   771   813 E IMGMapper: set:481 Failed to decode data for type CTA861_3
04-23 14:55:01.219   570   677 W mnld    : thread_adc_capture_init: open_port: Unable to open /dev/gps_emi, retry:10
04-23 14:55:01.246   771   813 E IMGMapper: set:481 Failed to decode data for type SMPTE2086
04-23 14:55:01.246   771   813 E IMGMapper: set:481 Failed to decode data for type CTA861_3
04-23 14:55:01.248   646   749 D AAL     : 04-23 02:55:01.183 BL=4021,ESS= 256, 04-23 02:55:01.199 BL=4025,ESS= 256, 04-23 02:55:01.215 BL=4029,ESS= 256, 04-23 02:55:01.232 BL=4033,ESS= 256, 04-23 02:55:01.248 BL=4037,ESS= 256, 
04-23 14:55:01.331   646   749 D AAL     : 04-23 02:55:01.265 BL=4041,ESS= 256, 04-23 02:55:01.281 BL=4045,ESS= 256, 04-23 02:55:01.298 BL=4049,ESS= 256, 04-23 02:55:01.314 BL=4053,ESS= 256, 04-23 02:55:01.331 BL=4057,ESS= 256, 
04-23 14:55:01.370   836   836 I [epdg_wo]: [WOA] wo_msg_sensitive_print: [wosimimsi=0,"***"](29)
04-23 14:55:01.370   836   836 I [epdg_wo]: [WOA] wo_msg_sensitive_print: [wosimimsi:0,0](13)
04-23 14:55:01.370   836   836 I [epdg_wo]: [WOA] wo_msg_sensitive_print: [wosimplmn=0,"***"](19)
04-23 14:55:01.370   836   836 I [epdg_wo]: [WOA] wo_msg_sensitive_print: [wosimplmn:0,0](13)
04-23 14:55:01.371   824   877 I VoLTE IMSMx: IMSMMD -> IMSM : [0] AP_ID_SIMMNGR_SIM_STATE_IND
04-23 14:55:01.371   824   835 D VoLTE IMSM: ===> event queue = 0xf53ca000, sim_id = 0, request_id = 800100 (module/mdagent/volte_imsm_93/src/imsm_handler.c:5829)
04-23 14:55:01.371   824   835 D VoLTE IMSM: MSG_ID_WRAP_MAL_IMSM_SIM_STATE_NOTIFY_IND, data = 1 (module/mdagent/volte_imsm_93/src/imsm_handler.c:5227)
04-23 14:55:01.371   824   835 D VoLTE IMSM: imsm_check_sim_state sim_id = 0 (module/mdagent/volte_imsm_93/src/imsm_handler.c:339)
04-23 14:55:01.371   824   877 I VoLTE IMSMx: IMSMMD -> IMSM : [0] AP_ID_SIMMNGR_USIM_DETECTED_IND
04-23 14:55:01.371   824   835 I VoLTE IMSMx: IMSM -> IMSMMD : [0] AP_ID_SIMMNGR_SIM_STATE_CHECK_REQ
04-23 14:55:01.373   824   877 I VoLTE IMSMx: IMSMMD -> IMSM : [0] AP_ID_SIMMNGR_SIM_STATE_CHECK_CNF
04-23 14:55:01.373   824   835 D VoLTE IMSM: check_sim_state result, sim_id = 0, ret = 0, sim_state = 0, state = 1 (module/mdagent/volte_imsm_93/src/imsm_handler.c:352)
04-23 14:55:01.373   824   835 D VoLTE IMSM: sim state ready mtu size updated (module/mdagent/volte_imsm_93/src/imsm_handler.c:5248)
04-23 14:55:01.373   824   835 D VoLTE IMSM: imsm_check_sim_type sim_id = 0 (module/mdagent/volte_imsm_93/src/imsm_handler.c:291)
04-23 14:55:01.373   824   835 I VoLTE IMSMx: IMSM -> IMSMMD : [0] AP_ID_SIMMNGR_SIM_TYPE_CHECK_REQ
04-23 14:55:01.374   824   877 I VoLTE IMSMx: IMSMMD -> IMSM : [0] AP_ID_SIMMNGR_SIM_TYPE_CHECK_CNF
04-23 14:55:01.374   824   835 D VoLTE IMSM: check_sim_type result, sim_id = 0, usim = 1, isim = 1, ch id = 1, sim_invalid = 0 (module/mdagent/volte_imsm_93/src/imsm_handler.c:316)
04-23 14:55:01.374   824   835 D VoLTE IMSM: **USIM info sim_id = 0** (module/mdagent/volte_imsm_93/src/imsm_handler.c:373)
04-23 14:55:01.375   824   835 I VoLTE IMSMx: IMSM -> IMSMMD : [0] AP_ID_SIMMNGR_QUERY_SIM_INFO_REQ
04-23 14:55:01.375   836   836 I [epdg_wo]: [WOA] wo_msg_sensitive_print: [wosimimei=0,"***"](29)
04-23 14:55:01.375   836   836 I [epdg_wo]: [WOA] wo_msg_sensitive_print: [wosimimei:0,0](13)
04-23 14:55:01.376   824   877 I VoLTE IMSMx: IMSMMD -> IMSM : [0] AP_ID_SIMMNGR_QUERY_SIM_INFO_CNF
04-23 14:55:01.376   824   835 D VoLTE IMSM: CNF QUERY_SIM_INFO[0] USIM_QUERY_IMSI len=18, len = 28 (module/mdagent/volte_imsm_93/src/imsmmd.c:1859)
04-23 14:55:01.376   824   835 I VoLTE IMSMx: IMSM -> IMSMMD : [0] AP_ID_SIMMNGR_QUERY_SIM_INFO_REQ
04-23 14:55:01.390   836   836 I [epdg_wo]: [WOA] wo_msg_sensitive_print: [wosbp=0,127,"***","***"](22)
04-23 14:55:01.390   836   836 I [epdg_wo]: [CFG] Reset settings[0] to default
04-23 14:55:01.390   836   836 I [epdg_wo]: [WOA] wo_msg_sensitive_print: [wosbp:0,0](9)
04-23 14:55:01.390   836   836 I [epdg_wo]: [WOA] wo_msg_sensitive_print: [woemset=0,"ike_algo","***"](78)
04-23 14:55:01.390   836   836 I [epdg_wo]: [WOA] wo_msg_sensitive_print: [woemset:0,"ike_algo",0](22)
04-23 14:55:01.391   836   836 I [epdg_wo]: [WOA] wo_msg_sensitive_print: [woemset=0,"esp_algo","***"](60)
04-23 14:55:01.391   836   836 I [epdg_wo]: [WOA] wo_msg_sensitive_print: [woemset:0,"esp_algo",0](22)
04-23 14:55:01.391   836   836 I [epdg_wo]: [WOA] wo_msg_sensitive_print: [woemset=0,"ike_rekey_timer","***"](35)
04-23 14:55:01.391   836   836 I [epdg_wo]: [WOA] wo_msg_sensitive_print: [woemset:0,"ike_rekey_timer",0](29)
04-23 14:55:01.391   836   836 I [epdg_wo]: [WOA] wo_msg_sensitive_print: [woemset=0,"esp_rekey_timer","***"](35)
04-23 14:55:01.391   836   836 I [epdg_wo]: [WOA] wo_msg_sensitive_print: [woemset:0,"esp_rekey_timer",0](29)
04-23 14:55:01.391   836   836 I [epdg_wo]: [WOA] wo_msg_sensitive_print: [woemset=0,"rekey_margin","***"](30)
04-23 14:55:01.391   836   836 I [epdg_wo]: [WOA] wo_msg_sensitive_print: [woemset:0,"rekey_margin",0](26)
04-23 14:55:01.398   458   458 I zygote  : Background concurrent copying GC freed 144(48KB) AllocSpace objects, 0(0B) LOS objects, 49% free, 9182KB/17MB, paused 50us,25us total 105.896ms
04-23 14:55:01.400   836   836 I [epdg_wo]: [WOA] wo_msg_sensitive_print: [woemset=0,"cert_used","***"](25)
04-23 14:55:01.400   836   836 I [epdg_wo]: [WOA] wo_msg_sensitive_print: [woemset:0,"cert_used",0](23)
04-23 14:55:01.400   836   836 I [epdg_wo]: [WOA] wo_msg_sensitive_print: [woemset=0,"IDr","***"](19)
04-23 14:55:01.400   836   836 I [epdg_wo]: [WOA] wo_msg_sensitive_print: [woemset:0,"IDr",0](17)
04-23 14:55:01.400   836   836 I [epdg_wo]: [WOA] wo_msg_sensitive_print: [woemset=0,"",""](15)
04-23 14:55:01.400   836   836 I [epdg_wo]: [CFG] cfg0: epdg_fqdn=[***],ikev2if=[wlan0],select_info=[***],epdg_identifier=[***],retry_vector=[],
04-23 14:55:01.400   836   836 I [epdg_wo]: [CFG] cfg0: ike_algo=[aes256-sha256-sha1-prfsha256-prfsha1-modp2048-modp1024!],
04-23 14:55:01.400   836   836 I [epdg_wo]: [CFG] cfg0: esp_algo=[aes256-sha256-sha1-modp2048-modp1024!],
04-23 14:55:01.401   836   836 I [epdg_wo]: [CFG] cfg0: ike_rekey_timer=[86400],esp_rekey_timer=[28800],rekey_margin=[300],dpd_timer=[120],keep_timer=[20],esp_setup_time=[15],pdn_setup_time=[295],cert_used=[0],urlcert=[0],ocsp=[0],nocert=[1],skip_check_cert=[0],noid=[1],force_tsi_64=[1],force_tsi_full=[1],use_cfg_vip=[0],reauth_addr=[0],dpd_no_reply=[0],pre_post_ping=[0],log_level=[1],wdrv_keep_alive=[1],fragment=[0],mobike=[0],oos=[7],retrans_to=[2],retrans_tries=[4],retrans_base=[1],mtu=[1280],mss4_off=[68],mss6_off=[88],cust_pcscf_4=[20],cust_pcscf_6=[21],cust_imei_cp=[0],port=[10500],port_natt=[14500],cpa_nm=[0],cpa_dns4=[1],cpa_dns6=[1],no_ic=[0],no_eap=[0],ike_dscp=[0],IDi=[0],IDr=[1],leftauth=[0],eap=[0],fastreauth=[0],dns_timer=[0],dns_type=[3],dns_max_count=[254],dns_cache=[1],redirect=[0],max_redirects=[5],redirect_loop_detect=[300],detach_soft_timer=[3],detach_hard_timer=[300],
04-23 14:55:01.401   836   836 I [epdg_wo]: [CFG] cfg0: fdpd_retrans_to=[1],fdpd_retrans_tries=[2],fdpd_retrans_base=[1],certreq_critical=[0],pcscf_restore=[0],liveness_check=[0],device_identity=[0],abort_mode=[0],ho_ip_disc=[0],emerg_epdg=[0],try_epdg_policy=[0],imei_format=[0],leave_standby_dpd=[0],send_del_ike_auth_ntfy_err=[0],epdg_max_fqdn_count=[2],epdg_max_fast_try=[3],epdg_max_try_per_fqdn=[6],epdg_fast_retry_time=[0],epdg_backoff_start_time=[300],custom_backoff_rule=[0],epdg_select_policy=[0],
04-23 14:55:01.401   836   836 I [epdg_wo]: [WOA] wo_msg_sensitive_print: [woemset:0,"",-1](15)
04-23 14:55:01.412   771   813 E IMGMapper: set:481 Failed to decode data for type SMPTE2086
04-23 14:55:01.412   771   813 E IMGMapper: set:481 Failed to decode data for type CTA861_3
04-23 14:55:01.414   646   749 D AAL     : 04-23 02:55:01.348 BL=4061,ESS= 256, 04-23 02:55:01.364 BL=4065,ESS= 256, 04-23 02:55:01.380 BL=4069,ESS= 256, 04-23 02:55:01.397 BL=4073,ESS= 256, 04-23 02:55:01.414 BL=4075,ESS= 256, 
04-23 14:55:01.427   824   877 I VoLTE IMSMx: IMSMMD -> IMSM : [0] AP_ID_SIMMNGR_ISIM_CH_IND
04-23 14:55:01.469   836   836 I [epdg_wo]: [WOA] wo_msg_sensitive_print: [wosimimsi=1,"***"](29)
04-23 14:55:01.469   836   836 I [epdg_wo]: [WOA] wo_msg_sensitive_print: [wosimimsi:1,0](13)
04-23 14:55:01.469   836   836 I [epdg_wo]: [WOA] wo_msg_sensitive_print: [wosimplmn=1,"***"](19)
04-23 14:55:01.469   836   836 I [epdg_wo]: [WOA] wo_msg_sensitive_print: [wosimplmn:1,0](13)
04-23 14:55:01.469   824   877 I VoLTE IMSMx: IMSMMD -> IMSM : [1] AP_ID_SIMMNGR_SIM_STATE_IND
04-23 14:55:01.469   824   832 D VoLTE IMSM: ===> event queue = 0xf53ca028, sim_id = 1, request_id = 17577316 (module/mdagent/volte_imsm_93/src/imsm_handler.c:5829)
04-23 14:55:01.469   824   832 D VoLTE IMSM: MSG_ID_WRAP_MAL_IMSM_SIM_STATE_NOTIFY_IND, data = 1 (module/mdagent/volte_imsm_93/src/imsm_handler.c:5227)
04-23 14:55:01.469   824   832 D VoLTE IMSM: imsm_check_sim_state sim_id = 1 (module/mdagent/volte_imsm_93/src/imsm_handler.c:339)
04-23 14:55:01.469   824   832 I VoLTE IMSMx: IMSM -> IMSMMD : [1] AP_ID_SIMMNGR_SIM_STATE_CHECK_REQ
04-23 14:55:01.471   824   877 I VoLTE IMSMx: IMSMMD -> IMSM : [1] AP_ID_SIMMNGR_USIM_DETECTED_IND
04-23 14:55:01.473   836   836 I [epdg_wo]: [WOA] wo_msg_sensitive_print: [wosbp=1,137,"***","***"](22)
04-23 14:55:01.473   836   836 I [epdg_wo]: [CFG] Reset settings[1] to default
04-23 14:55:01.473   836   836 I [epdg_wo]: [WOA] wo_msg_sensitive_print: [wosbp:1,0](9)
04-23 14:55:01.473   836   836 I [epdg_wo]: [WOA] wo_msg_sensitive_print: [woemset=1,"retry_vector","***"](133)
04-23 14:55:01.473   836   836 I [epdg_wo]: [WOA] wo_msg_sensitive_print: [woemset:1,"retry_vector",0](26)
04-23 14:55:01.473   836   836 I [epdg_wo]: [WOA] wo_msg_sensitive_print: [woemset=1,"ike_algo","***"](84)
04-23 14:55:01.473   836   836 I [epdg_wo]: [WOA] wo_msg_sensitive_print: [woemset:1,"ike_algo",0](22)
04-23 14:55:01.473   836   836 I [epdg_wo]: [WOA] wo_msg_sensitive_print: [woemset=1,"esp_algo","***"](66)
04-23 14:55:01.473   836   836 I [epdg_wo]: [WOA] wo_msg_sensitive_print: [woemset:1,"esp_algo",0](22)
04-23 14:55:01.473   836   836 I [epdg_wo]: [WOA] wo_msg_sensitive_print: [woemset=1,"ike_rekey_timer","***"](35)
04-23 14:55:01.473   836   836 I [epdg_wo]: [WOA] wo_msg_sensitive_print: [woemset:1,"ike_rekey_timer",0](29)
04-23 14:55:01.473   836   836 I [epdg_wo]: [WOA] wo_msg_sensitive_print: [woemset=1,"esp_rekey_timer","***"](35)
04-23 14:55:01.473   836   836 I [epdg_wo]: [WOA] wo_msg_sensitive_print: [woemset:1,"esp_rekey_timer",0](29)
04-23 14:55:01.473   836   836 I [epdg_wo]: [WOA] wo_msg_sensitive_print: [woemset=1,"rekey_margin","***"](30)
04-23 14:55:01.473   836   836 I [epdg_wo]: [WOA] wo_msg_sensitive_print: [woemset:1,"rekey_margin",0](26)
04-23 14:55:01.474   824   877 I VoLTE IMSMx: IMSMMD -> IMSM : [1] AP_ID_SIMMNGR_SIM_STATE_CHECK_CNF
04-23 14:55:01.474   824   832 D VoLTE IMSM: check_sim_state result, sim_id = 1, ret = 0, sim_state = 0, state = 1 (module/mdagent/volte_imsm_93/src/imsm_handler.c:352)
04-23 14:55:01.474   824   832 D VoLTE IMSM: sim state ready mtu size updated (module/mdagent/volte_imsm_93/src/imsm_handler.c:5248)
04-23 14:55:01.474   824   832 D VoLTE IMSM: imsm_check_sim_type sim_id = 1 (module/mdagent/volte_imsm_93/src/imsm_handler.c:291)
04-23 14:55:01.474   824   832 I VoLTE IMSMx: IMSM -> IMSMMD : [1] AP_ID_SIMMNGR_SIM_TYPE_CHECK_REQ
04-23 14:55:01.475   824   877 I VoLTE IMSMx: IMSMMD -> IMSM : [1] AP_ID_SIMMNGR_SIM_TYPE_CHECK_CNF
04-23 14:55:01.475   824   832 D VoLTE IMSM: check_sim_type result, sim_id = 1, usim = 1, isim = 0, ch id = 0, sim_invalid = 0 (module/mdagent/volte_imsm_93/src/imsm_handler.c:316)
04-23 14:55:01.475   824   832 D VoLTE IMSM: **USIM info sim_id = 1** (module/mdagent/volte_imsm_93/src/imsm_handler.c:373)
04-23 14:55:01.475   824   832 I VoLTE IMSMx: IMSM -> IMSMMD : [1] AP_ID_SIMMNGR_QUERY_SIM_INFO_REQ
04-23 14:55:01.476   824   877 I VoLTE IMSMx: IMSMMD -> IMSM : [1] AP_ID_SIMMNGR_QUERY_SIM_INFO_CNF
04-23 14:55:01.476   824   832 D VoLTE IMSM: CNF QUERY_SIM_INFO[1] USIM_QUERY_IMSI len=18, len = 28 (module/mdagent/volte_imsm_93/src/imsmmd.c:1859)
04-23 14:55:01.477   824   832 I VoLTE IMSMx: IMSM -> IMSMMD : [1] AP_ID_SIMMNGR_QUERY_SIM_INFO_REQ
04-23 14:55:01.483   836   836 I [epdg_wo]: [WOA] wo_msg_sensitive_print: [woemset=1,"keep_timer","***"](27)
04-23 14:55:01.483   836   836 I [epdg_wo]: [WOA] wo_msg_sensitive_print: [woemset:1,"keep_timer",0](24)
04-23 14:55:01.483   836   836 I [epdg_wo]: [WOA] wo_msg_sensitive_print: [woemset=1,"cert_used","***"](25)
04-23 14:55:01.483   836   836 I [epdg_wo]: [WOA] wo_msg_sensitive_print: [woemset:1,"cert_used",0](23)
04-23 14:55:01.484   836   836 I [epdg_wo]: [WOA] wo_msg_sensitive_print: [woemset=1,"cust_pcscf_4","***"](32)
04-23 14:55:01.484   836   836 I [epdg_wo]: [WOA] wo_msg_sensitive_print: [woemset:1,"cust_pcscf_4",0](26)
04-23 14:55:01.484   836   836 I [epdg_wo]: [WOA] wo_msg_sensitive_print: [woemset=1,"cust_pcscf_6","***"](32)
04-23 14:55:01.484   836   836 I [epdg_wo]: [WOA] wo_msg_sensitive_print: [woemset:1,"cust_pcscf_6",0](26)
04-23 14:55:01.484   836   836 I [epdg_wo]: [WOA] wo_msg_sensitive_print: [woemset=1,"IDr","***"](19)
04-23 14:55:01.484   836   836 I [epdg_wo]: [WOA] wo_msg_sensitive_print: [woemset:1,"IDr",0](17)
04-23 14:55:01.484   836   836 I [epdg_wo]: [WOA] wo_msg_sensitive_print: [woemset=1,"abort_mode","***"](26)
04-23 14:55:01.484   836   836 I [epdg_wo]: [WOA] wo_msg_sensitive_print: [woemset:1,"abort_mode",0](24)
04-23 14:55:01.484   836   836 I [epdg_wo]: [WOA] wo_msg_sensitive_print: [woemset=1,"",""](15)
04-23 14:55:01.484   836   836 I [epdg_wo]: [CFG] cfg1: epdg_fqdn=[***],ikev2if=[wlan0],select_info=[***],epdg_identifier=[***],retry_vector=['rst=ssid','24,30,30,43200','1040-1041,30,60,120,300,900','1081-1111,30,30,43200','8192-11011,30,30,43200'],
04-23 14:55:01.484   836   836 I [epdg_wo]: [CFG] cfg1: ike_algo=[aes128-aes256-sha1-sha256-prfsha1-prfsha256-modp1024-modp2048],
04-23 14:55:01.484   836   836 I [epdg_wo]: [CFG] cfg1: esp_algo=[aes128-aes256-sha1-sha256-modp1024-modp2048],
04-23 14:55:01.484   836   836 I [epdg_wo]: [CFG] cfg1: ike_rekey_timer=[86400],esp_rekey_timer=[28800],rekey_margin=[180],dpd_timer=[120],keep_timer=[30],esp_setup_time=[15],pdn_setup_time=[295],cert_used=[0],urlcert=[0],ocsp=[0],nocert=[1],skip_check_cert=[0],noid=[1],force_tsi_64=[1],force_tsi_full=[1],use_cfg_vip=[0],reauth_addr=[0],dpd_no_reply=[0],pre_post_ping=[0],log_level=[1],wdrv_keep_alive=[1],fragment=[0],mobike=[0],oos=[7],retrans_to=[2],retrans_tries=[4],retrans_base=[1],mtu=[1280],mss4_off=[68],mss6_off=[88],cust_pcscf_4=[16389],cust_pcscf_6=[16390],cust_imei_cp=[0],port=[10500],port_natt=[14500],cpa_nm=[0],cpa_dns4=[1],cpa_dns6=[1],no_ic=[0],no_eap=[0],ike_dscp=[0],IDi=[0],IDr=[1],leftauth=[0],eap=[0],fastreauth=[0],dns_timer=[0],dns_type=[3],dns_max_count=[254],dns_cache=[1],redirect=[0],max_redirects=[5],redirect_loop_detect=[300],detach_soft_timer=[3],detach_hard_timer=[300],
04-23 14:55:01.484   836   836 I [epdg_wo]: [CFG] cfg1: fdpd_retrans_to=[1],fdpd_retrans_tries=[2],fdpd_retrans_base=[1],certreq_critical=[0],pcscf_restore=[0],liveness_check=[0],device_identity=[0],abort_mode=[1],ho_ip_disc=[0],emerg_epdg=[0],try_epdg_policy=[0],imei_format=[0],leave_standby_dpd=[0],send_del_ike_auth_ntfy_err=[0],epdg_max_fqdn_count=[2],epdg_max_fast_try=[3],epdg_max_try_per_fqdn=[6],epdg_fast_retry_time=[0],epdg_backoff_start_time=[300],custom_backoff_rule=[0],epdg_select_policy=[0],
04-23 14:55:01.484   836   836 I [epdg_wo]: [WOA] wo_msg_sensitive_print: [woemset:1,"",-1](15)
04-23 14:55:01.484   836   836 I [epdg_wo]: [WOA] wo_msg_sensitive_print: [wosimimei=1,"***"](29)
04-23 14:55:01.484   836   836 I [epdg_wo]: [WOA] wo_msg_sensitive_print: [wosimimei:1,0](13)
04-23 14:55:01.509   458   458 D Zygote  : Forked child process 1042
04-23 14:55:01.509   458   458 I Zygote  : System server process 1042 has been created
04-23 14:55:01.510   458   458 I Zygote  : Accepting command socket connections
04-23 14:55:01.569   836   836 I [epdg_wo]: [WOA] wo_msg_sensitive_print: [wohplmn=0,"***"](29)
04-23 14:55:01.569   836   836 I [epdg_wo]: [WOA] wo_msg_sensitive_print: [wohplmn:0,0](11)
04-23 14:55:01.572   771   813 E IMGMapper: set:481 Failed to decode data for type SMPTE2086
04-23 14:55:01.572   771   813 E IMGMapper: set:481 Failed to decode data for type CTA861_3
04-23 14:55:01.576   824   877 I VoLTE IMSMx: IMSMMD -> IMSM : [1] AP_ID_SIMMNGR_QUERY_SIM_INFO_CNF
04-23 14:55:01.576   824   832 I VoLTE IMSMx: IMSM -> IMSMMD : [1] AP_ID_SIMMNGR_QUERY_SIM_INFO_REQ
04-23 14:55:01.594   771   813 E IMGMapper: set:481 Failed to decode data for type SMPTE2086
04-23 14:55:01.594   771   813 E IMGMapper: set:481 Failed to decode data for type CTA861_3
04-23 14:55:01.596   836   836 I [epdg_wo]: [WOA] wo_msg_sensitive_print: [wooplmn=0,"***"](29)
04-23 14:55:01.597   836  1030 I [epdg_wo]: [WOA] wo_msg_sensitive_print: [wooplmn:0,0](11)
04-23 14:55:01.624   824   877 I VoLTE IMSMx: IMSMMD -> IMSM : [0] AP_ID_SIMMNGR_QUERY_SIM_INFO_CNF
04-23 14:55:01.624   824   835 I VoLTE IMSMx: IMSM -> IMSMMD : [0] AP_ID_SIMMNGR_QUERY_SIM_INFO_REQ
04-23 14:55:01.635   771   813 E IMGMapper: set:481 Failed to decode data for type SMPTE2086
04-23 14:55:01.635   771   813 E IMGMapper: set:481 Failed to decode data for type CTA861_3
04-23 14:55:01.638   836   836 I [epdg_wo]: [WOA] wo_msg_sensitive_print: [wosimimpi=0,"***"](63)
04-23 14:55:01.638   836   836 I [epdg_wo]: [WOA] wo_msg_sensitive_print: [wosimimpi:0,0](13)
04-23 14:55:01.651   836   836 I [epdg_wo]: [WOA] wo_msg_sensitive_print: [wohplmn=1,"***"](23)
04-23 14:55:01.652   836   836 I [epdg_wo]: [WOA] wo_msg_sensitive_print: [wohplmn:1,0](11)
04-23 14:55:01.671   836   836 I [epdg_wo]: [WOA] wo_msg_sensitive_print: [wooplmn=1,"***"](23)
04-23 14:55:01.671   836  1030 I [epdg_wo]: [WOA] wo_msg_sensitive_print: [wooplmn:1,0](11)
04-23 14:55:01.676   771   813 E IMGMapper: set:481 Failed to decode data for type SMPTE2086
04-23 14:55:01.676   771   813 E IMGMapper: set:481 Failed to decode data for type CTA861_3
04-23 14:55:01.700   824   877 I VoLTE IMSMx: IMSMMD -> IMSM : [0] AP_ID_SIMMNGR_QUERY_SIM_INFO_CNF
04-23 14:55:01.700   824   835 I VoLTE IMSMx: IMSM -> IMSMMD : [0] AP_ID_SIMMNGR_QUERY_SIM_INFO_REQ
04-23 14:55:01.701   824   877 I VoLTE IMSMx: IMSMMD -> IMSM : [0] AP_ID_SIMMNGR_QUERY_SIM_INFO_CNF
04-23 14:55:01.701   824   835 D VoLTE IMSM: service_table[2] = 159, msisdn support (module/mdagent/volte_imsm_93/src/imsm_handler.c:529)
04-23 14:55:01.702   824   835 I VoLTE IMSMx: IMSM -> IMSMMD : [0] AP_ID_SIMMNGR_QUERY_SIM_INFO_REQ
04-23 14:55:01.708   824   877 I VoLTE IMSMx: IMSMMD -> IMSM : [1] AP_ID_SIMMNGR_QUERY_SIM_INFO_CNF
04-23 14:55:01.708   824   832 I VoLTE IMSMx: IMSM -> IMSMMD : [1] AP_ID_SIMMNGR_QUERY_SIM_INFO_REQ
04-23 14:55:01.709   824   877 I VoLTE IMSMx: IMSMMD -> IMSM : [1] AP_ID_SIMMNGR_QUERY_SIM_INFO_CNF
04-23 14:55:01.709   824   832 D VoLTE IMSM: service_table[2] = 23, msisdn support (module/mdagent/volte_imsm_93/src/imsm_handler.c:529)
04-23 14:55:01.709   824   832 I VoLTE IMSMx: IMSM -> IMSMMD : [1] AP_ID_SIMMNGR_QUERY_SIM_INFO_REQ
04-23 14:55:01.714   591   628 W ServiceManager: Service package_native didn't start. Returning NULL
04-23 14:55:01.714   591   628 E ServiceUtilities: getInfo: Cannot find package_native
04-23 14:55:01.714   614   614 W ServiceManager: Service package_native didn't start. Returning NULL
04-23 14:55:01.715   614   614 E storaged: getService package_native failed
04-23 14:55:01.712   482   482 I health@2.1-serv: type=1400 audit(0.0:175): avc: denied { read } for name="present" dev="sysfs" ino=38217 scontext=u:r:hal_health_default:s0 tcontext=u:object_r:sysfs:s0 tclass=file permissive=1
04-23 14:55:01.712   482   482 I health@2.1-serv: type=1400 audit(0.0:176): avc: denied { open } for path="/sys/devices/platform/1000d000.pwrap/1000d000.pwrap:main_pmic/mt6357-gauge/power_supply/battery/present" dev="sysfs" ino=38217 scontext=u:r:hal_health_default:s0 tcontext=u:object_r:sysfs:s0 tclass=file permissive=1
04-23 14:55:01.716   482   482 I health@2.1-serv: type=1400 audit(0.0:177): avc: denied { getattr } for path="/sys/devices/platform/1000d000.pwrap/1000d000.pwrap:main_pmic/mt6357-gauge/power_supply/battery/present" dev="sysfs" ino=38217 scontext=u:r:hal_health_default:s0 tcontext=u:object_r:sysfs:s0 tclass=file permissive=1
04-23 14:55:01.718   771   813 E IMGMapper: set:481 Failed to decode data for type SMPTE2086
04-23 14:55:01.718   771   813 E IMGMapper: set:481 Failed to decode data for type CTA861_3
04-23 14:55:01.719   570   677 E mnld    : thread_adc_capture_init: open gps_emi failed
04-23 14:55:01.722   614  1051 I storaged: storaged: Start
04-23 14:55:01.722   570   570 W HidlServiceManagement: Waited one second for android.frameworks.sensorservice@1.0::ISensorManager/default
04-23 14:55:01.723   337   337 I hwservicemanager: Since android.frameworks.sensorservice@1.0::ISensorManager/default is not registered, trying to start it as a lazy HAL.
04-23 14:55:01.723   570   570 I HidlServiceManagement: getService: Trying again for android.frameworks.sensorservice@1.0::ISensorManager/default...
04-23 14:55:01.724   614  1048 I ServiceManager: Waiting for service 'package_native' on '/dev/binder'...
04-23 14:55:01.724   337  1052 W libc    : Unable to set property "ctl.interface_start" to "android.frameworks.sensorservice@1.0::ISensorManager/default": error code: 0x20
04-23 14:55:01.724   337  1052 I hwservicemanager: Tried to start android.frameworks.sensorservice@1.0::ISensorManager/default as a lazy service, but was unable to. Usually this happens when a service is not installed, but if the service is intended to be used as a lazy service, then it may be configured incorrectly.
04-23 14:55:01.759   771   813 E IMGMapper: set:481 Failed to decode data for type SMPTE2086
04-23 14:55:01.759   771   813 E IMGMapper: set:481 Failed to decode data for type CTA861_3
04-23 14:55:01.765   824   877 I VoLTE IMSMx: IMSMMD -> IMSM : [1] AP_ID_SIMMNGR_QUERY_SIM_INFO_CNF
04-23 14:55:01.765   824   832 D VoLTE IMSM: CNF QUERY_SIM_INFO[1] USIM_QUERY_MSISDN, len = 11 (module/mdagent/volte_imsm_93/src/imsmmd.c:1949)
04-23 14:55:01.765   824   832 I VoLTE IMSMx: IMSM -> IMSMMD : [1] AP_ID_SIMMNGR_QUERY_SIM_INFO_REQ
