04-23 14:55:05.811   646   752 D AALLightSensor: sensorservice is not ready
04-23 14:55:05.812   337  1126 W libc    : Unable to set property "ctl.interface_start" to "android.frameworks.sensorservice@1.0::ISensorManager/default": error code: 0x20
04-23 14:55:05.812   337  1126 I hwservicemanager: Tried to start android.frameworks.sensorservice@1.0::ISensorManager/default as a lazy service, but was unable to. Usually this happens when a service is not installed, but if the service is intended to be used as a lazy service, then it may be configured incorrectly.
04-23 14:55:05.812   575   575 W idmap2d : failed to parse idmap header of '/data/resource-cache/product@overlay@IconPackRoundedSystemUI@IconPackRoundedSystemUIOverlay.apk@idmap'
04-23 14:55:05.821   575   575 W idmap2d : failed to find resource 'drawable/ic_brightness_thumb'
04-23 14:55:05.822   575   575 W idmap2d : failed to find resource 'drawable/ic_camera'
04-23 14:55:05.829   575   575 W idmap2d : failed to find resource 'drawable/ic_drag_handle'
04-23 14:55:05.834   771   813 E IMGMapper: set:481 Failed to decode data for type SMPTE2086
04-23 14:55:05.835   771   813 E IMGMapper: set:481 Failed to decode data for type CTA861_3
04-23 14:55:05.840   646   749 D AAL     : 04-23 02:55:05.774 BL=3583,ESS= 256, 04-23 02:55:05.790 BL=3579,ESS= 256, 04-23 02:55:05.807 BL=3575,ESS= 256, 04-23 02:55:05.823 BL=3571,ESS= 256, 04-23 02:55:05.840 BL=3567,ESS= 256, 
04-23 14:55:05.842   575   575 W idmap2d : failed to find resource 'drawable/ic_qs_bluetooth_on'
04-23 14:55:05.845   575   575 W idmap2d : failed to find resource 'drawable/ic_qs_wifi_0'
04-23 14:55:05.846   575   575 W idmap2d : failed to find resource 'drawable/ic_qs_wifi_1'
04-23 14:55:05.848   575   575 W idmap2d : failed to find resource 'drawable/ic_qs_wifi_2'
04-23 14:55:05.849   575   575 W idmap2d : failed to find resource 'drawable/ic_qs_wifi_3'
04-23 14:55:05.851   575   575 W idmap2d : failed to find resource 'drawable/ic_qs_wifi_4'
04-23 14:55:05.855   575   575 W idmap2d : failed to find resource 'drawable/ic_settings_16dp'
04-23 14:55:05.857   575   575 W idmap2d : failed to find resource 'drawable/ic_tune_black_16dp'
04-23 14:55:05.865   575   575 W idmap2d : failed to find resource 'drawable/ic_volume_voice'
04-23 14:55:05.867   575   575 W idmap2d : failed to find resource 'drawable/stat_sys_camera'
04-23 14:55:05.869   575   575 W idmap2d : failed to find resource 'drawable/stat_sys_mic_none'
04-23 14:55:05.872   575  1122 W idmap2d : failed to parse idmap header of '/data/resource-cache/product@overlay@IconShapeTaperedRect@IconShapeTaperedRectOverlay.apk@idmap'
04-23 14:55:05.876   771   813 E IMGMapper: set:481 Failed to decode data for type SMPTE2086
04-23 14:55:05.876   771   813 E IMGMapper: set:481 Failed to decode data for type CTA861_3
04-23 14:55:05.877   575   575 W idmap2d : failed to find resource 'string/icon_shape_tapered_rect_overlay'
04-23 14:55:05.879   575   575 W idmap2d : failed to parse idmap header of '/data/resource-cache/product@overlay@IconPackRoundedAndroid@IconPackRoundedAndroidOverlay.apk@idmap'
04-23 14:55:05.891  1042  1059 I system_server: Background concurrent copying GC freed 349614(20MB) AllocSpace objects, 140(7400KB) LOS objects, 49% free, 10MB/21MB, paused 179us,67us total 261.440ms
04-23 14:55:05.903   575  1122 W idmap2d : failed to find resource 'string/config_signalXPath'
04-23 14:55:05.918   771   813 E IMGMapper: set:481 Failed to decode data for type SMPTE2086
04-23 14:55:05.918   771   813 E IMGMapper: set:481 Failed to decode data for type CTA861_3
04-23 14:55:05.922   646   749 D AAL     : 04-23 02:55:05.856 BL=3563,ESS= 256, 04-23 02:55:05.873 BL=3559,ESS= 256, 04-23 02:55:05.889 BL=3555,ESS= 256, 04-23 02:55:05.906 BL=3551,ESS= 256, 04-23 02:55:05.922 BL=3547,ESS= 256, 
04-23 14:55:05.924   575   575 W idmap2d : failed to parse idmap header of '/data/resource-cache/product@overlay@IconPackVictorSystemUI@IconPackVictorSystemUIOverlay.apk@idmap'
04-23 14:55:05.949   575   575 W idmap2d : failed to find resource 'anim/$$lock_lock__4__2'
04-23 14:55:05.950   575   575 W idmap2d : failed to find resource 'anim/$$lock_lock__4__3'
04-23 14:55:05.960   771   813 E IMGMapper: set:481 Failed to decode data for type SMPTE2086
04-23 14:55:05.960   771   813 E IMGMapper: set:481 Failed to decode data for type CTA861_3
04-23 14:55:06.002   771   813 E IMGMapper: set:481 Failed to decode data for type SMPTE2086
04-23 14:55:06.002   771   813 E IMGMapper: set:481 Failed to decode data for type CTA861_3
04-23 14:55:06.005   646   749 D AAL     : 04-23 02:55:05.939 BL=3543,ESS= 256, 04-23 02:55:05.955 BL=3539,ESS= 256, 04-23 02:55:05.972 BL=3535,ESS= 256, 04-23 02:55:05.988 BL=3531,ESS= 256, 04-23 02:55:06.005 BL=3535,ESS= 256, 
04-23 14:55:06.025   575   575 W idmap2d : failed to find resource 'anim/$$lock_unlock__4__2'
04-23 14:55:06.026   575   575 W idmap2d : failed to find resource 'anim/$$lock_unlock__4__3'
04-23 14:55:06.042   771   813 D BootAnimation: Playing files = /product/media/bootanimation.zip/part1, Requested repeat = 0, playUntilComplete = true
04-23 14:55:06.044   771   813 E IMGMapper: set:481 Failed to decode data for type SMPTE2086
04-23 14:55:06.044   771   813 E IMGMapper: set:481 Failed to decode data for type CTA861_3
04-23 14:55:06.082   575   575 W idmap2d : failed to find resource 'drawable/ic_brightness_thumb'
04-23 14:55:06.083   575   575 W idmap2d : failed to find resource 'drawable/ic_camera'
04-23 14:55:06.086   771   813 E IMGMapper: set:481 Failed to decode data for type SMPTE2086
04-23 14:55:06.086   771   813 E IMGMapper: set:481 Failed to decode data for type CTA861_3
04-23 14:55:06.088   646   749 D AAL     : 04-23 02:55:06.022 BL=3539,ESS= 256, 04-23 02:55:06.038 BL=3543,ESS= 256, 04-23 02:55:06.055 BL=3547,ESS= 256, 04-23 02:55:06.071 BL=3551,ESS= 256, 04-23 02:55:06.087 BL=3555,ESS= 256, 
04-23 14:55:06.089   575   575 W idmap2d : failed to find resource 'drawable/ic_drag_handle'
04-23 14:55:06.100   575   575 W idmap2d : failed to find resource 'drawable/ic_qs_wifi_0'
04-23 14:55:06.102   575   575 W idmap2d : failed to find resource 'drawable/ic_qs_wifi_1'
04-23 14:55:06.103   575   575 W idmap2d : failed to find resource 'drawable/ic_qs_wifi_2'
04-23 14:55:06.105   575   575 W idmap2d : failed to find resource 'drawable/ic_qs_wifi_3'
04-23 14:55:06.106   575   575 W idmap2d : failed to find resource 'drawable/ic_qs_wifi_4'
04-23 14:55:06.109   575   575 W idmap2d : failed to find resource 'drawable/ic_screenshot'
04-23 14:55:06.113   575   575 W idmap2d : failed to find resource 'drawable/ic_tune_black_16dp'
04-23 14:55:06.121   575   575 W idmap2d : failed to find resource 'drawable/ic_volume_voice'
04-23 14:55:06.124   575   575 W idmap2d : failed to find resource 'drawable/stat_sys_mic_none'
04-23 14:55:06.127   575  1122 W idmap2d : failed to parse idmap header of '/data/resource-cache/product@overlay@IconPackCircularThemePicker@IconPackCircularThemePickerOverlay.apk@idmap'
04-23 14:55:06.127   771   813 E IMGMapper: set:481 Failed to decode data for type SMPTE2086
04-23 14:55:06.128   771   813 E IMGMapper: set:481 Failed to decode data for type CTA861_3
04-23 14:55:06.132   575  1122 W idmap2d : failed to find resource 'drawable/ic_wifi_24px'
04-23 14:55:06.134   575  1123 W idmap2d : failed to parse idmap header of '/data/resource-cache/product@overlay@DisplayCutoutEmulationHole@DisplayCutoutEmulationHoleOverlay.apk@idmap'
04-23 14:55:06.138   575   575 W idmap2d : failed to find resource 'string/display_cutout_emulation_overlay'
04-23 14:55:06.140   575   575 W idmap2d : failed to parse idmap header of '/data/resource-cache/product@overlay@DisplayCutoutEmulationTall@DisplayCutoutEmulationTallOverlay.apk@idmap'
04-23 14:55:06.144   575   575 W idmap2d : failed to find resource 'string/display_cutout_emulation_overlay'
04-23 14:55:06.147   575   575 W idmap2d : failed to parse idmap header of '/data/resource-cache/product@overlay@NetworkStackOverlay.apk@idmap'
04-23 14:55:06.149   575   575 W idmap2d : failed to parse idmap header of '/data/resource-cache/product@overlay@NavigationBarMode3Button@NavigationBarMode3ButtonOverlay.apk@idmap'
04-23 14:55:06.152   575   575 W idmap2d : failed to find resource 'string/navigation_bar_mode_title'
04-23 14:55:06.153   575   575 W idmap2d : failed to parse idmap header of '/data/resource-cache/product@overlay@IconPackRoundedLauncher@IconPackRoundedLauncherOverlay.apk@idmap'
04-23 14:55:06.163   575  1123 W idmap2d : failed to find resource 'drawable/ic_select'
04-23 14:55:06.165   575  1123 W idmap2d : failed to find resource 'drawable/ic_smartspace_preferences'
04-23 14:55:06.169   575  1123 W idmap2d : failed to parse idmap header of '/data/resource-cache/product@overlay@IconPackKaiSettings@IconPackKaiSettingsOverlay.apk@idmap'
04-23 14:55:06.169   771   813 E IMGMapper: set:481 Failed to decode data for type SMPTE2086
04-23 14:55:06.169   771   813 E IMGMapper: set:481 Failed to decode data for type CTA861_3
04-23 14:55:06.171   646   749 D AAL     : 04-23 02:55:06.104 BL=3559,ESS= 256, 04-23 02:55:06.121 BL=3563,ESS= 256, 04-23 02:55:06.137 BL=3567,ESS= 256, 04-23 02:55:06.154 BL=3571,ESS= 256, 04-23 02:55:06.171 BL=3567,ESS= 256, 
04-23 14:55:06.204   575   575 W idmap2d : failed to find resource 'drawable/ic_headset_24dp'
04-23 14:55:06.211   771   813 E IMGMapper: set:481 Failed to decode data for type SMPTE2086
04-23 14:55:06.211   771   813 E IMGMapper: set:481 Failed to decode data for type CTA861_3
04-23 14:55:06.253   646   749 D AAL     : 04-23 02:55:06.187 BL=3563,ESS= 256, 04-23 02:55:06.203 BL=3559,ESS= 256, 04-23 02:55:06.220 BL=3555,ESS= 256, 04-23 02:55:06.236 BL=3551,ESS= 256, 04-23 02:55:06.253 BL=3547,ESS= 256, 
04-23 14:55:06.253   771   813 E IMGMapper: set:481 Failed to decode data for type SMPTE2086
04-23 14:55:06.253   771   813 E IMGMapper: set:481 Failed to decode data for type CTA861_3
04-23 14:55:06.259   575   575 W idmap2d : failed to parse idmap header of '/data/resource-cache/product@overlay@FontInter@FontInterOverlay.apk@idmap'
04-23 14:55:06.263   575  1123 W idmap2d : failed to find resource 'string/font_inter_overlay'
04-23 14:55:06.265   575  1123 W idmap2d : failed to parse idmap header of '/data/resource-cache/product@overlay@IconPackSamSettings@IconPackSamSettingsOverlay.apk@idmap'
04-23 14:55:06.271   481   544 I hwcomposer: [HWCDisplay] [Display_0 (type:1)] fps:23.817751,dur:1007.65,max:49.88,min:32.84  
04-23 14:55:06.295   771   813 E IMGMapper: set:481 Failed to decode data for type SMPTE2086
04-23 14:55:06.295   771   813 E IMGMapper: set:481 Failed to decode data for type CTA861_3
04-23 14:55:06.298   536   536 D NVRAM   : NVRAM daemon sync start !
04-23 14:55:06.299   575   575 W idmap2d : failed to find resource 'drawable/ic_headset_24dp'
04-23 14:55:06.335   646   749 D AAL     : 04-23 02:55:06.269 BL=3543,ESS= 256, 04-23 02:55:06.286 BL=3539,ESS= 256, 04-23 02:55:06.302 BL=3535,ESS= 256, 04-23 02:55:06.319 BL=3531,ESS= 256, 04-23 02:55:06.335 BL=3527,ESS= 256, 
04-23 14:55:06.337   771   813 E IMGMapper: set:481 Failed to decode data for type SMPTE2086
04-23 14:55:06.337   771   813 E IMGMapper: set:481 Failed to decode data for type CTA861_3
04-23 14:55:06.354   575   575 W idmap2d : failed to parse idmap header of '/data/resource-cache/product@overlay@NavigationBarModeGesturalExtraWideBack@NavigationBarModeGesturalOverlayExtraWideBack.apk@idmap'
04-23 14:55:06.359   575  1123 W idmap2d : failed to find resource 'string/navigation_bar_mode_title'
04-23 14:55:06.361   575   575 W idmap2d : failed to parse idmap header of '/data/resource-cache/product@overlay@IconPackKaiThemePicker@IconPackKaiThemePickerOverlay.apk@idmap'
04-23 14:55:06.365   575   575 W idmap2d : failed to find resource 'drawable/ic_wifi_24px'
04-23 14:55:06.367   575  1123 W idmap2d : failed to parse idmap header of '/data/resource-cache/product@overlay@IconPackVictorLauncher@IconPackVictorLauncherOverlay.apk@idmap'
04-23 14:55:06.373  1042  1118 I PackageManager: Deferred reconcileAppsData finished 138 packages
04-23 14:55:06.375   575  1123 W idmap2d : failed to find resource 'drawable/ic_select'
04-23 14:55:06.377   575  1123 W idmap2d : failed to find resource 'drawable/ic_smartspace_preferences'
04-23 14:55:06.378   771   813 E IMGMapper: set:481 Failed to decode data for type SMPTE2086
04-23 14:55:06.378   771   813 E IMGMapper: set:481 Failed to decode data for type CTA861_3
04-23 14:55:06.384   536   536 D NVRAM   : NVRAM daemon sync end !
04-23 14:55:06.384   536   536 D NVRAM   : NVRAM daemon exits !
04-23 14:55:06.385   575   575 W idmap2d : failed to parse idmap header of '/data/resource-cache/product@overlay@IconPackFilledSettings@IconPackFilledSettingsOverlay.apk@idmap'
04-23 14:55:06.418   646   749 D AAL     : 04-23 02:55:06.352 BL=3523,ESS= 256, 04-23 02:55:06.368 BL=3519,ESS= 256, 04-23 02:55:06.385 BL=3515,ESS= 256, 04-23 02:55:06.401 BL=3511,ESS= 256, 04-23 02:55:06.418 BL=3507,ESS= 256, 
04-23 14:55:06.418   575   575 W idmap2d : failed to find resource 'drawable/ic_headset_24dp'
04-23 14:55:06.420   771   813 E IMGMapper: set:481 Failed to decode data for type SMPTE2086
04-23 14:55:06.420   771   813 E IMGMapper: set:481 Failed to decode data for type CTA861_3
04-23 14:55:06.462   771   813 E IMGMapper: set:481 Failed to decode data for type SMPTE2086
04-23 14:55:06.462   771   813 E IMGMapper: set:481 Failed to decode data for type CTA861_3
04-23 14:55:06.470   575   575 W idmap2d : failed to parse idmap header of '/data/resource-cache/product@overlay@IconPackKaiSystemUI@IconPackKaiSystemUIOverlay.apk@idmap'
04-23 14:55:06.501   646   749 D AAL     : 04-23 02:55:06.434 BL=3503,ESS= 256, 04-23 02:55:06.451 BL=3499,ESS= 256, 04-23 02:55:06.467 BL=3495,ESS= 256, 04-23 02:55:06.484 BL=3491,ESS= 256, 04-23 02:55:06.501 BL=3487,ESS= 256, 
04-23 14:55:06.504   771   813 E IMGMapper: set:481 Failed to decode data for type SMPTE2086
04-23 14:55:06.504   771   813 E IMGMapper: set:481 Failed to decode data for type CTA861_3
04-23 14:55:06.546   771   813 E IMGMapper: set:481 Failed to decode data for type SMPTE2086
04-23 14:55:06.546   771   813 E IMGMapper: set:481 Failed to decode data for type CTA861_3
04-23 14:55:06.583   646   749 D AAL     : 04-23 02:55:06.517 BL=3483,ESS= 256, 04-23 02:55:06.533 BL=3479,ESS= 256, 04-23 02:55:06.550 BL=3475,ESS= 256, 04-23 02:55:06.566 BL=3471,ESS= 256, 04-23 02:55:06.583 BL=3467,ESS= 256, 
04-23 14:55:06.588   771   813 E IMGMapper: set:481 Failed to decode data for type SMPTE2086
04-23 14:55:06.588   771   813 E IMGMapper: set:481 Failed to decode data for type CTA861_3
04-23 14:55:06.615   575  1123 W idmap2d : failed to find resource 'drawable/ic_brightness_thumb'
04-23 14:55:06.617   575  1123 W idmap2d : failed to find resource 'drawable/ic_camera'
04-23 14:55:06.622   575  1123 W idmap2d : failed to find resource 'drawable/ic_drag_handle'
04-23 14:55:06.630   771   813 E IMGMapper: set:481 Failed to decode data for type SMPTE2086
04-23 14:55:06.630   771   813 E IMGMapper: set:481 Failed to decode data for type CTA861_3
04-23 14:55:06.633   575  1123 W idmap2d : failed to find resource 'drawable/ic_qs_wifi_0'
04-23 14:55:06.635   575  1123 W idmap2d : failed to find resource 'drawable/ic_qs_wifi_1'
04-23 14:55:06.636   575  1123 W idmap2d : failed to find resource 'drawable/ic_qs_wifi_2'
04-23 14:55:06.637   575  1123 W idmap2d : failed to find resource 'drawable/ic_qs_wifi_3'
04-23 14:55:06.639   575  1123 W idmap2d : failed to find resource 'drawable/ic_qs_wifi_4'
04-23 14:55:06.642   575  1123 W idmap2d : failed to find resource 'drawable/ic_screenshot'
04-23 14:55:06.645   575  1123 W idmap2d : failed to find resource 'drawable/ic_tune_black_16dp'
04-23 14:55:06.653   575  1123 W idmap2d : failed to find resource 'drawable/ic_volume_voice'
04-23 14:55:06.655   575  1123 W idmap2d : failed to find resource 'drawable/stat_sys_mic_none'
04-23 14:55:06.659   575  1123 W idmap2d : failed to parse idmap header of '/data/resource-cache/product@overlay@IconPackCircularSettings@IconPackCircularSettingsOverlay.apk@idmap'
04-23 14:55:06.666   646   749 D AAL     : 04-23 02:55:06.599 BL=3463,ESS= 256, 04-23 02:55:06.616 BL=3459,ESS= 256, 04-23 02:55:06.632 BL=3455,ESS= 256, 04-23 02:55:06.649 BL=3451,ESS= 256, 04-23 02:55:06.666 BL=3447,ESS= 256, 
04-23 14:55:06.671   771   813 E IMGMapper: set:481 Failed to decode data for type SMPTE2086
04-23 14:55:06.672   771   813 E IMGMapper: set:481 Failed to decode data for type CTA861_3
04-23 14:55:06.692   575  1122 W idmap2d : failed to find resource 'drawable/ic_headset_24dp'
04-23 14:55:06.713   771   813 E IMGMapper: set:481 Failed to decode data for type SMPTE2086
04-23 14:55:06.713   771   813 E IMGMapper: set:481 Failed to decode data for type CTA861_3
04-23 14:55:06.728   570   570 W HidlServiceManagement: Waited one second for android.frameworks.sensorservice@1.0::ISensorManager/default
04-23 14:55:06.729   337   337 I hwservicemanager: Since android.frameworks.sensorservice@1.0::ISensorManager/default is not registered, trying to start it as a lazy HAL.
04-23 14:55:06.729   570   570 I HidlServiceManagement: getService: Trying again for android.frameworks.sensorservice@1.0::ISensorManager/default...
04-23 14:55:06.730   337  1127 W libc    : Unable to set property "ctl.interface_start" to "android.frameworks.sensorservice@1.0::ISensorManager/default": error code: 0x20
04-23 14:55:06.730   337  1127 I hwservicemanager: Tried to start android.frameworks.sensorservice@1.0::ISensorManager/default as a lazy service, but was unable to. Usually this happens when a service is not installed, but if the service is intended to be used as a lazy service, then it may be configured incorrectly.
04-23 14:55:06.742   575  1123 W idmap2d : failed to parse idmap header of '/data/resource-cache/product@overlay@IconPackSamSystemUI@IconPackSamSystemUIOverlay.apk@idmap'
04-23 14:55:06.748   646   749 D AAL     : 04-23 02:55:06.682 BL=3443,ESS= 256, 04-23 02:55:06.699 BL=3439,ESS= 256, 04-23 02:55:06.715 BL=3435,ESS= 256, 04-23 02:55:06.732 BL=3431,ESS= 256, 04-23 02:55:06.748 BL=3427,ESS= 256, 
04-23 14:55:06.754   645   723 D agps    : [agps] WARNING: [AGPS] agps2_gnss_ack_timeout
04-23 14:55:06.754   645   723 D agps    : [agps][n][AGPS] [MNL] write  agps_settings_sync  sib8_16=[1], gps=[1] glonass=[1] beidou=[1] galileo=[1] agps=[1] aglonass=[1] abeidou=[1] agalileo=[1]
04-23 14:55:06.754   645   723 E agps    : [agps] ERR: [MNL] connect() failed, abstract=1 name=[mtk_agps2mnl] reason=[Connection refused]111
04-23 14:55:06.755   771   813 E IMGMapper: set:481 Failed to decode data for type SMPTE2086
04-23 14:55:06.755   771   813 E IMGMapper: set:481 Failed to decode data for type CTA861_3
04-23 14:55:06.761   575  1122 W idmap2d : failed to find resource 'anim/$$lock_lock__4__2'
04-23 14:55:06.783   575  1122 W idmap2d : failed to find resource 'anim/$$lock_scanning__5__3'
04-23 14:55:06.785   575  1122 W idmap2d : failed to find resource 'anim/$$lock_scanning__5__4'
04-23 14:55:06.786   575  1122 W idmap2d : failed to find resource 'anim/$$lock_scanning__5__5'
04-23 14:55:06.797   771   813 E IMGMapper: set:481 Failed to decode data for type SMPTE2086
04-23 14:55:06.797   771   813 E IMGMapper: set:481 Failed to decode data for type CTA861_3
04-23 14:55:06.799   705   705 W HidlServiceManagement: Waited one second for android.hardware.usb.gadget@1.0::IUsbGadget/default
04-23 14:55:06.799   337   337 I hwservicemanager: Since android.hardware.usb.gadget@1.0::IUsbGadget/default is not registered, trying to start it as a lazy HAL.
04-23 14:55:06.800   705   705 I HidlServiceManagement: getService: Trying again for android.hardware.usb.gadget@1.0::IUsbGadget/default...
04-23 14:55:06.801   337  1128 W libc    : Unable to set property "ctl.interface_start" to "android.hardware.usb.gadget@1.0::IUsbGadget/default": error code: 0x20
04-23 14:55:06.801   337  1128 I hwservicemanager: Tried to start android.hardware.usb.gadget@1.0::IUsbGadget/default as a lazy service, but was unable to. Usually this happens when a service is not installed, but if the service is intended to be used as a lazy service, then it may be configured incorrectly.
04-23 14:55:06.809   575  1122 W idmap2d : failed to find resource 'anim/$$lock_unlock__4__2'
04-23 14:55:06.812   337   337 I hwservicemanager: Since android.frameworks.sensorservice@1.0::ISensorManager/default is not registered, trying to start it as a lazy HAL.
04-23 14:55:06.812   646   752 D AALLightSensor: sensorservice is not ready
04-23 14:55:06.813   337  1129 W libc    : Unable to set property "ctl.interface_start" to "android.frameworks.sensorservice@1.0::ISensorManager/default": error code: 0x20
04-23 14:55:06.813   337  1129 I hwservicemanager: Tried to start android.frameworks.sensorservice@1.0::ISensorManager/default as a lazy service, but was unable to. Usually this happens when a service is not installed, but if the service is intended to be used as a lazy service, then it may be configured incorrectly.
04-23 14:55:06.831   646   749 D AAL     : 04-23 02:55:06.765 BL=3423,ESS= 256, 04-23 02:55:06.781 BL=3419,ESS= 256, 04-23 02:55:06.798 BL=3415,ESS= 256, 04-23 02:55:06.814 BL=3411,ESS= 256, 04-23 02:55:06.831 BL=3407,ESS= 256, 
04-23 14:55:06.839   771   813 E IMGMapper: set:481 Failed to decode data for type SMPTE2086
04-23 14:55:06.839   771   813 E IMGMapper: set:481 Failed to decode data for type CTA861_3
04-23 14:55:06.857   575  1122 W idmap2d : failed to find resource 'drawable/ic_brightness_thumb'
04-23 14:55:06.858   575  1122 W idmap2d : failed to find resource 'drawable/ic_camera'
04-23 14:55:06.863   575  1122 W idmap2d : failed to find resource 'drawable/ic_drag_handle'
04-23 14:55:06.874   575  1122 W idmap2d : failed to find resource 'drawable/ic_qs_wifi_0'
04-23 14:55:06.875   575  1122 W idmap2d : failed to find resource 'drawable/ic_qs_wifi_1'
04-23 14:55:06.877   575  1122 W idmap2d : failed to find resource 'drawable/ic_qs_wifi_2'
04-23 14:55:06.878   575  1122 W idmap2d : failed to find resource 'drawable/ic_qs_wifi_3'
04-23 14:55:06.879   575  1122 W idmap2d : failed to find resource 'drawable/ic_qs_wifi_4'
04-23 14:55:06.881   771   813 E IMGMapper: set:481 Failed to decode data for type SMPTE2086
04-23 14:55:06.881   771   813 E IMGMapper: set:481 Failed to decode data for type CTA861_3
04-23 14:55:06.882   575  1122 W idmap2d : failed to find resource 'drawable/ic_screenshot'
04-23 14:55:06.886   575  1122 W idmap2d : failed to find resource 'drawable/ic_tune_black_16dp'
04-23 14:55:06.894   575  1122 W idmap2d : failed to find resource 'drawable/ic_volume_voice'
04-23 14:55:06.896   575  1122 W idmap2d : failed to find resource 'drawable/stat_sys_mic_none'
04-23 14:55:06.899   575  1123 W idmap2d : failed to parse idmap header of '/data/resource-cache/product@overlay@FontGoogleSansLato@FontGoogleSansLatoOverlay.apk@idmap'
04-23 14:55:06.904   575  1123 W idmap2d : failed to find resource 'string/font_googlesanslato_overlay'
04-23 14:55:06.905   575  1122 W idmap2d : failed to parse idmap header of '/data/resource-cache/product@overlay@FontGoogleSans@FontGoogleSansOverlay.apk@idmap'
04-23 14:55:06.910   575  1123 W idmap2d : failed to find resource 'string/font_googlesans_overlay'
04-23 14:55:06.911   575  1122 W idmap2d : failed to parse idmap header of '/data/resource-cache/product@overlay@IconShapeTeardrop@IconShapeTeardropOverlay.apk@idmap'
04-23 14:55:06.913   646   749 D AAL     : 04-23 02:55:06.847 BL=3403,ESS= 256, 04-23 02:55:06.864 BL=3399,ESS= 256, 04-23 02:55:06.882 BL=3395,ESS= 256, 04-23 02:55:06.897 BL=3391,ESS= 256, 04-23 02:55:06.913 BL=3387,ESS= 256, 
04-23 14:55:06.915   575  1122 W idmap2d : failed to find resource 'string/icon_shape_teardrop_overlay'
04-23 14:55:06.918   575  1122 W idmap2d : failed to parse idmap header of '/data/resource-cache/product@overlay@IconPackRoundedTheme@IconPackRoundedThemePickerOverlay.apk@idmap'
04-23 14:55:06.923   771   813 E IMGMapper: set:481 Failed to decode data for type SMPTE2086
04-23 14:55:06.923   771   813 E IMGMapper: set:481 Failed to decode data for type CTA861_3
04-23 14:55:06.923   575  1122 W idmap2d : failed to find resource 'drawable/ic_wifi_24px'
04-23 14:55:06.925   575  1122 W idmap2d : failed to parse idmap header of '/data/resource-cache/product@overlay@IconPackFilledSystemUI@IconPackFilledSystemUIOverlay.apk@idmap'
04-23 14:55:06.933   575  1122 W idmap2d : failed to find resource 'drawable/ic_brightness_thumb'
04-23 14:55:06.935   575  1122 W idmap2d : failed to find resource 'drawable/ic_camera'
04-23 14:55:06.940   575  1122 W idmap2d : failed to find resource 'drawable/ic_drag_handle'
04-23 14:55:06.950   575  1122 W idmap2d : failed to find resource 'drawable/ic_qs_bluetooth_on'
04-23 14:55:06.953   575  1122 W idmap2d : failed to find resource 'drawable/ic_qs_wifi_0'
04-23 14:55:06.954   575  1122 W idmap2d : failed to find resource 'drawable/ic_qs_wifi_1'
04-23 14:55:06.956   575  1122 W idmap2d : failed to find resource 'drawable/ic_qs_wifi_2'
04-23 14:55:06.957   575  1122 W idmap2d : failed to find resource 'drawable/ic_qs_wifi_3'
04-23 14:55:06.958   575  1122 W idmap2d : failed to find resource 'drawable/ic_qs_wifi_4'
04-23 14:55:06.962   575  1122 W idmap2d : failed to find resource 'drawable/ic_settings_16dp'
04-23 14:55:06.964   771   813 E IMGMapper: set:481 Failed to decode data for type SMPTE2086
04-23 14:55:06.965   771   813 E IMGMapper: set:481 Failed to decode data for type CTA861_3
04-23 14:55:06.965   575  1122 W idmap2d : failed to find resource 'drawable/ic_tune_black_16dp'
04-23 14:55:06.973   575  1122 W idmap2d : failed to find resource 'drawable/ic_volume_voice'
04-23 14:55:06.974   575  1122 W idmap2d : failed to find resource 'drawable/stat_sys_camera'
04-23 14:55:06.976   575  1122 W idmap2d : failed to find resource 'drawable/stat_sys_mic_none'
04-23 14:55:06.979   575  1122 W idmap2d : failed to parse idmap header of '/data/resource-cache/product@overlay@AndroidBlackThemeOverlay@AndroidBlackThemeOverlay.apk@idmap'
04-23 14:55:06.981   575  1123 W idmap2d : failed to find resource 'color/surface_header_dark_sysui'
04-23 14:55:06.993   575  1123 W idmap2d : failed to find resource 'string/android_overlay_black'
04-23 14:55:06.994   575  1122 W idmap2d : failed to parse idmap header of '/data/resource-cache/product@overlay@FontOppoSans@FontOppoSansOverlay.apk@idmap'
04-23 14:55:06.996   646   749 D AAL     : 04-23 02:55:06.930 BL=3383,ESS= 256, 04-23 02:55:06.946 BL=3379,ESS= 256, 04-23 02:55:06.963 BL=3375,ESS= 256, 04-23 02:55:06.979 BL=3371,ESS= 256, 04-23 02:55:06.996 BL=3367,ESS= 256, 
04-23 14:55:06.999   575  1123 W idmap2d : failed to find resource 'string/font_opposans_overlay'
04-23 14:55:07.001   575  1122 W idmap2d : failed to parse idmap header of '/data/resource-cache/product@overlay@IconPackSamAndroid@IconPackSamAndroidOverlay.apk@idmap'
04-23 14:55:07.003   575  1123 W idmap2d : failed to find resource 'drawable/$$ic_bluetooth_transient_animation__1__0'
04-23 14:55:07.005   575  1123 W idmap2d : failed to find resource 'drawable/$$ic_bluetooth_transient_animation__1__1'
04-23 14:55:07.006   575  1123 W idmap2d : failed to find resource 'drawable/$$ic_bluetooth_transient_animation__1__2'
04-23 14:55:07.006   771   813 E IMGMapper: set:481 Failed to decode data for type SMPTE2086
04-23 14:55:07.006   771   813 E IMGMapper: set:481 Failed to decode data for type CTA861_3
04-23 14:55:07.007   575  1123 W idmap2d : failed to find resource 'drawable/$$ic_bluetooth_transient_animation__1__3'
04-23 14:55:07.008   575  1123 W idmap2d : failed to find resource 'drawable/$$ic_bluetooth_transient_animation__1__4'
04-23 14:55:07.009   575  1123 W idmap2d : failed to find resource 'drawable/$$ic_bluetooth_transient_animation__1__5'
04-23 14:55:07.010   575  1123 W idmap2d : failed to find resource 'drawable/$$ic_bluetooth_transient_animation__1__6'
04-23 14:55:07.011   575  1123 W idmap2d : failed to find resource 'drawable/$$ic_bluetooth_transient_animation__2__0'
04-23 14:55:07.013   575  1123 W idmap2d : failed to find resource 'drawable/$$ic_bluetooth_transient_animation__2__1'
04-23 14:55:07.014   575  1123 W idmap2d : failed to find resource 'drawable/$$ic_bluetooth_transient_animation__2__2'
04-23 14:55:07.016   575  1123 W idmap2d : failed to find resource 'drawable/$$ic_bluetooth_transient_animation__2__3'
04-23 14:55:07.017   575  1123 W idmap2d : failed to find resource 'drawable/$$ic_bluetooth_transient_animation__2__4'
04-23 14:55:07.018   575  1123 W idmap2d : failed to find resource 'drawable/$$ic_bluetooth_transient_animation__2__5'
04-23 14:55:07.019   575  1123 W idmap2d : failed to find resource 'drawable/$$ic_hotspot_transient_animation__1__0'
04-23 14:55:07.020   575  1123 W idmap2d : failed to find resource 'drawable/$$ic_hotspot_transient_animation__1__1'
04-23 14:55:07.021   575  1123 W idmap2d : failed to find resource 'drawable/$$ic_hotspot_transient_animation__1__2'
04-23 14:55:07.022   575  1123 W idmap2d : failed to find resource 'drawable/$$ic_hotspot_transient_animation__2__0'
04-23 14:55:07.023   575  1123 W idmap2d : failed to find resource 'drawable/$$ic_hotspot_transient_animation__2__1'
04-23 14:55:07.024   575  1123 W idmap2d : failed to find resource 'drawable/$$ic_hotspot_transient_animation__2__2'
04-23 14:55:07.026   575  1123 W idmap2d : failed to find resource 'drawable/$$ic_hotspot_transient_animation__2__3'
04-23 14:55:07.027   575  1123 W idmap2d : failed to find resource 'drawable/$$ic_hotspot_transient_animation__3__0'
04-23 14:55:07.028   575  1123 W idmap2d : failed to find resource 'drawable/$$ic_hotspot_transient_animation__3__1'
04-23 14:55:07.029   575  1123 W idmap2d : failed to find resource 'drawable/$$ic_hotspot_transient_animation__3__2'
04-23 14:55:07.030   575  1123 W idmap2d : failed to find resource 'drawable/$$ic_hotspot_transient_animation__3__3'
04-23 14:55:07.031   575  1123 W idmap2d : failed to find resource 'drawable/$$ic_signal_wifi_transient_animation__1__0'
04-23 14:55:07.032   575  1123 W idmap2d : failed to find resource 'drawable/$$ic_signal_wifi_transient_animation__1__1'
04-23 14:55:07.033   575  1123 W idmap2d : failed to find resource 'drawable/$$ic_signal_wifi_transient_animation__2__0'
04-23 14:55:07.034   575  1123 W idmap2d : failed to find resource 'drawable/$$ic_signal_wifi_transient_animation__2__1'
04-23 14:55:07.036   575  1123 W idmap2d : failed to find resource 'drawable/$$ic_signal_wifi_transient_animation__3__0'
04-23 14:55:07.037   575  1123 W idmap2d : failed to find resource 'drawable/$$ic_signal_wifi_transient_animation__3__1'
04-23 14:55:07.038   575  1123 W idmap2d : failed to find resource 'drawable/$$ic_signal_wifi_transient_animation__4__0'
04-23 14:55:07.039   575  1123 W idmap2d : failed to find resource 'drawable/$$ic_signal_wifi_transient_animation__4__1'
04-23 14:55:07.040   575  1123 W idmap2d : failed to find resource 'drawable/$ic_bluetooth_transient_animation__0'
04-23 14:55:07.041   575  1123 W idmap2d : failed to find resource 'drawable/$ic_bluetooth_transient_animation__1'
04-23 14:55:07.042   575  1123 W idmap2d : failed to find resource 'drawable/$ic_bluetooth_transient_animation__2'
04-23 14:55:07.043   575  1123 W idmap2d : failed to find resource 'drawable/$ic_bluetooth_transient_animation__3'
04-23 14:55:07.045   575  1123 W idmap2d : failed to find resource 'drawable/$ic_hotspot_transient_animation__0'
04-23 14:55:07.046   575  1123 W idmap2d : failed to find resource 'drawable/$ic_hotspot_transient_animation__1'
04-23 14:55:07.047   575  1123 W idmap2d : failed to find resource 'drawable/$ic_hotspot_transient_animation__2'
04-23 14:55:07.048   575  1123 W idmap2d : failed to find resource 'drawable/$ic_hotspot_transient_animation__3'
04-23 14:55:07.048   771   813 E IMGMapper: set:481 Failed to decode data for type SMPTE2086
04-23 14:55:07.048   771   813 E IMGMapper: set:481 Failed to decode data for type CTA861_3
04-23 14:55:07.049   575  1123 W idmap2d : failed to find resource 'drawable/$ic_hotspot_transient_animation__4'
04-23 14:55:07.050   575  1123 W idmap2d : failed to find resource 'drawable/$ic_signal_wifi_transient_animation__0'
04-23 14:55:07.052   575  1123 W idmap2d : failed to find resource 'drawable/$ic_signal_wifi_transient_animation__1'
04-23 14:55:07.053   575  1123 W idmap2d : failed to find resource 'drawable/$ic_signal_wifi_transient_animation__2'
04-23 14:55:07.054   575  1123 W idmap2d : failed to find resource 'drawable/$ic_signal_wifi_transient_animation__3'
04-23 14:55:07.055   575  1123 W idmap2d : failed to find resource 'drawable/$ic_signal_wifi_transient_animation__4'
04-23 14:55:07.056   575  1123 W idmap2d : failed to find resource 'drawable/$ic_signal_wifi_transient_animation__5'
04-23 14:55:07.066   575  1123 W idmap2d : failed to find resource 'drawable/ic_rules'
04-23 14:55:07.071   575  1123 W idmap2d : failed to find resource 'drawable/ic_work_apps_off'
04-23 14:55:07.075   575  1122 W idmap2d : failed to parse idmap header of '/data/resource-cache/product@overlay@IconPackFilledAndroid@IconPackFilledAndroidOverlay.apk@idmap'
04-23 14:55:07.079   646   749 D AAL     : 04-23 02:55:07.013 BL=3363,ESS= 256, 04-23 02:55:07.029 BL=3359,ESS= 256, 04-23 02:55:07.045 BL=3363,ESS= 256, 04-23 02:55:07.062 BL=3367,ESS= 256, 04-23 02:55:07.079 BL=3371,ESS= 256, 
04-23 14:55:07.089   771   813 D BootAnimation: Playing files = /product/media/bootanimation.zip/part1, Requested repeat = 0, playUntilComplete = true
04-23 14:55:07.090   771   813 E IMGMapper: set:481 Failed to decode data for type SMPTE2086
04-23 14:55:07.090   771   813 E IMGMapper: set:481 Failed to decode data for type CTA861_3
04-23 14:55:07.099   575  1123 W idmap2d : failed to find resource 'string/config_signalXPath'
04-23 14:55:07.101   575  1122 W idmap2d : failed to parse idmap header of '/data/resource-cache/product@overlay@DisplayCutoutEmulationWaterfall@DisplayCutoutEmulationWaterfallOverlay.apk@idmap'
04-23 14:55:07.107   575  1122 W idmap2d : failed to find resource 'string/display_cutout_emulation_overlay'
04-23 14:55:07.109   575  1123 W idmap2d : failed to parse idmap header of '/data/resource-cache/product@overlay@IconPackCircularSystemUI@IconPackCircularSystemUIOverlay.apk@idmap'
04-23 14:55:07.117   575  1123 W idmap2d : failed to find resource 'drawable/ic_brightness_thumb'
04-23 14:55:07.118   575  1123 W idmap2d : failed to find resource 'drawable/ic_camera'
04-23 14:55:07.124   575  1123 W idmap2d : failed to find resource 'drawable/ic_drag_handle'
04-23 14:55:07.132   771   813 E IMGMapper: set:481 Failed to decode data for type SMPTE2086
04-23 14:55:07.132   771   813 E IMGMapper: set:481 Failed to decode data for type CTA861_3
04-23 14:55:07.134   575  1123 W idmap2d : failed to find resource 'drawable/ic_qs_bluetooth_on'
04-23 14:55:07.137   575  1123 W idmap2d : failed to find resource 'drawable/ic_qs_wifi_0'
04-23 14:55:07.138   575  1123 W idmap2d : failed to find resource 'drawable/ic_qs_wifi_1'
04-23 14:55:07.139   575  1123 W idmap2d : failed to find resource 'drawable/ic_qs_wifi_2'
04-23 14:55:07.141   575  1123 W idmap2d : failed to find resource 'drawable/ic_qs_wifi_3'
04-23 14:55:07.142   575  1123 W idmap2d : failed to find resource 'drawable/ic_qs_wifi_4'
04-23 14:55:07.146   575  1123 W idmap2d : failed to find resource 'drawable/ic_settings_16dp'
04-23 14:55:07.148   575  1123 W idmap2d : failed to find resource 'drawable/ic_tune_black_16dp'
04-23 14:55:07.156   575  1123 W idmap2d : failed to find resource 'drawable/ic_volume_voice'
04-23 14:55:07.158   575  1123 W idmap2d : failed to find resource 'drawable/stat_sys_camera'
04-23 14:55:07.160   575  1123 W idmap2d : failed to find resource 'drawable/stat_sys_mic_none'
04-23 14:55:07.161   646   749 D AAL     : 04-23 02:55:07.095 BL=3375,ESS= 256, 04-23 02:55:07.112 BL=3379,ESS= 256, 04-23 02:55:07.128 BL=3383,ESS= 256, 04-23 02:55:07.145 BL=3387,ESS= 256, 04-23 02:55:07.161 BL=3391,ESS= 256, 
04-23 14:55:07.163   575  1123 W idmap2d : failed to parse idmap header of '/data/resource-cache/product@overlay@IconPackKaiAndroid@IconPackKaiAndroidOverlay.apk@idmap'
04-23 14:55:07.165   575   575 W idmap2d : failed to find resource 'drawable/$$ic_bluetooth_transient_animation__1__0'
04-23 14:55:07.166   575   575 W idmap2d : failed to find resource 'drawable/$$ic_bluetooth_transient_animation__1__1'
04-23 14:55:07.167   575   575 W idmap2d : failed to find resource 'drawable/$$ic_bluetooth_transient_animation__1__2'
04-23 14:55:07.168   575   575 W idmap2d : failed to find resource 'drawable/$$ic_bluetooth_transient_animation__1__3'
04-23 14:55:07.170   575   575 W idmap2d : failed to find resource 'drawable/$$ic_bluetooth_transient_animation__1__4'
04-23 14:55:07.171   575   575 W idmap2d : failed to find resource 'drawable/$$ic_bluetooth_transient_animation__1__5'
04-23 14:55:07.172   575   575 W idmap2d : failed to find resource 'drawable/$$ic_bluetooth_transient_animation__1__6'
04-23 14:55:07.173   575   575 W idmap2d : failed to find resource 'drawable/$$ic_bluetooth_transient_animation__2__0'
04-23 14:55:07.174   771   813 E IMGMapper: set:481 Failed to decode data for type SMPTE2086
04-23 14:55:07.174   771   813 E IMGMapper: set:481 Failed to decode data for type CTA861_3
04-23 14:55:07.174   575   575 W idmap2d : failed to find resource 'drawable/$$ic_bluetooth_transient_animation__2__1'
04-23 14:55:07.176   575   575 W idmap2d : failed to find resource 'drawable/$$ic_bluetooth_transient_animation__2__2'
04-23 14:55:07.177   575   575 W idmap2d : failed to find resource 'drawable/$$ic_bluetooth_transient_animation__2__3'
04-23 14:55:07.178   575   575 W idmap2d : failed to find resource 'drawable/$$ic_bluetooth_transient_animation__2__4'
04-23 14:55:07.179   575   575 W idmap2d : failed to find resource 'drawable/$$ic_bluetooth_transient_animation__2__5'
04-23 14:55:07.180   575   575 W idmap2d : failed to find resource 'drawable/$$ic_hotspot_transient_animation__1__0'
04-23 14:55:07.182   575   575 W idmap2d : failed to find resource 'drawable/$$ic_hotspot_transient_animation__1__1'
04-23 14:55:07.183   575   575 W idmap2d : failed to find resource 'drawable/$$ic_hotspot_transient_animation__1__2'
04-23 14:55:07.184   575   575 W idmap2d : failed to find resource 'drawable/$$ic_hotspot_transient_animation__2__0'
04-23 14:55:07.185   575   575 W idmap2d : failed to find resource 'drawable/$$ic_hotspot_transient_animation__2__1'
04-23 14:55:07.186   575   575 W idmap2d : failed to find resource 'drawable/$$ic_hotspot_transient_animation__2__2'
04-23 14:55:07.187   575   575 W idmap2d : failed to find resource 'drawable/$$ic_hotspot_transient_animation__2__3'
04-23 14:55:07.188   575   575 W idmap2d : failed to find resource 'drawable/$$ic_hotspot_transient_animation__3__0'
04-23 14:55:07.190   575   575 W idmap2d : failed to find resource 'drawable/$$ic_hotspot_transient_animation__3__1'
04-23 14:55:07.191   575   575 W idmap2d : failed to find resource 'drawable/$$ic_hotspot_transient_animation__3__2'
04-23 14:55:07.192   575   575 W idmap2d : failed to find resource 'drawable/$$ic_hotspot_transient_animation__3__3'
04-23 14:55:07.193   575   575 W idmap2d : failed to find resource 'drawable/$$ic_signal_wifi_transient_animation__1__0'
04-23 14:55:07.194   575   575 W idmap2d : failed to find resource 'drawable/$$ic_signal_wifi_transient_animation__1__1'
04-23 14:55:07.195   575   575 W idmap2d : failed to find resource 'drawable/$$ic_signal_wifi_transient_animation__2__0'
04-23 14:55:07.197   575   575 W idmap2d : failed to find resource 'drawable/$$ic_signal_wifi_transient_animation__2__1'
04-23 14:55:07.198   575   575 W idmap2d : failed to find resource 'drawable/$$ic_signal_wifi_transient_animation__3__0'
04-23 14:55:07.199   575   575 W idmap2d : failed to find resource 'drawable/$$ic_signal_wifi_transient_animation__3__1'
04-23 14:55:07.200   575   575 W idmap2d : failed to find resource 'drawable/$$ic_signal_wifi_transient_animation__4__0'
04-23 14:55:07.201   575   575 W idmap2d : failed to find resource 'drawable/$$ic_signal_wifi_transient_animation__4__1'
04-23 14:55:07.202   575   575 W idmap2d : failed to find resource 'drawable/$ic_bluetooth_transient_animation__0'
04-23 14:55:07.203   575   575 W idmap2d : failed to find resource 'drawable/$ic_bluetooth_transient_animation__1'
04-23 14:55:07.204   575   575 W idmap2d : failed to find resource 'drawable/$ic_bluetooth_transient_animation__2'
04-23 14:55:07.206   575   575 W idmap2d : failed to find resource 'drawable/$ic_bluetooth_transient_animation__3'
04-23 14:55:07.207   575   575 W idmap2d : failed to find resource 'drawable/$ic_hotspot_transient_animation__0'
04-23 14:55:07.208   575   575 W idmap2d : failed to find resource 'drawable/$ic_hotspot_transient_animation__1'
04-23 14:55:07.209   575   575 W idmap2d : failed to find resource 'drawable/$ic_hotspot_transient_animation__2'
04-23 14:55:07.210   575   575 W idmap2d : failed to find resource 'drawable/$ic_hotspot_transient_animation__3'
04-23 14:55:07.211   575   575 W idmap2d : failed to find resource 'drawable/$ic_hotspot_transient_animation__4'
04-23 14:55:07.212   575   575 W idmap2d : failed to find resource 'drawable/$ic_signal_wifi_transient_animation__0'
04-23 14:55:07.213   575   575 W idmap2d : failed to find resource 'drawable/$ic_signal_wifi_transient_animation__1'
04-23 14:55:07.215   575   575 W idmap2d : failed to find resource 'drawable/$ic_signal_wifi_transient_animation__2'
04-23 14:55:07.216   771   813 E IMGMapper: set:481 Failed to decode data for type SMPTE2086
04-23 14:55:07.216   771   813 E IMGMapper: set:481 Failed to decode data for type CTA861_3
04-23 14:55:07.216   575   575 W idmap2d : failed to find resource 'drawable/$ic_signal_wifi_transient_animation__3'
04-23 14:55:07.217   575   575 W idmap2d : failed to find resource 'drawable/$ic_signal_wifi_transient_animation__4'
04-23 14:55:07.218   575   575 W idmap2d : failed to find resource 'drawable/$ic_signal_wifi_transient_animation__5'
04-23 14:55:07.228   575   575 W idmap2d : failed to find resource 'drawable/ic_rules'
04-23 14:55:07.234   575   575 W idmap2d : failed to find resource 'drawable/ic_work_apps_off'
04-23 14:55:07.238   575  1123 W idmap2d : failed to parse idmap header of '/data/resource-cache/product@overlay@IconPackKaiLauncher@IconPackKaiLauncherOverlay.apk@idmap'
04-23 14:55:07.244   646   749 D AAL     : 04-23 02:55:07.178 BL=3395,ESS= 256, 04-23 02:55:07.194 BL=3399,ESS= 256, 04-23 02:55:07.211 BL=3395,ESS= 256, 04-23 02:55:07.227 BL=3391,ESS= 256, 04-23 02:55:07.244 BL=3387,ESS= 256, 
04-23 14:55:07.247   575  1123 W idmap2d : failed to find resource 'drawable/ic_select'
04-23 14:55:07.249   575  1123 W idmap2d : failed to find resource 'drawable/ic_smartspace_preferences'
04-23 14:55:07.253   575  1123 W idmap2d : failed to parse idmap header of '/data/resource-cache/product@overlay@IconPackSamLauncher@IconPackSamLauncherOverlay.apk@idmap'
04-23 14:55:07.257   771   813 E IMGMapper: set:481 Failed to decode data for type SMPTE2086
04-23 14:55:07.257   771   813 E IMGMapper: set:481 Failed to decode data for type CTA861_3
04-23 14:55:07.261   575   575 W idmap2d : failed to find resource 'drawable/ic_select'
04-23 14:55:07.263   575   575 W idmap2d : failed to find resource 'drawable/ic_smartspace_preferences'
04-23 14:55:07.267   575   575 W idmap2d : failed to parse idmap header of '/data/resource-cache/product@overlay@IconShapeSquircle@IconShapeSquircleOverlay.apk@idmap'
04-23 14:55:07.270   575  1123 W idmap2d : failed to find resource 'string/icon_shape_squircle_overlay'
04-23 14:55:07.272   575  1123 W idmap2d : failed to parse idmap header of '/data/resource-cache/product@overlay@IconPackVictorAndroid@IconPackVictorAndroidOverlay.apk@idmap'
04-23 14:55:07.274   575   575 W idmap2d : failed to find resource 'drawable/$$ic_bluetooth_transient_animation__1__0'
04-23 14:55:07.275   575   575 W idmap2d : failed to find resource 'drawable/$$ic_bluetooth_transient_animation__1__1'
04-23 14:55:07.277   575   575 W idmap2d : failed to find resource 'drawable/$$ic_bluetooth_transient_animation__1__2'
04-23 14:55:07.278   575   575 W idmap2d : failed to find resource 'drawable/$$ic_bluetooth_transient_animation__1__3'
04-23 14:55:07.279   575   575 W idmap2d : failed to find resource 'drawable/$$ic_bluetooth_transient_animation__1__4'
04-23 14:55:07.280   575   575 W idmap2d : failed to find resource 'drawable/$$ic_bluetooth_transient_animation__1__5'
04-23 14:55:07.281   575   575 W idmap2d : failed to find resource 'drawable/$$ic_bluetooth_transient_animation__1__6'
04-23 14:55:07.282   575   575 W idmap2d : failed to find resource 'drawable/$$ic_bluetooth_transient_animation__2__0'
04-23 14:55:07.283   575   575 W idmap2d : failed to find resource 'drawable/$$ic_bluetooth_transient_animation__2__1'
04-23 14:55:07.285   575   575 W idmap2d : failed to find resource 'drawable/$$ic_bluetooth_transient_animation__2__2'
04-23 14:55:07.286   575   575 W idmap2d : failed to find resource 'drawable/$$ic_bluetooth_transient_animation__2__3'
04-23 14:55:07.287   575   575 W idmap2d : failed to find resource 'drawable/$$ic_bluetooth_transient_animation__2__4'
04-23 14:55:07.288   575   575 W idmap2d : failed to find resource 'drawable/$$ic_bluetooth_transient_animation__2__5'
04-23 14:55:07.289   575   575 W idmap2d : failed to find resource 'drawable/$$ic_hotspot_transient_animation__1__0'
04-23 14:55:07.290   575   575 W idmap2d : failed to find resource 'drawable/$$ic_hotspot_transient_animation__1__1'
04-23 14:55:07.291   575   575 W idmap2d : failed to find resource 'drawable/$$ic_hotspot_transient_animation__1__2'
04-23 14:55:07.293   575   575 W idmap2d : failed to find resource 'drawable/$$ic_hotspot_transient_animation__2__0'
04-23 14:55:07.294   575   575 W idmap2d : failed to find resource 'drawable/$$ic_hotspot_transient_animation__2__1'
04-23 14:55:07.295   575   575 W idmap2d : failed to find resource 'drawable/$$ic_hotspot_transient_animation__2__2'
04-23 14:55:07.296   575   575 W idmap2d : failed to find resource 'drawable/$$ic_hotspot_transient_animation__2__3'
04-23 14:55:07.297   575   575 W idmap2d : failed to find resource 'drawable/$$ic_hotspot_transient_animation__3__0'
04-23 14:55:07.298   575   575 W idmap2d : failed to find resource 'drawable/$$ic_hotspot_transient_animation__3__1'
04-23 14:55:07.299   771   813 E IMGMapper: set:481 Failed to decode data for type SMPTE2086
04-23 14:55:07.299   771   813 E IMGMapper: set:481 Failed to decode data for type CTA861_3
04-23 14:55:07.300   575   575 W idmap2d : failed to find resource 'drawable/$$ic_hotspot_transient_animation__3__2'
04-23 14:55:07.301   575   575 W idmap2d : failed to find resource 'drawable/$$ic_hotspot_transient_animation__3__3'
04-23 14:55:07.302   575   575 W idmap2d : failed to find resource 'drawable/$$ic_signal_wifi_transient_animation__1__0'
04-23 14:55:07.303   575   575 W idmap2d : failed to find resource 'drawable/$$ic_signal_wifi_transient_animation__1__1'
04-23 14:55:07.304   575   575 W idmap2d : failed to find resource 'drawable/$$ic_signal_wifi_transient_animation__2__0'
04-23 14:55:07.306   575   575 W idmap2d : failed to find resource 'drawable/$$ic_signal_wifi_transient_animation__2__1'
04-23 14:55:07.307   575   575 W idmap2d : failed to find resource 'drawable/$$ic_signal_wifi_transient_animation__3__0'
04-23 14:55:07.308   575   575 W idmap2d : failed to find resource 'drawable/$$ic_signal_wifi_transient_animation__3__1'
04-23 14:55:07.309   575   575 W idmap2d : failed to find resource 'drawable/$$ic_signal_wifi_transient_animation__5__0'
04-23 14:55:07.310   575   575 W idmap2d : failed to find resource 'drawable/$$ic_signal_wifi_transient_animation__5__1'
04-23 14:55:07.311   575   575 W idmap2d : failed to find resource 'drawable/$ic_bluetooth_transient_animation__0'
04-23 14:55:07.312   481   544 I hwcomposer: [HWCDisplay] [Display_0 (type:1)] fps:24.028646,dur:1040.42,max:49.77,min:32.74  
04-23 14:55:07.312   575   575 W idmap2d : failed to find resource 'drawable/$ic_bluetooth_transient_animation__1'
04-23 14:55:07.314   575   575 W idmap2d : failed to find resource 'drawable/$ic_bluetooth_transient_animation__2'
04-23 14:55:07.315   575   575 W idmap2d : failed to find resource 'drawable/$ic_bluetooth_transient_animation__3'
04-23 14:55:07.316   575   575 W idmap2d : failed to find resource 'drawable/$ic_hotspot_transient_animation__0'
04-23 14:55:07.317   575   575 W idmap2d : failed to find resource 'drawable/$ic_hotspot_transient_animation__1'
04-23 14:55:07.318   575   575 W idmap2d : failed to find resource 'drawable/$ic_hotspot_transient_animation__2'
04-23 14:55:07.319   575   575 W idmap2d : failed to find resource 'drawable/$ic_hotspot_transient_animation__3'
04-23 14:55:07.320   575   575 W idmap2d : failed to find resource 'drawable/$ic_hotspot_transient_animation__4'
04-23 14:55:07.322   575   575 W idmap2d : failed to find resource 'drawable/$ic_signal_wifi_transient_animation__0'
04-23 14:55:07.323   575   575 W idmap2d : failed to find resource 'drawable/$ic_signal_wifi_transient_animation__1'
04-23 14:55:07.324   575   575 W idmap2d : failed to find resource 'drawable/$ic_signal_wifi_transient_animation__2'
04-23 14:55:07.325   575   575 W idmap2d : failed to find resource 'drawable/$ic_signal_wifi_transient_animation__3'
04-23 14:55:07.326   575   575 W idmap2d : failed to find resource 'drawable/$ic_signal_wifi_transient_animation__4'
04-23 14:55:07.326   646   749 D AAL     : 04-23 02:55:07.260 BL=3383,ESS= 256, 04-23 02:55:07.277 BL=3379,ESS= 256, 04-23 02:55:07.293 BL=3375,ESS= 256, 04-23 02:55:07.310 BL=3371,ESS= 256, 04-23 02:55:07.326 BL=3367,ESS= 256, 
