04-23 14:55:02.933  1042  1075 I SystemConfig: Reading permissions from /vendor/etc/permissions/android.hardware.opengles.aep.xml
04-23 14:55:02.934  1042  1075 I SystemConfig: Reading permissions from /vendor/etc/permissions/android.hardware.fingerprint.xml
04-23 14:55:02.936  1042  1075 I SystemConfig: Reading permissions from /vendor/etc/permissions/android.hardware.bluetooth.xml
04-23 14:55:02.937  1042  1075 I SystemConfig: Reading permissions from /vendor/etc/permissions/android.hardware.sensor.stepdetector.xml
04-23 14:55:02.939  1042  1075 I SystemConfig: Reading permissions from /vendor/etc/permissions/android.hardware.wifi.passpoint.xml
04-23 14:55:02.940  1042  1075 I SystemConfig: Reading permissions from /vendor/etc/permissions/android.hardware.camera.xml
04-23 14:55:02.941  1042  1075 I SystemConfig: Reading permissions from /vendor/etc/permissions/android.hardware.usb.accessory.xml
04-23 14:55:02.943  1042  1075 I SystemConfig: Reading permissions from /vendor/etc/permissions/android.hardware.wifi.direct.xml
04-23 14:55:02.944  1042  1075 I SystemConfig: Reading permissions from /vendor/etc/permissions/android.hardware.bluetooth_le.xml
04-23 14:55:02.945  1042  1075 I SystemConfig: Reading permissions from /vendor/etc/permissions/android.hardware.faketouch.xml
04-23 14:55:02.947  1042  1075 I SystemConfig: Reading permissions from /vendor/etc/permissions/android.software.midi.xml
04-23 14:55:02.948  1042  1075 I SystemConfig: Reading permissions from /vendor/etc/permissions/android.software.vulkan.deqp.level.xml
04-23 14:55:02.950  1042  1075 I SystemConfig: Reading permissions from /vendor/etc/permissions/android.hardware.touchscreen.multitouch.distinct.xml
04-23 14:55:02.953  1042  1075 I SystemConfig: Reading permissions from /product/etc/sysconfig/preinstalled-packages-platform-overlays.xml
04-23 14:55:02.955  1042  1075 I SystemConfig: Reading permissions from /product/etc/sysconfig/com.android.messaging.allowlist.xml
04-23 14:55:02.957  1042  1075 I SystemConfig: Reading permissions from /product/etc/sysconfig/com.android.deskclock_allowlist.xml
04-23 14:55:02.959  1042  1075 I SystemConfig: Reading permissions from /product/etc/sysconfig/preinstalled-packages-platform-handheld-product.xml
04-23 14:55:02.961  1042  1075 I SystemConfig: Reading permissions from /product/etc/permissions/com.android.contacts.xml
04-23 14:55:02.963  1042  1075 I SystemConfig: Reading permissions from /product/etc/permissions/android.software.nfc.beam.xml
04-23 14:55:02.965  1042  1075 I SystemConfig: Reading permissions from /product/etc/permissions/com.android.dialer.xml
04-23 14:55:02.967  1042  1075 I SystemConfig: Reading permissions from /product/etc/permissions/privapp-permissions-lineagehw.xml
04-23 14:55:02.969   771   813 E IMGMapper: set:481 Failed to decode data for type SMPTE2086
04-23 14:55:02.969   771   813 E IMGMapper: set:481 Failed to decode data for type CTA861_3
04-23 14:55:02.970  1042  1075 I SystemConfig: Reading permissions from /product/etc/permissions/com.android.settings.intelligence.xml
04-23 14:55:02.972  1042  1075 I SystemConfig: Reading permissions from /product/etc/permissions/privapp_whitelist_com.android.dialer-ext.xml
04-23 14:55:02.973  1042  1075 I SystemConfig: Reading permissions from /product/etc/permissions/android.software.sip.voip.xml
04-23 14:55:02.975  1042  1075 I SystemConfig: Reading permissions from /product/etc/permissions/com.android.imsserviceentitlement.xml
04-23 14:55:02.977  1042  1075 I SystemConfig: Reading permissions from /system_ext/etc/sysconfig/allowlist_com.stevesoltys.seedvault.xml
04-23 14:55:02.979  1042  1075 I SystemConfig: Reading permissions from /system_ext/etc/permissions/com.android.systemui.xml
04-23 14:55:02.981  1042  1075 I SystemConfig: Reading permissions from /system_ext/etc/permissions/com.android.carrierconfig.xml
04-23 14:55:02.983  1042  1075 I SystemConfig: Reading permissions from /system_ext/etc/permissions/privapp_whitelist_ink.kscope.parallelspace.xml
04-23 14:55:02.984  1042  1075 I SystemConfig: Reading permissions from /system_ext/etc/permissions/privapp_whitelist_com.android.wallpaper.xml
04-23 14:55:02.986  1042  1075 I SystemConfig: Reading permissions from /system_ext/etc/permissions/com.android.provision.xml
04-23 14:55:02.988  1042  1075 I SystemConfig: Reading permissions from /system_ext/etc/permissions/com.android.launcher3.xml
04-23 14:55:02.989  1042  1075 I SystemConfig: Reading permissions from /system_ext/etc/permissions/com.android.settings.xml
04-23 14:55:02.991  1042  1075 I SystemConfig: Reading permissions from /system_ext/etc/permissions/privapp_whitelist_arrow_launcher3.xml
04-23 14:55:02.993  1042  1075 I SystemConfig: Reading permissions from /system_ext/etc/permissions/com.android.bluetooth.bthelper.xml
04-23 14:55:02.995  1042  1075 I SystemConfig: Reading permissions from /system_ext/etc/permissions/com.android.emergency.xml
04-23 14:55:02.997  1042  1075 I SystemConfig: Reading permissions from /system_ext/etc/permissions/permissions_com.stevesoltys.seedvault.xml
04-23 14:55:02.999  1042  1075 I SystemConfig: Reading permissions from /system_ext/etc/permissions/com.android.storagemanager.xml
04-23 14:55:03.002  1042  1075 I SystemConfig: Reading permissions from /apex/com.android.tethering/etc/permissions/permissions.xml
04-23 14:55:03.006  1042  1075 I SystemConfig: Reading permissions from /apex/com.android.permission/etc/permissions/privapp_allowlist_com.android.permissioncontroller.xml
04-23 14:55:03.009  1042  1075 I SystemConfig: Reading permissions from /apex/com.android.mediaprovider/etc/permissions/privapp_allowlist_com.android.providers.media.module.xml
04-23 14:55:03.010   771   813 E IMGMapper: set:481 Failed to decode data for type SMPTE2086
04-23 14:55:03.011   771   813 E IMGMapper: set:481 Failed to decode data for type CTA861_3
04-23 14:55:03.012  1042  1075 I SystemConfig: Reading permissions from /apex/com.android.ipsec/etc/permissions/android.net.ipsec.ike.xml
04-23 14:55:03.015  1042  1075 I SystemConfig: Reading permissions from /apex/com.android.extservices/etc/permissions/privapp_allowlist_android.ext.services.xml
04-23 14:55:03.017  1042  1075 I SystemConfig: Reading permissions from /apex/com.android.cellbroadcast/etc/permissions/privapp_allowlist_com.android.cellbroadcastservice.xml
04-23 14:55:03.019  1042  1075 I SystemConfig: Reading permissions from /apex/com.android.cellbroadcast/etc/permissions/privapp_allowlist_com.android.cellbroadcastreceiver.module.xml
04-23 14:55:03.022  1042  1075 I SystemConfig: Reading permissions from /apex/com.android.btservices/etc/permissions/privapp_allowlist_com.android.bluetooth.xml
04-23 14:55:03.024  1042  1075 I SystemConfig: Reading permissions from /apex/com.android.adservices/etc/permissions/privapp_allowlist_com.android.adservices.api.xml
04-23 14:55:03.042  1042  1042 D BatteryStatsImpl: Reading daily items from /data/system/batterystats-daily.xml
04-23 14:55:03.045   337   337 I hwservicemanager: getTransport: Cannot find entry android.hardware.power.stats@1.0::IPowerStats/default in either framework or device VINTF manifest.
04-23 14:55:03.045  1042  1085 E BatteryStatsService: Unable to load Power.Stats.HAL. Setting rail availability to false
04-23 14:55:03.047  1042  1085 E BluetoothAdapter: Bluetooth service is null
04-23 14:55:03.048  1042  1085 I KernelCpuUidFreqTimeReader: mPerClusterTimesAvailable=false
04-23 14:55:03.051  1042  1085 W KernelCpuUidFreqTimeBpfMapReader: Failed to start tracking
04-23 14:55:03.052   771   813 E IMGMapper: set:481 Failed to decode data for type SMPTE2086
04-23 14:55:03.053   771   813 E IMGMapper: set:481 Failed to decode data for type CTA861_3
04-23 14:55:03.054  1042  1085 W KernelCpuUidActiveTimeBpfMapReader: Failed to start tracking
04-23 14:55:03.055  1042  1085 W KernelCpuUidClusterTimeBpfMapReader: Failed to start tracking
04-23 14:55:03.057  1042  1085 E KernelCpuSpeedReader: Failed to read cpu-freq: /sys/devices/system/cpu/cpu0/cpufreq/stats/time_in_state: open failed: ENOENT (No such file or directory)
04-23 14:55:03.057  1042  1085 E system_server: Cannot read thread CPU times for PID 1042
04-23 14:55:03.060   394   394 I binder:394_B: type=1400 audit(0.0:178): avc: denied { read } for name="wakeup4" dev="sysfs" ino=27212 scontext=u:r:system_suspend:s0 tcontext=u:object_r:sysfs:s0 tclass=dir permissive=1
04-23 14:55:03.060   394   394 I binder:394_B: type=1400 audit(0.0:179): avc: denied { open } for path="/sys/devices/platform/15020000.imgsys/wakeup/wakeup4" dev="sysfs" ino=27212 scontext=u:r:system_suspend:s0 tcontext=u:object_r:sysfs:s0 tclass=dir permissive=1
04-23 14:55:03.060   394   394 I binder:394_B: type=1400 audit(0.0:180): avc: denied { read } for name="event_count" dev="sysfs" ino=27219 scontext=u:r:system_suspend:s0 tcontext=u:object_r:sysfs:s0 tclass=file permissive=1
04-23 14:55:03.060   394   394 I binder:394_B: type=1400 audit(0.0:181): avc: denied { open } for path="/sys/devices/platform/15020000.imgsys/wakeup/wakeup4/event_count" dev="sysfs" ino=27219 scontext=u:r:system_suspend:s0 tcontext=u:object_r:sysfs:s0 tclass=file permissive=1
04-23 14:55:03.060   394   394 I binder:394_B: type=1400 audit(0.0:182): avc: denied { getattr } for path="/sys/devices/platform/15020000.imgsys/wakeup/wakeup4/event_count" dev="sysfs" ino=27219 scontext=u:r:system_suspend:s0 tcontext=u:object_r:sysfs:s0 tclass=file permissive=1
04-23 14:55:03.072   394   394 I binder:394_B: type=1400 audit(0.0:183): avc: denied { read } for name="wakeup9" dev="sysfs" ino=27909 scontext=u:r:system_suspend:s0 tcontext=u:object_r:sys_usb_rawbulk:s0 tclass=dir permissive=1
04-23 14:55:03.072   394   394 I binder:394_B: type=1400 audit(0.0:184): avc: denied { open } for path="/sys/devices/virtual/usb_rawbulk/data/wakeup9" dev="sysfs" ino=27909 scontext=u:r:system_suspend:s0 tcontext=u:object_r:sys_usb_rawbulk:s0 tclass=dir permissive=1
04-23 14:55:03.072   394   394 I binder:394_B: type=1400 audit(0.0:185): avc: denied { read } for name="event_count" dev="sysfs" ino=27916 scontext=u:r:system_suspend:s0 tcontext=u:object_r:sys_usb_rawbulk:s0 tclass=file permissive=1
04-23 14:55:03.072   394   394 I binder:394_B: type=1400 audit(0.0:186): avc: denied { open } for path="/sys/devices/virtual/usb_rawbulk/data/wakeup9/event_count" dev="sysfs" ino=27916 scontext=u:r:system_suspend:s0 tcontext=u:object_r:sys_usb_rawbulk:s0 tclass=file permissive=1
04-23 14:55:03.072   394   394 I binder:394_B: type=1400 audit(0.0:187): avc: denied { getattr } for path="/sys/devices/virtual/usb_rawbulk/data/wakeup9/event_count" dev="sysfs" ino=27916 scontext=u:r:system_suspend:s0 tcontext=u:object_r:sys_usb_rawbulk:s0 tclass=file permissive=1
04-23 14:55:03.090   520   520 W ccci_fsd(1): O: X://LD40_001, flag 0x700, ret 1
04-23 14:55:03.092   520   520 W ccci_fsd(1): O: Y://LD40_001, flag 0x700, ret 1
04-23 14:55:03.094   520   520 W ccci_fsd(1): O: X://LD40_001, flag 0x700, ret 1
04-23 14:55:03.095   771   813 E IMGMapper: set:481 Failed to decode data for type SMPTE2086
04-23 14:55:03.095   771   813 E IMGMapper: set:481 Failed to decode data for type CTA861_3
04-23 14:55:03.097   520   520 W ccci_fsd(1): O: Y://LD40_001, flag 0x700, ret 1
04-23 14:55:03.098   520   520 W ccci_fsd(1): O: X://LD40_001, flag 0x700, ret 1
04-23 14:55:03.099   520   520 W ccci_fsd(1): O: Y://LD40_001, flag 0x700, ret 1
04-23 14:55:03.101   520   520 W ccci_fsd(1): O: X://LD40_001, flag 0x700, ret 1
04-23 14:55:03.103   520   520 W ccci_fsd(1): O: Y://LD40_001, flag 0x700, ret 1
04-23 14:55:03.104   520   520 W ccci_fsd(1): O: X://LD40_001, flag 0x700, ret 1
04-23 14:55:03.105   520   520 W ccci_fsd(1): O: Y://LD40_001, flag 0x700, ret 1
04-23 14:55:03.115   646   749 D AAL     : 04-23 02:55:03.049 BL=4091,ESS= 256, 04-23 02:55:03.065 BL=4087,ESS= 256, 04-23 02:55:03.082 BL=4083,ESS= 256, 04-23 02:55:03.099 BL=4079,ESS= 256, 04-23 02:55:03.115 BL=4075,ESS= 256, 
04-23 14:55:03.116  1042  1085 W KernelMemoryBandwidthStats: No kernel memory bandwidth stats available
04-23 14:55:03.136   771   813 E IMGMapper: set:481 Failed to decode data for type SMPTE2086
04-23 14:55:03.136   771   813 E IMGMapper: set:481 Failed to decode data for type CTA861_3
04-23 14:55:03.140   484   484 I memtrack@1.0-se: type=1400 audit(0.0:188): avc: denied { read } for name="driver_stats" dev="proc" ino=4026533374 scontext=u:r:hal_memtrack_default:s0 tcontext=u:object_r:proc:s0 tclass=file permissive=1
04-23 14:55:03.140   484   484 I memtrack@1.0-se: type=1400 audit(0.0:189): avc: denied { open } for path="/proc/pvr/driver_stats" dev="proc" ino=4026533374 scontext=u:r:hal_memtrack_default:s0 tcontext=u:object_r:proc:s0 tclass=file permissive=1
04-23 14:55:03.140   484   484 I memtrack@1.0-se: type=1400 audit(0.0:190): avc: denied { getattr } for path="/proc/pvr/driver_stats" dev="proc" ino=4026533374 scontext=u:r:hal_memtrack_default:s0 tcontext=u:object_r:proc:s0 tclass=file permissive=1
04-23 14:55:03.145  1042  1042 I AppOps  : No existing app ops /data/system/appops.xml; starting empty
04-23 14:55:03.150  1042  1042 I IntentFirewall: Read new rules (A:0 B:0 S:0)
04-23 14:55:03.153  1042  1042 D OomAdjuster: Not killing cached processes
04-23 14:55:03.156  1042  1042 D AppOps  : AppOpsService published
04-23 14:55:03.158  1042  1042 D SystemServerTiming: StartDataLoaderManagerService
04-23 14:55:03.158  1042  1042 I SystemServiceManager: Starting com.android.server.pm.DataLoaderManagerService
04-23 14:55:03.158  1042  1089 I CriticalEventLog: No log found, returning empty log proto.
04-23 14:55:03.159  1042  1042 D SystemServerTiming: StartIncrementalService
04-23 14:55:03.160  1042  1042 D SystemServerTiming: StartPowerManager
04-23 14:55:03.160  1042  1042 I SystemServiceManager: Starting com.android.server.power.PowerManagerService
04-23 14:55:03.166   336   336 I servicemanager: Could not find android.hardware.power.IPower/default in the VINTF manifest.
04-23 14:55:03.167   337   337 I hwservicemanager: getTransport: Cannot find entry android.hardware.power@1.0::IPower/default in either framework or device VINTF manifest.
04-23 14:55:03.169  1042  1042 D SystemServerTiming: StartThermalManager
04-23 14:55:03.169  1042  1042 I SystemServiceManager: Starting com.android.server.power.ThermalManagerService
04-23 14:55:03.170  1042  1042 D SystemServerTiming: StartHintManager
04-23 14:55:03.170  1042  1042 I SystemServiceManager: Starting com.android.server.power.hint.HintManagerService
04-23 14:55:03.171  1042  1042 D SystemServerTiming: InitPowerManagement
04-23 14:55:03.173  1042  1042 D SystemServerTiming: StartRecoverySystemService
04-23 14:55:03.173  1042  1042 I SystemServiceManager: Starting com.android.server.recoverysystem.RecoverySystemService$Lifecycle
04-23 14:55:03.175  1042  1042 I PackageWatchdog: Syncing state, reason: added new observer
04-23 14:55:03.175  1042  1042 I PackageWatchdog: Not pruning observers, elapsed time: 0ms
04-23 14:55:03.175  1042  1042 I PackageWatchdog: Cancelling state sync, nothing to sync
04-23 14:55:03.175  1042  1077 I PackageWatchdog: Saving observer state to file
04-23 14:55:03.177  1042  1042 D SystemServerTiming: StartLightsService
04-23 14:55:03.177  1042  1042 I SystemServiceManager: Starting com.android.server.lights.LightsService
04-23 14:55:03.178   336   336 I servicemanager: Found android.hardware.light.ILights/default in device VINTF manifest.
04-23 14:55:03.178   771   813 E IMGMapper: set:481 Failed to decode data for type SMPTE2086
04-23 14:55:03.178   771   813 E IMGMapper: set:481 Failed to decode data for type CTA861_3
04-23 14:55:03.176  1042  1042 I system_server: type=1400 audit(0.0:191): avc: denied { call } for scontext=u:r:system_server:s0 tcontext=u:r:init:s0 tclass=binder permissive=1
04-23 14:55:03.181  1042  1042 D SystemServerTiming: StartDisplayOffloadService
04-23 14:55:03.181  1042  1042 D SystemServerTiming: StartSidekickService
04-23 14:55:03.181  1042  1042 D SystemServerTiming: StartDisplayManager
04-23 14:55:03.181  1042  1042 I SystemServiceManager: Starting com.android.server.display.DisplayManagerService
04-23 14:55:03.187  1042  1042 D SystemServerTiming: WaitForDisplay
04-23 14:55:03.187  1042  1042 I SystemServiceManager: Starting phase 100
04-23 14:55:03.187  1042  1042 D SystemServerTiming: OnBootPhase_100
04-23 14:55:03.187  1042  1042 D SystemServerTiming: OnBootPhase_100_com.android.server.security.FileIntegrityService
04-23 14:55:03.187  1042  1042 D SystemServerTiming: OnBootPhase_100_com.android.server.pm.Installer
04-23 14:55:03.187  1042  1042 D SystemServerTiming: OnBootPhase_100_com.android.server.os.DeviceIdentifiersPolicyService
04-23 14:55:03.187  1042  1042 D SystemServerTiming: OnBootPhase_100_com.android.server.uri.UriGrantsManagerService$Lifecycle
04-23 14:55:03.187  1042  1042 D SystemServerTiming: OnBootPhase_100_com.android.server.powerstats.PowerStatsService
04-23 14:55:03.187  1042  1042 D SystemServerTiming: OnBootPhase_100_com.android.server.wm.ActivityTaskManagerService$Lifecycle
04-23 14:55:03.187  1042  1042 D SystemServerTiming: OnBootPhase_100_com.android.server.am.ActivityManagerService$Lifecycle
04-23 14:55:03.187  1042  1042 D SystemServerTiming: OnBootPhase_100_com.android.server.pm.DataLoaderManagerService
04-23 14:55:03.187  1042  1042 D SystemServerTiming: OnBootPhase_100_com.android.server.power.PowerManagerService
04-23 14:55:03.187  1042  1042 D SystemServerTiming: OnBootPhase_100_com.android.server.power.ThermalManagerService
04-23 14:55:03.187  1042  1042 D SystemServerTiming: OnBootPhase_100_com.android.server.power.hint.HintManagerService
04-23 14:55:03.187  1042  1042 D SystemServerTiming: OnBootPhase_100_com.android.server.recoverysystem.RecoverySystemService$Lifecycle
04-23 14:55:03.187  1042  1042 D SystemServerTiming: OnBootPhase_100_com.android.server.lights.LightsService
04-23 14:55:03.187  1042  1042 D SystemServerTiming: OnBootPhase_100_com.android.server.display.DisplayManagerService
04-23 14:55:03.189   516   554 E HWComposer: getSupportedContentTypes: getSupportedContentTypes failed for display 0: Unsupported (8)
04-23 14:55:03.190  1042  1071 E LocalDisplayAdapter: Can't find display mode with id -1
04-23 14:55:03.190  1042  1071 W LocalDisplayAdapter: DisplayModeSpecs base mode no longer available, using currently active mode.
04-23 14:55:03.194  1042  1071 I DisplayDeviceRepository: Display device added: DisplayDeviceInfo{"Built-in Screen": uniqueId="local:0", 720 x 1600, modeId 1, defaultModeId 1, supportedModes [{id=1, width=720, height=1600, fps=60.0, alternativeRefreshRates=[]}], colorMode 0, supportedColorModes [0], hdrCapabilities HdrCapabilities{mSupportedHdrTypes=[], mMaxLuminance=500.0, mMaxAverageLuminance=500.0, mMinLuminance=0.0}, allmSupported false, gameContentTypeSupported false, density 320, 268.941 x 269.139 dpi, appVsyncOff 1000000, presDeadline 16666667, touch INTERNAL, rotation 0, type INTERNAL, address {port=0}, deviceProductInfo null, state UNKNOWN, frameRateOverride , brightnessMinimum 0.0, brightnessMaximum 1.0, brightnessDefault 0.39763778, FLAG_ALLOWED_TO_BE_DEFAULT_DISPLAY, FLAG_ROTATES_WITH_CONTENT, FLAG_SECURE, FLAG_SUPPORTS_PROTECTED_BUFFERS, installOrientation 0}
04-23 14:55:03.195  1042  1071 I LogicalDisplayMapper: Applying layout: [{addr: {port=0}, dispId: 0(ON)}], Previous layout: null
04-23 14:55:03.197   646   749 D AAL     : 04-23 02:55:03.131 BL=4071,ESS= 256, 04-23 02:55:03.148 BL=4067,ESS= 256, 04-23 02:55:03.164 BL=4063,ESS= 256, 04-23 02:55:03.181 BL=4059,ESS= 256, 04-23 02:55:03.197 BL=4055,ESS= 256, 
04-23 14:55:03.198  1042  1071 I LogicalDisplayMapper: Adding new display: 0: DisplayInfo{"Built-in Screen", displayId 0", displayGroupId -1, FLAG_SECURE, FLAG_SUPPORTS_PROTECTED_BUFFERS, FLAG_TRUSTED, real 720 x 1600, largest app 720 x 1600, smallest app 720 x 1600, appVsyncOff 1000000, presDeadline 16666667, mode 1, defaultMode 1, modes [{id=1, width=720, height=1600, fps=60.0, alternativeRefreshRates=[]}], hdrCapabilities HdrCapabilities{mSupportedHdrTypes=[], mMaxLuminance=500.0, mMaxAverageLuminance=500.0, mMinLuminance=0.0}, userDisabledHdrTypes [], minimalPostProcessingSupported false, rotation 0, state UNKNOWN, type INTERNAL, uniqueId "local:0", app 720 x 1600, density 320 (268.941 x 269.139) dpi, layerStack 0, colorMode 0, supportedColorModes [0], address {port=0}, deviceProductInfo null, removeMode 0, refreshRateOverride 0.0, brightnessMinimum 0.0, brightnessMaximum 1.0, brightnessDefault 0.39763778, installOrientation ROTATION_0}
04-23 14:55:03.198  1042  1071 I LogicalDisplayMapper: Setting new display group 0 for display 0, from previous group: null
04-23 14:55:03.199  1042  1071 W android.permission.PermissionManager: Missing ActivityManager; assuming 1000 holds android.permission.READ_DEVICE_CONFIG
04-23 14:55:03.205  1042  1042 D SystemServerTiming: StartDomainVerificationService
04-23 14:55:03.208  1042  1042 D SystemServerTiming: StartPackageManagerService
04-23 14:55:03.208  1042  1042 I Watchdog: Pausing HandlerChecker: main thread for reason: packagemanagermain. Pause count: 1
04-23 14:55:03.209  1042  1042 D PackageManagerTiming: create package manager
04-23 14:55:03.213  1042  1042 D PackageManagerTiming: createSubComponents
04-23 14:55:03.220   771   813 E IMGMapper: set:481 Failed to decode data for type SMPTE2086
04-23 14:55:03.220   771   813 E IMGMapper: set:481 Failed to decode data for type CTA861_3
04-23 14:55:03.229  1042  1042 W FileUtils: Failed to chmod(/data/system/packages.list): android.system.ErrnoException: chmod failed: ENOENT (No such file or directory)
04-23 14:55:03.232   481   544 I hwcomposer: [HWCDisplay] [Display_0 (type:1)] fps:24.039190,dur:1039.97,max:49.94,min:32.51  
04-23 14:55:03.232  1042  1042 D PackageManagerTiming: addSharedUsers
04-23 14:55:03.234  1042  1042 W BackgroundDexOptService: SysProp pm.dexopt.downgrade_after_inactive_days not set
04-23 14:55:03.235  1042  1042 D PackageManagerTiming: get system config
04-23 14:55:03.239  1042  1042 D SELinuxMMAC: Using policy file /system/etc/selinux/plat_mac_permissions.xml
04-23 14:55:03.242  1042  1042 D SELinuxMMAC: Using policy file /system_ext/etc/selinux/system_ext_mac_permissions.xml
04-23 14:55:03.243  1042  1042 D SELinuxMMAC: Using policy file /vendor/etc/selinux/vendor_mac_permissions.xml
04-23 14:55:03.245  1042  1042 D PackageManagerTiming: loadFallbacks
04-23 14:55:03.246  1042  1042 D FallbackCategoryProvider: Found 1 fallback categories
04-23 14:55:03.246  1042  1042 D PackageManagerTiming: read user settings
04-23 14:55:03.247  1042  1042 I PackageManager: No settings file; creating initial state
04-23 14:55:03.249  1042  1042 D PackageManagerTiming: setFirstBoot: 
04-23 14:55:03.252  1042  1042 D PackageManager: Directories scanned as system partitions: [/system:0, /vendor:524288, /odm:4194304, /oem:262144, /product:1048576, /system/system_ext:2097152, /apex/com.android.wifi:8388608, /apex/com.android.vndk.v33:8388608, /apex/com.android.uwb:8388608, /apex/com.android.tzdata:8388608, /apex/com.android.tethering:8388608, /apex/com.android.sdkext:8388608, /apex/com.android.scheduling:8388608, /apex/com.android.runtime:8388608, /apex/com.android.resolv:8388608, /apex/com.android.permission:8388608, /apex/com.android.os.statsd:8388608, /apex/com.android.ondevicepersonalization:8388608, /apex/com.android.neuralnetworks:8388608, /apex/com.android.mediaprovider:8388608, /apex/com.android.media.swcodec:8388608, /apex/com.android.media:8388608, /apex/com.android.ipsec:8388608, /apex/com.android.i18n:8388608, /apex/com.android.extservices:8388608, /apex/com.android.conscrypt:8388608, /apex/com.android.cellbroadcast:8388608, /apex/com.android.btservices:8388608, /apex/com.android.art:8388608, /apex/com.android.appsearch:8388608, /apex/com.android.adservices:8388608, /apex/com.android.adbd:8388608]
04-23 14:55:03.255  1042  1042 D PackageManager: No files in app dir /system/system_ext/overlay
04-23 14:55:03.262   771   813 E IMGMapper: set:481 Failed to decode data for type SMPTE2086
04-23 14:55:03.262   771   813 E IMGMapper: set:481 Failed to decode data for type CTA861_3
04-23 14:55:03.267  1042  1042 I PackageManager: /product/overlay/FontOppoSans changed; collecting certs
04-23 14:55:03.280   646   749 D AAL     : 04-23 02:55:03.214 BL=4051,ESS= 256, 04-23 02:55:03.230 BL=4047,ESS= 256, 04-23 02:55:03.247 BL=4043,ESS= 256, 04-23 02:55:03.263 BL=4039,ESS= 256, 04-23 02:55:03.280 BL=4035,ESS= 256, 
04-23 14:55:03.288  1042  1042 I PackageBackwardCompatibility: Loaded android.content.pm.AndroidTestBaseUpdater
04-23 14:55:03.290  1042  1042 D CompatibilityChangeReporter: Compat change id reported: 143539591; UID -1; state: DISABLED
04-23 14:55:03.291  1042  1042 D CompatibilityChangeReporter: Compat change id reported: 168782947; UID -1; state: ENABLED
04-23 14:55:03.296  1042  1042 I PackageManager: /product/overlay/FontInter changed; collecting certs
04-23 14:55:03.303  1042  1042 I PackageManager: /product/overlay/AndroidBlackThemeOverlay changed; collecting certs
04-23 14:55:03.305   771   813 E IMGMapper: set:481 Failed to decode data for type SMPTE2086
04-23 14:55:03.305   771   813 E IMGMapper: set:481 Failed to decode data for type CTA861_3
04-23 14:55:03.309  1042  1042 I PackageManager: /product/overlay/IconPackKaiThemePicker changed; collecting certs
04-23 14:55:03.313  1042  1042 I PackageManager: /product/overlay/IconPackRoundedSystemUI changed; collecting certs
04-23 14:55:03.318  1042  1042 I PackageManager: /product/overlay/NavigationBarModeGestural changed; collecting certs
04-23 14:55:03.323  1042  1042 I PackageManager: /product/overlay/NavigationBarModeGesturalWideBack changed; collecting certs
04-23 14:55:03.328  1042  1042 I PackageManager: /product/overlay/IconPackFilledLauncher changed; collecting certs
04-23 14:55:03.333  1042  1042 I PackageManager: /product/overlay/IconPackCircularAndroid changed; collecting certs
04-23 14:55:03.339  1042  1042 I PackageManager: /product/overlay/IconShapeTeardrop changed; collecting certs
04-23 14:55:03.344  1042  1042 I PackageManager: /product/overlay/IconPackRoundedLauncher changed; collecting certs
04-23 14:55:03.345   771   813 E IMGMapper: set:481 Failed to decode data for type SMPTE2086
04-23 14:55:03.345   771   813 E IMGMapper: set:481 Failed to decode data for type CTA861_3
04-23 14:55:03.350  1042  1042 I PackageManager: /product/overlay/IconPackSamSettings changed; collecting certs
04-23 14:55:03.355  1042  1042 I PackageManager: /product/overlay/IconPackVictorSettings changed; collecting certs
04-23 14:55:03.359  1042  1042 I PackageManager: /product/overlay/IconPackSamSystemUI changed; collecting certs
04-23 14:55:03.362   646   749 D AAL     : 04-23 02:55:03.296 BL=4031,ESS= 256, 04-23 02:55:03.313 BL=4027,ESS= 256, 04-23 02:55:03.329 BL=4023,ESS= 256, 04-23 02:55:03.346 BL=4019,ESS= 256, 04-23 02:55:03.362 BL=4015,ESS= 256, 
04-23 14:55:03.364  1042  1042 I PackageManager: /product/overlay/IconPackVictorThemePicker changed; collecting certs
04-23 14:55:03.368  1042  1042 I PackageManager: /product/overlay/NavigationBarMode3Button changed; collecting certs
04-23 14:55:03.373  1042  1042 I PackageManager: /product/overlay/IconPackKaiSystemUI changed; collecting certs
04-23 14:55:03.379  1042  1042 I PackageManager: /product/overlay/IconPackVictorSystemUI changed; collecting certs
04-23 14:55:03.384  1042  1042 I PackageManager: /product/overlay/DisplayCutoutEmulationWaterfall changed; collecting certs
04-23 14:55:03.388   771   813 E IMGMapper: set:481 Failed to decode data for type SMPTE2086
04-23 14:55:03.388   771   813 E IMGMapper: set:481 Failed to decode data for type CTA861_3
04-23 14:55:03.391  1042  1042 I PackageManager: /product/overlay/IconPackKaiSettings changed; collecting certs
04-23 14:55:03.395  1042  1042 I PackageManager: /product/overlay/IconPackKaiLauncher changed; collecting certs
04-23 14:55:03.400  1042  1042 I PackageManager: /product/overlay/IconPackRoundedAndroid changed; collecting certs
04-23 14:55:03.404  1042  1042 I PackageManager: /product/overlay/NavigationBarModeGesturalExtraWideBack changed; collecting certs
04-23 14:55:03.409  1042  1042 I PackageManager: /product/overlay/IconPackKaiAndroid changed; collecting certs
04-23 14:55:03.414  1042  1042 I PackageManager: /product/overlay/IconShapePebble changed; collecting certs
04-23 14:55:03.419  1042  1042 I PackageManager: /product/overlay/IconPackFilledAndroid changed; collecting certs
04-23 14:55:03.424  1042  1042 I PackageManager: /product/overlay/IconShapeRoundedRect changed; collecting certs
04-23 14:55:03.429   771   813 E IMGMapper: set:481 Failed to decode data for type SMPTE2086
04-23 14:55:03.429   771   813 E IMGMapper: set:481 Failed to decode data for type CTA861_3
04-23 14:55:03.431  1042  1042 I PackageManager: /product/overlay/IconPackRoundedSettings changed; collecting certs
04-23 14:55:03.435  1042  1042 I PackageManager: /product/overlay/FontGoogleSansLato changed; collecting certs
04-23 14:55:03.439  1042  1042 I PackageManager: /product/overlay/IconPackCircularThemePicker changed; collecting certs
04-23 14:55:03.444  1042  1042 I PackageManager: /product/overlay/IconShapeSquare changed; collecting certs
04-23 14:55:03.445   646   749 D AAL     : 04-23 02:55:03.379 BL=4011,ESS= 256, 04-23 02:55:03.395 BL=4007,ESS= 256, 04-23 02:55:03.412 BL=4003,ESS= 256, 04-23 02:55:03.428 BL=3999,ESS= 256, 04-23 02:55:03.445 BL=3995,ESS= 256, 
04-23 14:55:03.449  1042  1042 I PackageManager: /product/overlay/DisplayCutoutEmulationTall changed; collecting certs
04-23 14:55:03.454  1042  1042 I PackageManager: /product/overlay/IconPackSamThemePicker changed; collecting certs
04-23 14:55:03.459  1042  1042 I PackageManager: /product/overlay/IconPackVictorAndroid changed; collecting certs
04-23 14:55:03.465  1042  1042 I PackageManager: /product/overlay/IconPackCircularLauncher changed; collecting certs
04-23 14:55:03.470   771   813 E IMGMapper: set:481 Failed to decode data for type SMPTE2086
04-23 14:55:03.471   771   813 E IMGMapper: set:481 Failed to decode data for type CTA861_3
04-23 14:55:03.471  1042  1042 I PackageManager: /product/overlay/IconShapeTaperedRect changed; collecting certs
04-23 14:55:03.476  1042  1042 I PackageManager: /product/overlay/IconPackFilledSystemUI changed; collecting certs
04-23 14:55:03.481  1042  1042 I PackageManager: /product/overlay/FontGoogleSans changed; collecting certs
04-23 14:55:03.485  1042  1042 I PackageManager: /product/overlay/IconPackCircularSettings changed; collecting certs
04-23 14:55:03.490  1042  1042 I PackageManager: /product/overlay/IconShapeSquircle changed; collecting certs
04-23 14:55:03.495  1042  1042 I PackageManager: /product/overlay/DisplayCutoutEmulationCorner changed; collecting certs
04-23 14:55:03.500  1042  1042 I PackageManager: /product/overlay/NetworkStackOverlay.apk changed; collecting certs
04-23 14:55:03.506  1042  1042 I PackageManager: /product/overlay/DisplayCutoutEmulationDouble changed; collecting certs
04-23 14:55:03.512   771   813 E IMGMapper: set:481 Failed to decode data for type SMPTE2086
04-23 14:55:03.512   771   813 E IMGMapper: set:481 Failed to decode data for type CTA861_3
04-23 14:55:03.512  1042  1042 I PackageManager: /product/overlay/IconPackRoundedTheme changed; collecting certs
04-23 14:55:03.517  1042  1042 I PackageManager: /product/overlay/DisplayCutoutEmulationHole changed; collecting certs
04-23 14:55:03.522  1042  1042 I PackageManager: /product/overlay/IconPackVictorLauncher changed; collecting certs
04-23 14:55:03.526  1042  1042 I PackageManager: /product/overlay/IconPackSamLauncher changed; collecting certs
04-23 14:55:03.528   646   749 D AAL     : 04-23 02:55:03.462 BL=3991,ESS= 256, 04-23 02:55:03.478 BL=3987,ESS= 256, 04-23 02:55:03.495 BL=3983,ESS= 256, 04-23 02:55:03.511 BL=3979,ESS= 256, 04-23 02:55:03.528 BL=3975,ESS= 256, 
04-23 14:55:03.531  1042  1042 I PackageManager: /product/overlay/IconPackFilledSettings changed; collecting certs
04-23 14:55:03.536  1042  1042 I PackageManager: /product/overlay/IconPackFilledThemePicker changed; collecting certs
04-23 14:55:03.542  1042  1042 I PackageManager: /product/overlay/IconPackCircularSystemUI changed; collecting certs
04-23 14:55:03.548  1042  1042 I PackageManager: /product/overlay/IconShapeVessel changed; collecting certs
04-23 14:55:03.553  1042  1042 I PackageManager: /product/overlay/IconPackSamAndroid changed; collecting certs
04-23 14:55:03.554   771   813 E IMGMapper: set:481 Failed to decode data for type SMPTE2086
04-23 14:55:03.554   771   813 E IMGMapper: set:481 Failed to decode data for type CTA861_3
04-23 14:55:03.559  1042  1042 I PackageManager: /product/overlay/NavigationBarModeGesturalNarrowBack changed; collecting certs
04-23 14:55:03.564  1042  1042 I PackageManager: /product/overlay/NavigationBarNoHintOverlay.apk changed; collecting certs
04-23 14:55:03.569  1042  1042 D PackageManager: No files in app dir /oem/overlay
04-23 14:55:03.569  1042  1042 D PackageManager: No files in app dir /odm/overlay
04-23 14:55:03.569  1042  1042 D PackageManager: No files in app dir /vendor/overlay
04-23 14:55:03.571  1042  1042 W PackageManager: Failed to parse /system/framework/arm: Missing base APK in /system/framework/arm
04-23 14:55:03.571  1042  1042 W PackageManager: Failed to parse /system/framework/oat: Missing base APK in /system/framework/oat/arm
04-23 14:55:03.595   771   813 E IMGMapper: set:481 Failed to decode data for type SMPTE2086
04-23 14:55:03.595   771   813 E IMGMapper: set:481 Failed to decode data for type CTA861_3
04-23 14:55:03.610   646   749 D AAL     : 04-23 02:55:03.544 BL=3971,ESS= 256, 04-23 02:55:03.561 BL=3967,ESS= 256, 04-23 02:55:03.577 BL=3963,ESS= 256, 04-23 02:55:03.594 BL=3959,ESS= 256, 04-23 02:55:03.610 BL=3955,ESS= 256, 
04-23 14:55:03.625  1042  1100 W PackageParsing: android defines a knownSigner permission but the provided knownCerts resource is null
04-23 14:55:03.626  1042  1100 W PackageParsing: android defines a knownSigner permission but the provided knownCerts resource is null
04-23 14:55:03.626  1042  1100 W PackageParsing: android defines a knownSigner permission but the provided knownCerts resource is null
04-23 14:55:03.637   771   813 E IMGMapper: set:481 Failed to decode data for type SMPTE2086
04-23 14:55:03.637   771   813 E IMGMapper: set:481 Failed to decode data for type CTA861_3
04-23 14:55:03.658  1042  1042 I PackageManager: /system/framework/framework-res.apk changed; collecting certs
04-23 14:55:03.668  1042  1042 W PackageManager: Adding duplicate shared id: 1000 name=android
04-23 14:55:03.680   771   813 E IMGMapper: set:481 Failed to decode data for type SMPTE2086
04-23 14:55:03.681   771   813 E IMGMapper: set:481 Failed to decode data for type CTA861_3
04-23 14:55:03.685  1042  1042 I PackageManager: /system/priv-app/ExternalStorageProvider changed; collecting certs
04-23 14:55:03.691  1042  1042 I PackageManager: /system/priv-app/CtsShimPrivPrebuilt changed; collecting certs
04-23 14:55:03.693   646   749 D AAL     : 04-23 02:55:03.627 BL=3951,ESS= 256, 04-23 02:55:03.643 BL=3947,ESS= 256, 04-23 02:55:03.660 BL=3943,ESS= 256, 04-23 02:55:03.677 BL=3939,ESS= 256, 04-23 02:55:03.693 BL=3935,ESS= 256, 
04-23 14:55:03.695  1042  1042 D CompatibilityChangeReporter: Compat change id reported: 168782947; UID -1; state: DISABLED
04-23 14:55:03.697  1042  1042 I PackageManager: New shared user android.uid.calendar: id=10056
04-23 14:55:03.698  1042  1042 I PackageManager: /system/priv-app/CalendarProvider changed; collecting certs
04-23 14:55:03.702  1042  1042 W PackageManager: Adding duplicate app id: 10056 name=com.android.providers.calendar
04-23 14:55:03.704  1042  1042 I PackageManager: New shared user android.media: id=10057
04-23 14:55:03.704  1042  1042 I PackageManager: /system/priv-app/DownloadProvider changed; collecting certs
04-23 14:55:03.709  1042  1042 W PackageManager: Adding duplicate app id: 10057 name=com.android.providers.downloads
04-23 14:55:03.711  1042  1042 I PackageManager: /system/priv-app/LocalTransport changed; collecting certs
04-23 14:55:03.716  1042  1042 W PackageManager: Adding duplicate shared id: 1000 name=com.android.localtransport
04-23 14:55:03.718  1042  1042 I PackageManager: /system/priv-app/NetworkStackNext changed; collecting certs
04-23 14:55:03.722   771   813 E IMGMapper: set:481 Failed to decode data for type SMPTE2086
04-23 14:55:03.722   771   813 E IMGMapper: set:481 Failed to decode data for type CTA861_3
04-23 14:55:03.724   570   570 W HidlServiceManagement: Waited one second for android.frameworks.sensorservice@1.0::ISensorManager/default
04-23 14:55:03.725   337   337 I hwservicemanager: Since android.frameworks.sensorservice@1.0::ISensorManager/default is not registered, trying to start it as a lazy HAL.
04-23 14:55:03.725   570   570 I HidlServiceManagement: getService: Trying again for android.frameworks.sensorservice@1.0::ISensorManager/default...
04-23 14:55:03.726   337  1108 W libc    : Unable to set property "ctl.interface_start" to "android.frameworks.sensorservice@1.0::ISensorManager/default": error code: 0x20
04-23 14:55:03.727   337  1108 I hwservicemanager: Tried to start android.frameworks.sensorservice@1.0::ISensorManager/default as a lazy service, but was unable to. Usually this happens when a service is not installed, but if the service is intended to be used as a lazy service, then it may be configured incorrectly.
04-23 14:55:03.729  1042  1042 W PackageManager: Adding duplicate shared id: 1073 name=com.android.networkstack
04-23 14:55:03.732  1042  1042 I PackageManager: /system/priv-app/ONS changed; collecting certs
04-23 14:55:03.736  1042  1042 W PackageManager: Adding duplicate shared id: 1001 name=com.android.ons
04-23 14:55:03.738  1042  1042 I PackageManager: /system/priv-app/StatementService changed; collecting certs
04-23 14:55:03.743  1042  1042 I PackageManager: /system/priv-app/MediaProviderLegacy changed; collecting certs
04-23 14:55:03.749  1042  1100 W PackageParsing: Ignoring duplicate uses-permissions/uses-permissions-sdk-m: android.permission.POST_NOTIFICATIONS in package: com.android.phone at: Binary XML file line #162
04-23 14:55:03.750  1042  1042 W PackageManager: Adding duplicate app id: 10057 name=com.android.providers.media
04-23 14:55:03.752  1042  1042 I PackageManager: /system/priv-app/VpnDialogs changed; collecting certs
04-23 14:55:03.760  1042  1042 I PackageManager: /system/priv-app/LiveWallpapersPicker changed; collecting certs
04-23 14:55:03.764   771   813 E IMGMapper: set:481 Failed to decode data for type SMPTE2086
04-23 14:55:03.764   771   813 E IMGMapper: set:481 Failed to decode data for type CTA861_3
04-23 14:55:03.768  1042  1042 I PackageManager: /system/priv-app/MtpService changed; collecting certs
04-23 14:55:03.773  1042  1042 W PackageManager: Adding duplicate app id: 10057 name=com.android.mtp
04-23 14:55:03.775  1042  1042 I PackageManager: /system/priv-app/PackageInstaller changed; collecting certs
04-23 14:55:03.775   646   749 D AAL     : 04-23 02:55:03.709 BL=3931,ESS= 256, 04-23 02:55:03.726 BL=3927,ESS= 256, 04-23 02:55:03.742 BL=3923,ESS= 256, 04-23 02:55:03.759 BL=3919,ESS= 256, 04-23 02:55:03.775 BL=3915,ESS= 256, 
04-23 14:55:03.782  1042  1042 I PackageManager: /system/priv-app/ProxyHandler changed; collecting certs
04-23 14:55:03.787  1042  1042 I PackageManager: New shared user android.uid.shared: id=10063
04-23 14:55:03.787  1042  1042 I PackageManager: /system/priv-app/UserDictionaryProvider changed; collecting certs
04-23 14:55:03.793  1042  1042 W PackageManager: Adding duplicate app id: 10063 name=com.android.providers.userdictionary
04-23 14:55:03.795  1042  1042 I PackageManager: /system/priv-app/TeleService changed; collecting certs
04-23 14:55:03.796   705   705 W HidlServiceManagement: Waited one second for android.hardware.usb.gadget@1.0::IUsbGadget/default
04-23 14:55:03.796   337   337 I hwservicemanager: Since android.hardware.usb.gadget@1.0::IUsbGadget/default is not registered, trying to start it as a lazy HAL.
04-23 14:55:03.797   705   705 I HidlServiceManagement: getService: Trying again for android.hardware.usb.gadget@1.0::IUsbGadget/default...
04-23 14:55:03.799   337  1109 W libc    : Unable to set property "ctl.interface_start" to "android.hardware.usb.gadget@1.0::IUsbGadget/default": error code: 0x20
04-23 14:55:03.799   337  1109 I hwservicemanager: Tried to start android.hardware.usb.gadget@1.0::IUsbGadget/default as a lazy service, but was unable to. Usually this happens when a service is not installed, but if the service is intended to be used as a lazy service, then it may be configured incorrectly.
04-23 14:55:03.801  1042  1042 W PackageManager: Adding duplicate shared id: 1001 name=com.android.phone
04-23 14:55:03.804  1042  1042 I PackageManager: /system/priv-app/BlockedNumberProvider changed; collecting certs
04-23 14:55:03.807   771   813 E IMGMapper: set:481 Failed to decode data for type SMPTE2086
04-23 14:55:03.807   771   813 E IMGMapper: set:481 Failed to decode data for type CTA861_3
04-23 14:55:03.809   337   337 I hwservicemanager: Since android.frameworks.sensorservice@1.0::ISensorManager/default is not registered, trying to start it as a lazy HAL.
04-23 14:55:03.809   646   752 D AALLightSensor: sensorservice is not ready
04-23 14:55:03.810   337  1110 W libc    : Unable to set property "ctl.interface_start" to "android.frameworks.sensorservice@1.0::ISensorManager/default": error code: 0x20
04-23 14:55:03.810   337  1110 I hwservicemanager: Tried to start android.frameworks.sensorservice@1.0::ISensorManager/default as a lazy service, but was unable to. Usually this happens when a service is not installed, but if the service is intended to be used as a lazy service, then it may be configured incorrectly.
04-23 14:55:03.811  1042  1042 W PackageManager: Adding duplicate app id: 10063 name=com.android.providers.blockednumber
04-23 14:55:03.813  1042  1042 I PackageManager: /system/priv-app/InputDevices changed; collecting certs
04-23 14:55:03.817  1042  1042 W PackageManager: Adding duplicate shared id: 1000 name=com.android.inputdevices
04-23 14:55:03.819  1042  1042 I PackageManager: /system/priv-app/Shell changed; collecting certs
04-23 14:55:03.824  1042  1042 W PackageManager: Adding duplicate shared id: 2000 name=com.android.shell
04-23 14:55:03.826  1042  1042 I PackageManager: /system/priv-app/IntentResolver changed; collecting certs
04-23 14:55:03.832  1042  1042 I PackageManager: /system/priv-app/SharedStorageBackup changed; collecting certs
04-23 14:55:03.838  1042  1042 I PackageManager: /system/priv-app/FusedLocation changed; collecting certs
04-23 14:55:03.843  1042  1042 W PackageManager: Adding duplicate shared id: 1000 name=com.android.location.fused
04-23 14:55:03.846  1042  1042 I PackageManager: /system/priv-app/SettingsProvider changed; collecting certs
04-23 14:55:03.848   771   813 E IMGMapper: set:481 Failed to decode data for type SMPTE2086
04-23 14:55:03.848   771   813 E IMGMapper: set:481 Failed to decode data for type CTA861_3
04-23 14:55:03.852  1042  1042 W PackageManager: Adding duplicate shared id: 1000 name=com.android.providers.settings
04-23 14:55:03.854  1042  1042 I PackageManager: /system/priv-app/DynamicSystemInstallationService changed; collecting certs
04-23 14:55:03.858   646   749 D AAL     : 04-23 02:55:03.792 BL=3911,ESS= 256, 04-23 02:55:03.808 BL=3907,ESS= 256, 04-23 02:55:03.825 BL=3903,ESS= 256, 04-23 02:55:03.841 BL=3899,ESS= 256, 04-23 02:55:03.858 BL=3895,ESS= 256, 
04-23 14:55:03.858  1042  1042 W PackageManager: Adding duplicate shared id: 1000 name=com.android.dynsystem
04-23 14:55:03.860  1042  1042 I PackageManager: /system/priv-app/CellBroadcastLegacyApp changed; collecting certs
04-23 14:55:03.866  1042  1042 I PackageManager: /system/priv-app/MusicFX changed; collecting certs
04-23 14:55:03.870  1042  1042 I PackageManager: /system/priv-app/BuiltInPrintService changed; collecting certs
04-23 14:55:03.876  1042  1042 I PackageManager: /system/priv-app/ContactsProvider changed; collecting certs
04-23 14:55:03.881  1042  1042 W PackageManager: Adding duplicate app id: 10063 name=com.android.providers.contacts
04-23 14:55:03.883  1042  1042 I PackageManager: /system/priv-app/CallLogBackup changed; collecting certs
04-23 14:55:03.888   771   813 E IMGMapper: set:481 Failed to decode data for type SMPTE2086
04-23 14:55:03.888  1042  1042 W PackageManager: Adding duplicate app id: 10063 name=com.android.calllogbackup
04-23 14:55:03.888   771   813 E IMGMapper: set:481 Failed to decode data for type CTA861_3
04-23 14:55:03.891  1042  1042 I PackageManager: /system/priv-app/DocumentsUI changed; collecting certs
04-23 14:55:03.897  1042  1042 I PackageManager: /system/priv-app/SoundPicker changed; collecting certs
04-23 14:55:03.901  1042  1042 W PackageManager: Adding duplicate app id: 10057 name=com.android.soundpicker
04-23 14:55:03.902  1042  1042 I PackageManager: /system/priv-app/NetworkStack changed; collecting certs
04-23 14:55:03.906  1042  1042 W PackageManager: Failed to scan /system/priv-app/NetworkStack: Application package com.android.networkstack already installed.  Skipping duplicate.
04-23 14:55:03.906  1042  1042 I PackageManager: /system/priv-app/DownloadProviderUi changed; collecting certs
04-23 14:55:03.910  1042  1042 W PackageManager: Adding duplicate app id: 10057 name=com.android.providers.downloads.ui
04-23 14:55:03.912  1042  1042 I PackageManager: /system/priv-app/Telecom changed; collecting certs
04-23 14:55:03.917  1042  1042 W PackageManager: Adding duplicate shared id: 1000 name=com.android.server.telecom
04-23 14:55:03.919  1042  1042 I PackageManager: /system/priv-app/ManagedProvisioning changed; collecting certs
04-23 14:55:03.926  1042  1042 I PackageManager: /system/priv-app/MmsService changed; collecting certs
04-23 14:55:03.930   771   813 E IMGMapper: set:481 Failed to decode data for type SMPTE2086
04-23 14:55:03.930   771   813 E IMGMapper: set:481 Failed to decode data for type CTA861_3
04-23 14:55:03.931  1042  1042 W PackageManager: Adding duplicate shared id: 1001 name=com.android.mms.service
04-23 14:55:03.933  1042  1042 I PackageManager: /system/priv-app/TelephonyProvider changed; collecting certs
04-23 14:55:03.937  1042  1042 W PackageManager: Adding duplicate shared id: 1001 name=com.android.providers.telephony
04-23 14:55:03.939  1042  1042 I PackageManager: /system/priv-app/BackupRestoreConfirmation changed; collecting certs
04-23 14:55:03.940   646   749 D AAL     : 04-23 02:55:03.874 BL=3891,ESS= 256, 04-23 02:55:03.891 BL=3887,ESS= 256, 04-23 02:55:03.907 BL=3883,ESS= 256, 04-23 02:55:03.924 BL=3887,ESS= 256, 04-23 02:55:03.940 BL=3891,ESS= 256, 
04-23 14:55:03.951  1042  1042 I PackageManager: /system/app/WallpaperBackup changed; collecting certs
04-23 14:55:03.952   771   813 D BootAnimation: Playing files = /product/media/bootanimation.zip/part1, Requested repeat = 0, playUntilComplete = true
04-23 14:55:03.953   771   813 E IMGMapper: set:481 Failed to decode data for type SMPTE2086
04-23 14:55:03.954   771   813 E IMGMapper: set:481 Failed to decode data for type CTA861_3
04-23 14:55:03.956  1042  1042 W PackageManager: Adding duplicate shared id: 1000 name=com.android.wallpaperbackup
04-23 14:55:03.958  1042  1042 I PackageManager: /system/app/SecureElement changed; collecting certs
04-23 14:55:03.964  1042  1042 W PackageManager: Adding duplicate shared id: 1068 name=com.android.se
04-23 14:55:03.966  1042  1042 I PackageManager: /system/app/HTMLViewer changed; collecting certs
04-23 14:55:03.973  1042  1042 I PackageManager: /system/app/PrintSpooler changed; collecting certs
04-23 14:55:03.980  1042  1042 I PackageManager: /system/app/KeyChain changed; collecting certs
04-23 14:55:03.983  1042  1102 W PackageParsing: No actions in intent-filter at /system/app/CarrierDefaultApp/CarrierDefaultApp.apk Binary XML file line #44
04-23 14:55:03.986  1042  1042 W PackageManager: Adding duplicate shared id: 1000 name=com.android.keychain
04-23 14:55:03.988  1042  1042 I PackageManager: /system/app/Stk changed; collecting certs
04-23 14:55:03.993  1042  1042 W PackageManager: Adding duplicate shared id: 1001 name=com.android.stk
04-23 14:55:03.995   771   813 E IMGMapper: set:481 Failed to decode data for type SMPTE2086
04-23 14:55:03.996   771   813 E IMGMapper: set:481 Failed to decode data for type CTA861_3
04-23 14:55:03.996  1042  1042 I PackageManager: /system/app/CameraExtensionsProxy changed; collecting certs
04-23 14:55:04.002  1042  1042 I PackageManager: /system/app/ExtShared changed; collecting certs
04-23 14:55:04.008  1042  1042 I PackageManager: /system/app/PrintRecommendationService changed; collecting certs
04-23 14:55:04.013  1042  1042 I PackageManager: /system/app/CarrierDefaultApp changed; collecting certs
04-23 14:55:04.018  1042  1042 I PackageManager: /system/app/CompanionDeviceManager changed; collecting certs
04-23 14:55:04.023  1042  1042 I PackageManager: /system/app/BasicDreams changed; collecting certs
04-23 14:55:04.023   646   749 D AAL     : 04-23 02:55:03.957 BL=3895,ESS= 256, 04-23 02:55:03.973 BL=3899,ESS= 256, 04-23 02:55:03.990 BL=3903,ESS= 256, 04-23 02:55:04.006 BL=3907,ESS= 256, 04-23 02:55:04.023 BL=3911,ESS= 256, 
04-23 14:55:04.027  1042  1042 I PackageManager: /system/app/BookmarkProvider changed; collecting certs
04-23 14:55:04.032  1042  1042 I PackageManager: /system/app/BluetoothMidiService changed; collecting certs
04-23 14:55:04.036  1042  1042 I PackageManager: /system/app/EasterEgg changed; collecting certs
04-23 14:55:04.037   771   813 E IMGMapper: set:481 Failed to decode data for type SMPTE2086
04-23 14:55:04.037   771   813 E IMGMapper: set:481 Failed to decode data for type CTA861_3
