04-23 14:55:16.627   771   813 E IMGMapper: set:481 Failed to decode data for type CTA861_3
04-23 14:55:16.658   646   749 D AAL     : 04-23 02:55:16.592 BL=2347,ESS= 256, 04-23 02:55:16.608 BL=2351,ESS= 256, 04-23 02:55:16.625 BL=2347,ESS= 256, 04-23 02:55:16.641 BL=2343,ESS= 256, 04-23 02:55:16.658 BL=2339,ESS= 256, 
04-23 14:55:16.669   771   813 E IMGMapper: set:481 Failed to decode data for type SMPTE2086
04-23 14:55:16.669   771   813 E IMGMapper: set:481 Failed to decode data for type CTA861_3
04-23 14:55:16.711   771   813 E IMGMapper: set:481 Failed to decode data for type SMPTE2086
04-23 14:55:16.711   771   813 E IMGMapper: set:481 Failed to decode data for type CTA861_3
04-23 14:55:16.740   646   749 D AAL     : 04-23 02:55:16.674 BL=2335,ESS= 256, 04-23 02:55:16.691 BL=2331,ESS= 256, 04-23 02:55:16.707 BL=2327,ESS= 256, 04-23 02:55:16.724 BL=2323,ESS= 256, 04-23 02:55:16.740 BL=2322,ESS= 256, 
04-23 14:55:16.753   771   813 E IMGMapper: set:481 Failed to decode data for type SMPTE2086
04-23 14:55:16.753   771   813 E IMGMapper: set:481 Failed to decode data for type CTA861_3
04-23 14:55:16.795   771   813 E IMGMapper: set:481 Failed to decode data for type SMPTE2086
04-23 14:55:16.795   771   813 E IMGMapper: set:481 Failed to decode data for type CTA861_3
04-23 14:55:16.813   705   705 W HidlServiceManagement: Waited one second for android.hardware.usb.gadget@1.0::IUsbGadget/default
04-23 14:55:16.814   337   337 I hwservicemanager: Since android.hardware.usb.gadget@1.0::IUsbGadget/default is not registered, trying to start it as a lazy HAL.
04-23 14:55:16.815   705   705 I HidlServiceManagement: getService: Trying again for android.hardware.usb.gadget@1.0::IUsbGadget/default...
04-23 14:55:16.828   337  1327 W libc    : Unable to set property "ctl.interface_start" to "android.hardware.usb.gadget@1.0::IUsbGadget/default": error code: 0x20
04-23 14:55:16.828   337  1327 I hwservicemanager: Tried to start android.hardware.usb.gadget@1.0::IUsbGadget/default as a lazy service, but was unable to. Usually this happens when a service is not installed, but if the service is intended to be used as a lazy service, then it may be configured incorrectly.
04-23 14:55:16.837   771   813 E IMGMapper: set:481 Failed to decode data for type SMPTE2086
04-23 14:55:16.837   771   813 E IMGMapper: set:481 Failed to decode data for type CTA861_3
04-23 14:55:16.873   646   749 D AAL     : 04-23 02:55:16.757 BL=2326,ESS= 256, 04-23 02:55:16.773 BL=2329,ESS= 256, 04-23 02:55:16.790 BL=2326,ESS= 256, 04-23 02:55:16.839 BL=2323,ESS= 256, 04-23 02:55:16.873 BL=2321,ESS= 256, 
04-23 14:55:16.878   771   813 E IMGMapper: set:481 Failed to decode data for type SMPTE2086
04-23 14:55:16.879   771   813 E IMGMapper: set:481 Failed to decode data for type CTA861_3
04-23 14:55:16.920   771   813 E IMGMapper: set:481 Failed to decode data for type SMPTE2086
04-23 14:55:16.921   771   813 E IMGMapper: set:481 Failed to decode data for type CTA861_3
04-23 14:55:16.940  1318  1318 I dex2oat32: dex2oat took 453.860ms (1.669s cpu) (threads: 8) arena alloc=0B (0B) java alloc=2819KB (2886816B) native alloc=8326KB (8526520B) free=809KB (828744B)
04-23 14:55:16.953   583  1115 V installd: DexInv: --- END '/apex/com.android.mediaprovider/priv-app/MediaProvider@TQ2A.230405.003/MediaProvider.apk' (success) ---
04-23 14:55:16.962   771   813 E IMGMapper: set:481 Failed to decode data for type SMPTE2086
04-23 14:55:16.962   771   813 E IMGMapper: set:481 Failed to decode data for type CTA861_3
04-23 14:55:17.004   771   813 E IMGMapper: set:481 Failed to decode data for type SMPTE2086
04-23 14:55:17.004   771   813 E IMGMapper: set:481 Failed to decode data for type CTA861_3
04-23 14:55:17.005   646   749 D AAL     : 04-23 02:55:16.922 BL=2325,ESS= 256, 04-23 02:55:16.955 BL=2329,ESS= 256, 04-23 02:55:16.972 BL=2333,ESS= 256, 04-23 02:55:16.988 BL=2334,ESS= 256, 04-23 02:55:17.005 BL=2338,ESS= 256, 
04-23 14:55:17.026   646   646 D AALLightSensor: oldLux=434 [SA:509 LA:509] newLux=434 (oriLux: 509)
04-23 14:55:17.041  1042  1042 W ziparchive: Unable to open '/apex/com.android.wifi/app/OsuLogin@TQ2A.230405.003/OsuLogin.dm': No such file or directory
04-23 14:55:17.041  1042  1042 W ziparchive: Unable to open '/apex/com.android.wifi/app/OsuLogin@TQ2A.230405.003/OsuLogin.dm': No such file or directory
04-23 14:55:17.042  1042  1042 I PackageDexOptimizer: Running dexopt (dexoptNeeded=1) on: /apex/com.android.wifi/app/OsuLogin@TQ2A.230405.003/OsuLogin.apk pkg=com.android.hotspot2.osulogin isa=arm dexoptFlags=public,enable_hidden_api_checks targetFilter=verify oatDir=null classLoaderContext=PCL[]{}
04-23 14:55:17.043   583  1115 V installd: DexInv: --- BEGIN '/apex/com.android.wifi/app/OsuLogin@TQ2A.230405.003/OsuLogin.apk' ---
04-23 14:55:17.043   583  1115 V installd: Running /apex/com.android.art/bin/dex2oat32 in=OsuLogin.apk out=/data/dalvik-cache/arm/apex@com.android.wifi@app@OsuLogin@TQ2A.230405.003@OsuLogin.apk@classes.dex
04-23 14:55:17.045   771   813 E IMGMapper: set:481 Failed to decode data for type SMPTE2086
04-23 14:55:17.045   771   813 E IMGMapper: set:481 Failed to decode data for type CTA861_3
04-23 14:55:17.079  1329  1329 I dex2oat32: /apex/com.android.art/bin/dex2oat32 --input-vdex-fd=-1 --output-vdex-fd=10 --classpath-dir=/apex/com.android.wifi/app/OsuLogin@TQ2A.230405.003 --class-loader-context=PCL[]{} --compact-dex-level=none --compiler-filter=verify --compilation-reason=first-boot --max-image-block-size=524288 --resolve-startup-const-strings=true --generate-mini-debug-info
04-23 14:55:17.086  1329  1329 W dex2oat32: ART APEX data files are untrusted.
04-23 14:55:17.087   771   813 E IMGMapper: set:481 Failed to decode data for type SMPTE2086
04-23 14:55:17.087   771   813 E IMGMapper: set:481 Failed to decode data for type CTA861_3
04-23 14:55:17.104   646   749 D AAL     : 04-23 02:55:17.021 BL=2342,ESS= 256, 04-23 02:55:17.038 BL=2346,ESS= 256, 04-23 02:55:17.054 BL=2347,ESS= 256, 04-23 02:55:17.087 BL=2343,ESS= 256, 04-23 02:55:17.104 BL=2339,ESS= 256, 
04-23 14:55:17.129   771   813 E IMGMapper: set:481 Failed to decode data for type SMPTE2086
04-23 14:55:17.129   771   813 E IMGMapper: set:481 Failed to decode data for type CTA861_3
04-23 14:55:17.159  1042  1059 I system_server: Background concurrent copying GC freed 296985(14MB) AllocSpace objects, 8(864KB) LOS objects, 49% free, 6466KB/12MB, paused 167us,99us total 152.102ms
04-23 14:55:17.171   771   813 E IMGMapper: set:481 Failed to decode data for type SMPTE2086
04-23 14:55:17.171   771   813 E IMGMapper: set:481 Failed to decode data for type CTA861_3
04-23 14:55:17.213   771   813 E IMGMapper: set:481 Failed to decode data for type SMPTE2086
04-23 14:55:17.213   771   813 E IMGMapper: set:481 Failed to decode data for type CTA861_3
04-23 14:55:17.219   646   749 D AAL     : 04-23 02:55:17.120 BL=2335,ESS= 256, 04-23 02:55:17.137 BL=2331,ESS= 256, 04-23 02:55:17.153 BL=2327,ESS= 256, 04-23 02:55:17.170 BL=2331,ESS= 256, 04-23 02:55:17.219 BL=2335,ESS= 256, 
04-23 14:55:17.251  1329  1329 I dex2oat32: dex2oat took 181.672ms (218.338ms cpu) (threads: 8) arena alloc=0B (0B) java alloc=176KB (180968B) native alloc=5688KB (5825192B) free=715KB (732504B)
04-23 14:55:17.255   771   813 E IMGMapper: set:481 Failed to decode data for type SMPTE2086
04-23 14:55:17.255   771   813 E IMGMapper: set:481 Failed to decode data for type CTA861_3
04-23 14:55:17.261   583  1115 V installd: DexInv: --- END '/apex/com.android.wifi/app/OsuLogin@TQ2A.230405.003/OsuLogin.apk' (success) ---
04-23 14:55:17.296   771   813 E IMGMapper: set:481 Failed to decode data for type SMPTE2086
04-23 14:55:17.296   771   813 E IMGMapper: set:481 Failed to decode data for type CTA861_3
04-23 14:55:17.306  1042  1042 W ziparchive: Unable to open '/apex/com.android.ondevicepersonalization/app/OnDevicePersonalization@TQ2A.230405.003/OnDevicePersonalization.dm': No such file or directory
04-23 14:55:17.306  1042  1042 W ziparchive: Unable to open '/apex/com.android.ondevicepersonalization/app/OnDevicePersonalization@TQ2A.230405.003/OnDevicePersonalization.dm': No such file or directory
04-23 14:55:17.306  1042  1042 I PackageDexOptimizer: Running dexopt (dexoptNeeded=1) on: /apex/com.android.ondevicepersonalization/app/OnDevicePersonalization@TQ2A.230405.003/OnDevicePersonalization.apk pkg=com.android.ondevicepersonalization.services isa=arm dexoptFlags=public targetFilter=verify oatDir=null classLoaderContext=PCL[]{}
04-23 14:55:17.307   583  1115 V installd: DexInv: --- BEGIN '/apex/com.android.ondevicepersonalization/app/OnDevicePersonalization@TQ2A.230405.003/OnDevicePersonalization.apk' ---
04-23 14:55:17.307   583  1115 V installd: Running /apex/com.android.art/bin/dex2oat32 in=OnDevicePersonalization.apk out=/data/dalvik-cache/arm/apex@com.android.ondevicepersonalization@app@OnDevicePersonalization@TQ2A.230405.003@OnDevicePersonalization.apk@classes.dex
04-23 14:55:17.335   646   749 D AAL     : 04-23 02:55:17.236 BL=2339,ESS= 256, 04-23 02:55:17.252 BL=2342,ESS= 256, 04-23 02:55:17.302 BL=2338,ESS= 256, 04-23 02:55:17.318 BL=2334,ESS= 256, 04-23 02:55:17.335 BL=2330,ESS= 256, 
04-23 14:55:17.337  1339  1339 I dex2oat32: /apex/com.android.art/bin/dex2oat32 --input-vdex-fd=-1 --output-vdex-fd=10 --classpath-dir=/apex/com.android.ondevicepersonalization/app/OnDevicePersonalization@TQ2A.230405.003 --class-loader-context=PCL[]{} --compact-dex-level=none --compiler-filter=verify --compilation-reason=first-boot --max-image-block-size=524288 --resolve-startup-const-strings=true --generate-mini-debug-info
04-23 14:55:17.338   771   813 E IMGMapper: set:481 Failed to decode data for type SMPTE2086
04-23 14:55:17.338   771   813 E IMGMapper: set:481 Failed to decode data for type CTA861_3
04-23 14:55:17.342  1339  1339 W dex2oat32: ART APEX data files are untrusted.
04-23 14:55:17.380   771   813 E IMGMapper: set:481 Failed to decode data for type SMPTE2086
04-23 14:55:17.380   771   813 E IMGMapper: set:481 Failed to decode data for type CTA861_3
04-23 14:55:17.418   646   749 D AAL     : 04-23 02:55:17.351 BL=2326,ESS= 256, 04-23 02:55:17.368 BL=2324,ESS= 256, 04-23 02:55:17.385 BL=2328,ESS= 256, 04-23 02:55:17.401 BL=2331,ESS= 256, 04-23 02:55:17.418 BL=2327,ESS= 256, 
04-23 14:55:17.422   771   813 E IMGMapper: set:481 Failed to decode data for type SMPTE2086
04-23 14:55:17.422   771   813 E IMGMapper: set:481 Failed to decode data for type CTA861_3
04-23 14:55:17.464   771   813 E IMGMapper: set:481 Failed to decode data for type SMPTE2086
04-23 14:55:17.464   771   813 E IMGMapper: set:481 Failed to decode data for type CTA861_3
04-23 14:55:17.499  1339  1339 I dex2oat32: dex2oat took 167.221ms (169.247ms cpu) (threads: 8) arena alloc=0B (0B) java alloc=64KB (65536B) native alloc=3907KB (4001184B) free=644KB (660064B)
04-23 14:55:17.500   646   749 D AAL     : 04-23 02:55:17.434 BL=2323,ESS= 256, 04-23 02:55:17.451 BL=2320,ESS= 256, 04-23 02:55:17.467 BL=2316,ESS= 256, 04-23 02:55:17.484 BL=2312,ESS= 256, 04-23 02:55:17.500 BL=2316,ESS= 256, 
04-23 14:55:17.506   771   813 E IMGMapper: set:481 Failed to decode data for type SMPTE2086
04-23 14:55:17.506   771   813 E IMGMapper: set:481 Failed to decode data for type CTA861_3
04-23 14:55:17.508   583  1115 V installd: DexInv: --- END '/apex/com.android.ondevicepersonalization/app/OnDevicePersonalization@TQ2A.230405.003/OnDevicePersonalization.apk' (success) ---
04-23 14:55:17.510  1042  1042 W ziparchive: Unable to open '/apex/com.android.btservices/app/Bluetooth@TQ2A.230405.003/Bluetooth.dm': No such file or directory
04-23 14:55:17.510  1042  1042 W ziparchive: Unable to open '/apex/com.android.btservices/app/Bluetooth@TQ2A.230405.003/Bluetooth.dm': No such file or directory
04-23 14:55:17.511  1042  1042 I PackageDexOptimizer: Running dexopt (dexoptNeeded=1) on: /apex/com.android.btservices/app/Bluetooth@TQ2A.230405.003/Bluetooth.apk pkg=com.android.bluetooth isa=arm dexoptFlags=public targetFilter=verify oatDir=null classLoaderContext=PCL[]{}
04-23 14:55:17.512   583  1243 V installd: DexInv: --- BEGIN '/apex/com.android.btservices/app/Bluetooth@TQ2A.230405.003/Bluetooth.apk' ---
04-23 14:55:17.512   583  1243 V installd: Running /apex/com.android.art/bin/dex2oat32 in=Bluetooth.apk out=/data/dalvik-cache/arm/apex@com.android.btservices@app@Bluetooth@TQ2A.230405.003@Bluetooth.apk@classes.dex
04-23 14:55:17.518   481   544 I hwcomposer: [HWCDisplay] [Display_0 (type:1)] fps:23.823914,dur:1007.39,max:49.85,min:32.92  
04-23 14:55:17.542  1349  1349 I dex2oat32: /apex/com.android.art/bin/dex2oat32 --input-vdex-fd=-1 --output-vdex-fd=10 --classpath-dir=/apex/com.android.btservices/app/Bluetooth@TQ2A.230405.003 --class-loader-context=PCL[]{} --compact-dex-level=none --compiler-filter=verify --compilation-reason=first-boot --max-image-block-size=524288 --resolve-startup-const-strings=true --generate-mini-debug-info
04-23 14:55:17.546   771   813 D BootAnimation: Playing files = /product/media/bootanimation.zip/part1, Requested repeat = 0, playUntilComplete = true
04-23 14:55:17.547   771   813 E IMGMapper: set:481 Failed to decode data for type SMPTE2086
04-23 14:55:17.548   771   813 E IMGMapper: set:481 Failed to decode data for type CTA861_3
04-23 14:55:17.550  1042  1173 W OverlayManager: service 'idmap' died
04-23 14:55:17.583   646   749 D AAL     : 04-23 02:55:17.517 BL=2320,ESS= 256, 04-23 02:55:17.533 BL=2324,ESS= 256, 04-23 02:55:17.550 BL=2328,ESS= 256, 04-23 02:55:17.566 BL=2332,ESS= 256, 04-23 02:55:17.583 BL=2336,ESS= 256, 
04-23 14:55:17.589   771   813 E IMGMapper: set:481 Failed to decode data for type SMPTE2086
04-23 14:55:17.589   771   813 E IMGMapper: set:481 Failed to decode data for type CTA861_3
04-23 14:55:17.604  1349  1349 W dex2oat32: ART APEX data files are untrusted.
04-23 14:55:17.631   771   813 E IMGMapper: set:481 Failed to decode data for type SMPTE2086
04-23 14:55:17.631   771   813 E IMGMapper: set:481 Failed to decode data for type CTA861_3
04-23 14:55:17.665   646   749 D AAL     : 04-23 02:55:17.599 BL=2340,ESS= 256, 04-23 02:55:17.616 BL=2344,ESS= 256, 04-23 02:55:17.632 BL=2348,ESS= 256, 04-23 02:55:17.649 BL=2352,ESS= 256, 04-23 02:55:17.665 BL=2348,ESS= 256, 
04-23 14:55:17.673   771   813 E IMGMapper: set:481 Failed to decode data for type SMPTE2086
04-23 14:55:17.673   771   813 E IMGMapper: set:481 Failed to decode data for type CTA861_3
04-23 14:55:17.715   771   813 E IMGMapper: set:481 Failed to decode data for type SMPTE2086
04-23 14:55:17.715   771   813 E IMGMapper: set:481 Failed to decode data for type CTA861_3
04-23 14:55:17.748   646   749 D AAL     : 04-23 02:55:17.682 BL=2344,ESS= 256, 04-23 02:55:17.698 BL=2340,ESS= 256, 04-23 02:55:17.715 BL=2336,ESS= 256, 04-23 02:55:17.731 BL=2332,ESS= 256, 04-23 02:55:17.748 BL=2328,ESS= 256, 
04-23 14:55:17.757   771   813 E IMGMapper: set:481 Failed to decode data for type SMPTE2086
04-23 14:55:17.757   771   813 E IMGMapper: set:481 Failed to decode data for type CTA861_3
04-23 14:55:17.799   771   813 E IMGMapper: set:481 Failed to decode data for type SMPTE2086
04-23 14:55:17.799   771   813 E IMGMapper: set:481 Failed to decode data for type CTA861_3
04-23 14:55:17.815   705   705 W HidlServiceManagement: Waited one second for android.hardware.usb.gadget@1.0::IUsbGadget/default
04-23 14:55:17.815   337   337 I hwservicemanager: Since android.hardware.usb.gadget@1.0::IUsbGadget/default is not registered, trying to start it as a lazy HAL.
04-23 14:55:17.816   705   705 I HidlServiceManagement: getService: Trying again for android.hardware.usb.gadget@1.0::IUsbGadget/default...
04-23 14:55:17.819   337  1358 W libc    : Unable to set property "ctl.interface_start" to "android.hardware.usb.gadget@1.0::IUsbGadget/default": error code: 0x20
04-23 14:55:17.819   337  1358 I hwservicemanager: Tried to start android.hardware.usb.gadget@1.0::IUsbGadget/default as a lazy service, but was unable to. Usually this happens when a service is not installed, but if the service is intended to be used as a lazy service, then it may be configured incorrectly.
04-23 14:55:17.841   771   813 E IMGMapper: set:481 Failed to decode data for type SMPTE2086
04-23 14:55:17.841   771   813 E IMGMapper: set:481 Failed to decode data for type CTA861_3
04-23 14:55:17.847   646   749 D AAL     : 04-23 02:55:17.764 BL=2324,ESS= 256, 04-23 02:55:17.781 BL=2322,ESS= 256, 04-23 02:55:17.797 BL=2326,ESS= 256, 04-23 02:55:17.814 BL=2329,ESS= 256, 04-23 02:55:17.847 BL=2326,ESS= 256, 
04-23 14:55:17.882   771   813 E IMGMapper: set:481 Failed to decode data for type SMPTE2086
04-23 14:55:17.882   771   813 E IMGMapper: set:481 Failed to decode data for type CTA861_3
04-23 14:55:17.890  1349  1349 I dex2oat32: dex2oat took 353.490ms (1.084s cpu) (threads: 8) arena alloc=0B (0B) java alloc=1280KB (1311472B) native alloc=8044KB (8237792B) free=823KB (843040B)
04-23 14:55:17.902   583  1243 V installd: DexInv: --- END '/apex/com.android.btservices/app/Bluetooth@TQ2A.230405.003/Bluetooth.apk' (success) ---
04-23 14:55:17.919  1042  1042 I Watchdog: Resuming HandlerChecker: main thread for reason: dexopt. Pause count: 0
04-23 14:55:17.919  1042  1042 D SystemServerTiming: PerformFstrimIfNeeded
04-23 14:55:17.920  1042  1042 W PackageManager: No disk maintenance in 1682261717920; running immediately
04-23 14:55:17.920  1042  1042 D SystemServerTiming: StartLockSettingsService
04-23 14:55:17.920  1042  1172 I StorageManagerService: Running fstrim idle maintenance
04-23 14:55:17.920  1042  1042 I SystemServiceManager: Starting com.android.server.locksettings.LockSettingsService$Lifecycle
04-23 14:55:17.924   771   813 E IMGMapper: set:481 Failed to decode data for type SMPTE2086
04-23 14:55:17.924   771   813 E IMGMapper: set:481 Failed to decode data for type CTA861_3
04-23 14:55:17.926   350  1360 D vold    : Starting trim of /metadata
04-23 14:55:17.937   350  1360 I vold    : Trimmed 18534400 bytes on /metadata in 11ms
04-23 14:55:17.938   350  1360 D vold    : Starting trim of /data
04-23 14:55:17.938  1042  1173 I DropBoxManagerService: add tag=storage_trim isTagEnabled=true flags=0x2
04-23 14:55:17.945   350  1360 I vold    : Trimmed 1814528 bytes on /data in 7ms
04-23 14:55:17.945   350  1360 D vold    : Starting trim of /cache
04-23 14:55:17.945  1042  1173 I DropBoxManagerService: add tag=storage_trim isTagEnabled=true flags=0x2
04-23 14:55:17.966   771   813 E IMGMapper: set:481 Failed to decode data for type SMPTE2086
04-23 14:55:17.966   771   813 E IMGMapper: set:481 Failed to decode data for type CTA861_3
04-23 14:55:17.986  1042  1042 W SystemServiceManager: Service com.android.server.locksettings.LockSettingsService$Lifecycle took 66 ms in onStart
04-23 14:55:17.990  1042  1042 D SystemServerTiming: StartPersistentDataBlock
04-23 14:55:17.990  1042  1042 I SystemServiceManager: Starting com.android.server.PersistentDataBlockService
04-23 14:55:17.991  1042  1042 D SystemServerTiming: StartTestHarnessMode
04-23 14:55:17.991  1042  1042 I SystemServiceManager: Starting com.android.server.testharness.TestHarnessModeService
04-23 14:55:17.991  1042  1362 D SystemServerTimingAsync: InitThreadPoolExec:PersistentDataBlockService.onStart
04-23 14:55:17.994   350  1360 I vold    : Trimmed 357097472 bytes on /cache in 48ms
04-23 14:55:17.994   350  1360 D vold    : Starting trim of /mnt/vendor/protect_f
04-23 14:55:17.995  1042  1173 I DropBoxManagerService: add tag=storage_trim isTagEnabled=true flags=0x2
04-23 14:55:17.996  1042  1042 D SystemServerTiming: StartOemLockService
04-23 14:55:17.996  1042  1042 I SystemServiceManager: Starting com.android.server.oemlock.OemLockService
04-23 14:55:17.997   337   337 I hwservicemanager: getTransport: Cannot find entry android.hardware.oemlock@1.0::IOemLock/default in either framework or device VINTF manifest.
04-23 14:55:17.997  1042  1042 I OemLock : OemLock HAL not present on device
04-23 14:55:17.997  1042  1042 I OemLock : Using persistent data block based lock
04-23 14:55:17.998  1042  1042 D SystemServerTiming: StartDeviceIdleController
04-23 14:55:17.998  1042  1042 I SystemServiceManager: Starting com.android.server.DeviceIdleController
04-23 14:55:18.002  1042  1042 D SystemServerTiming: StartDevicePolicyManager
04-23 14:55:18.002  1042  1042 I SystemServiceManager: Starting com.android.server.devicepolicy.DevicePolicyManagerService$Lifecycle
04-23 14:55:18.003  1042  1362 E PersistentDataBlockService: not able to find package com.google.android.gms
04-23 14:55:18.003  1042  1362 E PersistentDataBlockService: android.content.pm.PackageManager$NameNotFoundException: com.google.android.gms
04-23 14:55:18.003  1042  1362 E PersistentDataBlockService: 	at android.app.ApplicationPackageManager.getPackageUidAsUser(ApplicationPackageManager.java:404)
04-23 14:55:18.003  1042  1362 E PersistentDataBlockService: 	at android.app.ApplicationPackageManager.getPackageUidAsUser(ApplicationPackageManager.java:388)
04-23 14:55:18.003  1042  1362 E PersistentDataBlockService: 	at com.android.server.PersistentDataBlockService.getAllowedUid(PersistentDataBlockService.java:162)
04-23 14:55:18.003  1042  1362 E PersistentDataBlockService: 	at com.android.server.PersistentDataBlockService.lambda$onStart$0(PersistentDataBlockService.java:176)
04-23 14:55:18.003  1042  1362 E PersistentDataBlockService: 	at com.android.server.PersistentDataBlockService.$r8$lambda$Ib6I4Ek3xdzDClEPgfPUhGUQJio(Unknown Source:0)
04-23 14:55:18.003  1042  1362 E PersistentDataBlockService: 	at com.android.server.PersistentDataBlockService$$ExternalSyntheticLambda0.run(Unknown Source:2)
04-23 14:55:18.003  1042  1362 E PersistentDataBlockService: 	at com.android.server.SystemServerInitThreadPool.lambda$submitTask$0(SystemServerInitThreadPool.java:106)
04-23 14:55:18.003  1042  1362 E PersistentDataBlockService: 	at com.android.server.SystemServerInitThreadPool.$r8$lambda$aGlXt69ihU44Qi7EB_RNeu8pnrY(Unknown Source:0)
04-23 14:55:18.003  1042  1362 E PersistentDataBlockService: 	at com.android.server.SystemServerInitThreadPool$$ExternalSyntheticLambda0.run(Unknown Source:6)
04-23 14:55:18.003  1042  1362 E PersistentDataBlockService: 	at java.util.concurrent.Executors$RunnableAdapter.call(Executors.java:463)
04-23 14:55:18.003  1042  1362 E PersistentDataBlockService: 	at java.util.concurrent.FutureTask.run(FutureTask.java:264)
04-23 14:55:18.003  1042  1362 E PersistentDataBlockService: 	at java.util.concurrent.ThreadPoolExecutor.runWorker(ThreadPoolExecutor.java:1137)
04-23 14:55:18.003  1042  1362 E PersistentDataBlockService: 	at java.util.concurrent.ThreadPoolExecutor$Worker.run(ThreadPoolExecutor.java:637)
04-23 14:55:18.003  1042  1362 E PersistentDataBlockService: 	at com.android.internal.util.ConcurrentUtils$1$1.run(ConcurrentUtils.java:65)
04-23 14:55:18.004   350  1360 I vold    : Trimmed 3780608 bytes on /mnt/vendor/protect_f in 9ms
04-23 14:55:18.004   350  1360 D vold    : Starting trim of /mnt/vendor/protect_s
04-23 14:55:18.005  1042  1173 I DropBoxManagerService: add tag=storage_trim isTagEnabled=true flags=0x2
04-23 14:55:18.008   771   813 E IMGMapper: set:481 Failed to decode data for type SMPTE2086
04-23 14:55:18.008   771   813 E IMGMapper: set:481 Failed to decode data for type CTA861_3
04-23 14:55:18.014  1042  1042 E DevicePolicyManager: Error reading version
04-23 14:55:18.014  1042  1042 E DevicePolicyManager: java.nio.file.NoSuchFileException: /data/system/device_policies_version
04-23 14:55:18.014  1042  1042 E DevicePolicyManager: 	at sun.nio.fs.UnixFileSystemProvider.newByteChannel(UnixFileSystemProvider.java:214)
04-23 14:55:18.014  1042  1042 E DevicePolicyManager: 	at java.nio.file.Files.newByteChannel(Files.java:361)
04-23 14:55:18.014  1042  1042 E DevicePolicyManager: 	at java.nio.file.Files.newByteChannel(Files.java:407)
04-23 14:55:18.014  1042  1042 E DevicePolicyManager: 	at java.nio.file.spi.FileSystemProvider.newInputStream(FileSystemProvider.java:384)
04-23 14:55:18.014  1042  1042 E DevicePolicyManager: 	at java.nio.file.Files.newInputStream(Files.java:152)
04-23 14:55:18.014  1042  1042 E DevicePolicyManager: 	at java.nio.file.Files.newBufferedReader(Files.java:2784)
04-23 14:55:18.014  1042  1042 E DevicePolicyManager: 	at java.nio.file.Files.readAllLines(Files.java:3202)
04-23 14:55:18.014  1042  1042 E DevicePolicyManager: 	at com.android.server.devicepolicy.PolicyVersionUpgrader.readVersion(PolicyVersionUpgrader.java:251)
04-23 14:55:18.014  1042  1042 E DevicePolicyManager: 	at com.android.server.devicepolicy.PolicyVersionUpgrader.upgradePolicy(PolicyVersionUpgrader.java:71)
04-23 14:55:18.014  1042  1042 E DevicePolicyManager: 	at com.android.server.devicepolicy.DevicePolicyManagerService.performPolicyVersionUpgrade(DevicePolicyManagerService.java:3103)
04-23 14:55:18.014  1042  1042 E DevicePolicyManager: 	at com.android.server.devicepolicy.DevicePolicyManagerService.<init>(DevicePolicyManagerService.java:1824)
04-23 14:55:18.014  1042  1042 E DevicePolicyManager: 	at com.android.server.devicepolicy.DevicePolicyManagerService.<init>(DevicePolicyManagerService.java:1766)
04-23 14:55:18.014  1042  1042 E DevicePolicyManager: 	at java.lang.reflect.Constructor.newInstance0(Native Method)
04-23 14:55:18.014  1042  1042 E DevicePolicyManager: 	at java.lang.reflect.Constructor.newInstance(Constructor.java:343)
04-23 14:55:18.014  1042  1042 E DevicePolicyManager: 	at com.android.server.devicepolicy.DevicePolicyManagerService$Lifecycle.<init>(DevicePolicyManagerService.java:844)
04-23 14:55:18.014  1042  1042 E DevicePolicyManager: 	at java.lang.reflect.Constructor.newInstance0(Native Method)
04-23 14:55:18.014  1042  1042 E DevicePolicyManager: 	at java.lang.reflect.Constructor.newInstance(Constructor.java:343)
04-23 14:55:18.014  1042  1042 E DevicePolicyManager: 	at com.android.server.SystemServiceManager.startService(SystemServiceManager.java:221)
04-23 14:55:18.014  1042  1042 E DevicePolicyManager: 	at com.android.server.SystemServer.startOtherServices(SystemServer.java:1836)
04-23 14:55:18.014  1042  1042 E DevicePolicyManager: 	at com.android.server.SystemServer.run(SystemServer.java:945)
04-23 14:55:18.014  1042  1042 E DevicePolicyManager: 	at com.android.server.SystemServer.main(SystemServer.java:655)
04-23 14:55:18.014  1042  1042 E DevicePolicyManager: 	at java.lang.reflect.Method.invoke(Native Method)
04-23 14:55:18.014  1042  1042 E DevicePolicyManager: 	at com.android.internal.os.RuntimeInit$MethodAndArgsCaller.run(RuntimeInit.java:548)
04-23 14:55:18.014  1042  1042 E DevicePolicyManager: 	at com.android.internal.os.ZygoteInit.main(ZygoteInit.java:919)
04-23 14:55:18.015   350  1360 I vold    : Trimmed 6664192 bytes on /mnt/vendor/protect_s in 10ms
04-23 14:55:18.015   350  1360 D vold    : Starting trim of /mnt/vendor/nvdata
04-23 14:55:18.015  1042  1173 I DropBoxManagerService: add tag=storage_trim isTagEnabled=true flags=0x2
04-23 14:55:18.018  1042  1042 I DevicePolicyManager: Upgrading from version 0
04-23 14:55:18.018  1042  1042 I DevicePolicyManager: Upgrading from version 1
04-23 14:55:18.018  1042  1042 I DevicePolicyManager: Upgrading from version 2
04-23 14:55:18.020   350  1360 I vold    : Trimmed 57708544 bytes on /mnt/vendor/nvdata in 4ms
04-23 14:55:18.020   350  1360 D vold    : Starting trim of /mnt/vendor/nvcfg
04-23 14:55:18.020  1042  1173 I DropBoxManagerService: add tag=storage_trim isTagEnabled=true flags=0x2
04-23 14:55:18.029   350  1360 I vold    : Trimmed 21934080 bytes on /mnt/vendor/nvcfg in 8ms
04-23 14:55:18.029   646   749 D AAL     : 04-23 02:55:17.880 BL=2323,ESS= 256, 04-23 02:55:17.930 BL=2321,ESS= 256, 04-23 02:55:17.963 BL=2325,ESS= 256, 04-23 02:55:18.012 BL=2329,ESS= 256, 04-23 02:55:18.029 BL=2333,ESS= 256, 
04-23 14:55:18.029   350  1360 D vold    : Starting trim of /mnt/vendor/persist
04-23 14:55:18.029  1042  1173 I DropBoxManagerService: add tag=storage_trim isTagEnabled=true flags=0x2
04-23 14:55:18.033  1042  1042 D DevicePolicyManagerService: /data/system/updated_resources.xml doesn't exist
04-23 14:55:18.034  1042  1042 D SystemServerTiming: StartStatusBarManagerService
04-23 14:55:18.040  1042  1042 D SystemServer: MusicRecognitionManagerService not defined by OEM or disabled by flag
04-23 14:55:18.040  1042  1042 D SystemServer: ContentCaptureService disabled because resource is not overlaid
04-23 14:55:18.041  1042  1042 D SystemServer: AttentionService is not configured on this device
04-23 14:55:18.041  1042  1042 D SystemServer: RotationResolverService is not configured on this device
04-23 14:55:18.041  1042  1042 D SystemServer: SystemCaptionsManagerService disabled because resource is not overlaid
04-23 14:55:18.041  1042  1042 D SystemServerTiming: StartTextToSpeechManagerService
04-23 14:55:18.041  1042  1042 I SystemServiceManager: Starting com.android.server.texttospeech.TextToSpeechManagerService
04-23 14:55:18.042  1042  1042 D SystemServerTiming: StartAmbientContextService
04-23 14:55:18.042  1042  1042 I SystemServiceManager: Starting com.android.server.ambientcontext.AmbientContextManagerService
04-23 14:55:18.044  1042  1042 D SystemServerTiming: StartSpeechRecognitionManagerService
04-23 14:55:18.044  1042  1042 I SystemServiceManager: Starting com.android.server.speech.SpeechRecognitionManagerService
04-23 14:55:18.045  1042  1042 D SystemServer: AppPredictionService not defined by OEM
04-23 14:55:18.046  1042  1042 D SystemServer: ContentSuggestionsService not defined by OEM
04-23 14:55:18.046  1042  1042 D SystemServerTiming: StartSearchUiService
04-23 14:55:18.046  1042  1042 I SystemServiceManager: Starting com.android.server.searchui.SearchUiManagerService
04-23 14:55:18.047  1042  1042 D SystemServerTiming: StartSmartspaceService
04-23 14:55:18.047  1042  1042 I SystemServiceManager: Starting com.android.server.smartspace.SmartspaceManagerService
04-23 14:55:18.049  1042  1042 D SystemServerTiming: InitConnectivityModuleConnector
04-23 14:55:18.049  1042  1042 D ConnectivityModuleConnector: Network stack init
04-23 14:55:18.049   771   813 E IMGMapper: set:481 Failed to decode data for type SMPTE2086
04-23 14:55:18.049   771   813 E IMGMapper: set:481 Failed to decode data for type CTA861_3
04-23 14:55:18.049  1042  1042 D SystemServerTiming: InitNetworkStackClient
04-23 14:55:18.051  1042  1042 D SystemServerTiming: StartNetworkManagementService
04-23 14:55:18.054  1042  1042 D SystemServerTiming: StartFontManagerService
04-23 14:55:18.066  1042  1042 D SystemServerTiming: StartTextServicesManager
04-23 14:55:18.066  1042  1042 I SystemServiceManager: Starting com.android.server.textservices.TextServicesManagerService$Lifecycle
04-23 14:55:18.067   350  1360 I vold    : Trimmed 43925504 bytes on /mnt/vendor/persist in 37ms
04-23 14:55:18.067  1042  1042 D SystemServerTiming: StartTextClassificationManagerService
04-23 14:55:18.067  1042  1173 I DropBoxManagerService: add tag=storage_trim isTagEnabled=true flags=0x2
04-23 14:55:18.067  1042  1042 I SystemServiceManager: Starting com.android.server.textclassifier.TextClassificationManagerService$Lifecycle
04-23 14:55:18.069  1042  1042 D SystemServerTiming: StartNetworkScoreService
04-23 14:55:18.069  1042  1042 I SystemServiceManager: Starting com.android.server.NetworkScoreService$Lifecycle
04-23 14:55:18.070  1042  1042 I NetworkScoreService: Registering network_score
04-23 14:55:18.070  1042  1042 D SystemServerTiming: StartNetworkStatsService
04-23 14:55:18.085  1042  1042 I SystemServiceManager: Starting com.android.server.NetworkStatsServiceInitializer
04-23 14:55:18.091   771   813 E IMGMapper: set:481 Failed to decode data for type SMPTE2086
04-23 14:55:18.091   771   813 E IMGMapper: set:481 Failed to decode data for type CTA861_3
04-23 14:55:18.114  1042  1042 E TrafficControllerJni: native_init failed, error code = 22
04-23 14:55:18.125  1042  1042 I NetworkStatsServiceInitializer: Registering netstats
04-23 14:55:18.126  1042  1042 D SystemServerTiming: StartNetworkPolicyManagerService
04-23 14:55:18.128   646   749 D AAL     : 04-23 02:55:18.045 BL=2337,ESS= 256, 04-23 02:55:18.062 BL=2341,ESS= 256, 04-23 02:55:18.078 BL=2345,ESS= 256, 04-23 02:55:18.095 BL=2347,ESS= 256, 04-23 02:55:18.128 BL=2343,ESS= 256, 
04-23 14:55:18.131  1042  1042 D SystemServerTiming: StartWifi
04-23 14:55:18.133  1042  1363 D CompatibilityChangeReporter: Compat change id reported: 170188668; UID 1000; state: ENABLED
04-23 14:55:18.133   771   813 E IMGMapper: set:481 Failed to decode data for type SMPTE2086
04-23 14:55:18.133   771   813 E IMGMapper: set:481 Failed to decode data for type CTA861_3
04-23 14:55:18.152  1042  1042 I SystemServiceManager: Starting com.android.server.wifi.WifiService
04-23 14:55:18.175   771   813 E IMGMapper: set:481 Failed to decode data for type SMPTE2086
04-23 14:55:18.175   771   813 E IMGMapper: set:481 Failed to decode data for type CTA861_3
04-23 14:55:18.178  1042  1042 I WifiContext: Got resolveInfos for com.android.server.wifi.intent.action.SERVICE_WIFI_RESOURCES_APK: [ResolveInfo{665473d com.android.wifi.resources/android.app.Activity m=0x108000}]
04-23 14:55:18.179  1042  1042 I WifiContext: Found Wifi Resources APK at: com.android.wifi.resources
04-23 14:55:18.203  1042  1042 D ScanMetrics: Settings package: com.android.settings
04-23 14:55:18.203  1042  1042 E ScanMetrics: Can't get GMS uid
04-23 14:55:18.210   646   749 D AAL     : 04-23 02:55:18.144 BL=2339,ESS= 256, 04-23 02:55:18.161 BL=2335,ESS= 256, 04-23 02:55:18.177 BL=2331,ESS= 256, 04-23 02:55:18.194 BL=2327,ESS= 256, 04-23 02:55:18.210 BL=2331,ESS= 256, 
04-23 14:55:18.213   336   336 I servicemanager: Could not find android.hardware.wifi.supplicant.ISupplicant/default in the VINTF manifest.
04-23 14:55:18.216  1042  1042 I android_os_HwBinder: HwBinder: Starting thread pool for getting: android.hidl.manager@1.0::IServiceManager/default
04-23 14:55:18.216   771   813 E IMGMapper: set:481 Failed to decode data for type SMPTE2086
04-23 14:55:18.217   771   813 E IMGMapper: set:481 Failed to decode data for type CTA861_3
04-23 14:55:18.218  1042  1042 I SupplicantStaIfaceHal: Initializing SupplicantStaIfaceHal using HIDL implementation.
04-23 14:55:18.222   336   336 I servicemanager: Could not find android.hardware.wifi.supplicant.ISupplicant/default in the VINTF manifest.
04-23 14:55:18.224  1042  1042 I android_os_HwBinder: HwBinder: Starting thread pool for getting: android.hidl.manager@1.0::IServiceManager/default
04-23 14:55:18.225  1042  1042 I SupplicantP2pIfaceHal: Initializing SupplicantP2pIfaceHal using HIDL implementation.
04-23 14:55:18.226  1042  1042 I WifiCoexManager: Default coex algorithm is disabled.
04-23 14:55:18.253  1042  1042 D WifiOpenNetworkNotifier: Settings toggle enabled=true
04-23 14:55:18.258   771   813 E IMGMapper: set:481 Failed to decode data for type SMPTE2086
04-23 14:55:18.258  1042  1042 D WifiNl80211Manager: registerCountryCodeEventListener called
04-23 14:55:18.258   771   813 E IMGMapper: set:481 Failed to decode data for type CTA861_3
04-23 14:55:18.258   616   616 I wificond: New wificond event callback registered
04-23 14:55:18.258  1042  1042 D WifiCountryCode: Default country code from system property ro.boot.wificountrycode is null
04-23 14:55:18.264  1042  1042 D WakeupController: WifiWake enabled
04-23 14:55:18.266  1042  1042 V HistoricalRegistry: Interaction before persistence initialized
04-23 14:55:18.270  1042  1042 I WifiService: Registering wifi
04-23 14:55:18.271  1042  1042 D SystemServerTiming: StartWifiScanning
04-23 14:55:18.272  1042  1042 I SystemServiceManager: Starting com.android.server.wifi.scanner.WifiScanningService
04-23 14:55:18.272  1042  1042 I WifiScanningService: Creating wifiscanner
04-23 14:55:18.276  1042  1042 I WifiScanningService: Publishing wifiscanner
04-23 14:55:18.277  1042  1042 D SystemServerTiming: StartWifiP2P
04-23 14:55:18.278  1042  1042 I SystemServiceManager: Starting com.android.server.wifi.p2p.WifiP2pService
04-23 14:55:18.283  1042  1042 D CompatibilityChangeReporter: Compat change id reported: 183155436; UID 1000; state: ENABLED
04-23 14:55:18.283  1042  1042 I WifiContext: Got resolveInfos for com.android.server.wifi.intent.action.SERVICE_WIFI_RESOURCES_APK: [ResolveInfo{3436b80 com.android.wifi.resources/android.app.Activity m=0x108000}]
04-23 14:55:18.284  1042  1042 I WifiContext: Found Wifi Resources APK at: com.android.wifi.resources
04-23 14:55:18.284  1042  1042 I WifiP2pService: Registering wifip2p
04-23 14:55:18.285  1042  1042 D SystemServerTiming: StartPacProxyService
04-23 14:55:18.287  1042  1042 D SystemServerTiming: StartConnectivityService
04-23 14:55:18.288  1042  1042 I SystemServiceManager: Starting com.android.server.ConnectivityServiceInitializer
04-23 14:55:18.299  1042  1042 D EthernetTracker: Interface match regexp set to 'eth\d'
04-23 14:55:18.300   771   813 E IMGMapper: set:481 Failed to decode data for type SMPTE2086
04-23 14:55:18.300   771   813 E IMGMapper: set:481 Failed to decode data for type CTA861_3
04-23 14:55:18.303  1042  1042 D ConnectivityService: ConnectivityService starting up
04-23 14:55:18.324  1042  1042 D CompatibilityChangeReporter: Compat change id reported: 182478738; UID 1000; state: ENABLED
04-23 14:55:18.334  1042  1042 D ConnectivityServiceInitializer: Unable to get ConnectivityNative service
04-23 14:55:18.334  1042  1042 D ConnectivityServiceInitializer: java.lang.UnsupportedOperationException: Unable to attach to BPF_CGROUP_INET4_BIND: java.io.IOException: Failed to retrieve bpf program from /sys/fs/bpf/net_shared/prog_block_bind4_block_port: No such file or directory
04-23 14:55:18.334  1042  1042 D ConnectivityServiceInitializer: 	at com.android.server.connectivity.ConnectivityNativeService.attachProgram(ConnectivityNativeService.java:166)
04-23 14:55:18.334  1042  1042 D ConnectivityServiceInitializer: 	at com.android.server.connectivity.ConnectivityNativeService.<init>(ConnectivityNativeService.java:98)
04-23 14:55:18.334  1042  1042 D ConnectivityServiceInitializer: 	at com.android.server.connectivity.ConnectivityNativeService.<init>(ConnectivityNativeService.java:91)
04-23 14:55:18.334  1042  1042 D ConnectivityServiceInitializer: 	at com.android.server.ConnectivityServiceInitializer.createConnectivityNativeService(ConnectivityServiceInitializer.java:116)
04-23 14:55:18.334  1042  1042 D ConnectivityServiceInitializer: 	at com.android.server.ConnectivityServiceInitializer.<init>(ConnectivityServiceInitializer.java:49)
04-23 14:55:18.334  1042  1042 D ConnectivityServiceInitializer: 	at java.lang.reflect.Constructor.newInstance0(Native Method)
04-23 14:55:18.334  1042  1042 D ConnectivityServiceInitializer: 	at java.lang.reflect.Constructor.newInstance(Constructor.java:343)
04-23 14:55:18.334  1042  1042 D ConnectivityServiceInitializer: 	at com.android.server.SystemServiceManager.startService(SystemServiceManager.java:221)
04-23 14:55:18.334  1042  1042 D ConnectivityServiceInitializer: 	at com.android.server.SystemServiceManager.startServiceFromJar(SystemServiceManager.java:159)
04-23 14:55:18.334  1042  1042 D ConnectivityServiceInitializer: 	at com.android.server.SystemServer.startOtherServices(SystemServer.java:2021)
04-23 14:55:18.334  1042  1042 D ConnectivityServiceInitializer: 	at com.android.server.SystemServer.run(SystemServer.java:945)
04-23 14:55:18.334  1042  1042 D ConnectivityServiceInitializer: 	at com.android.server.SystemServer.main(SystemServer.java:655)
04-23 14:55:18.334  1042  1042 D ConnectivityServiceInitializer: 	at java.lang.reflect.Method.invoke(Native Method)
04-23 14:55:18.334  1042  1042 D ConnectivityServiceInitializer: 	at com.android.internal.os.RuntimeInit$MethodAndArgsCaller.run(RuntimeInit.java:548)
04-23 14:55:18.334  1042  1042 D ConnectivityServiceInitializer: 	at com.android.internal.os.ZygoteInit.main(ZygoteInit.java:919)
04-23 14:55:18.342   771   813 E IMGMapper: set:481 Failed to decode data for type SMPTE2086
04-23 14:55:18.342   771   813 E IMGMapper: set:481 Failed to decode data for type CTA861_3
04-23 14:55:18.350  1042  1042 W UnsafeUtil: platform method missing - proto runtime falling back to safer methods: java.lang.NoSuchMethodException: sun.misc.Unsafe.copyMemory [class java.lang.Object, long, class java.lang.Object, long, long]
04-23 14:55:18.351  1042  1042 I ConnectivityServiceInitializer: Registering ethernet
04-23 14:55:18.352  1042  1042 I ConnectivityServiceInitializer: Registering connectivity
04-23 14:55:18.353  1042  1042 I ConnectivityServiceInitializer: Registering ipsec
04-23 14:55:18.354  1042  1042 I ConnectivityServiceInitializer: Registering servicediscovery
04-23 14:55:18.354  1042  1042 I ConnectivityServiceInitializer: Registering nearby
04-23 14:55:18.355  1042  1042 D SystemServerTiming: StartVpnManagerService
04-23 14:55:18.358  1042  1042 D VpnManagerService: VpnManagerService starting up
04-23 14:55:18.359  1042  1042 D SystemServerTiming: StartVcnManagementService
04-23 14:55:18.359   646   749 D AAL     : 04-23 02:55:18.260 BL=2335,ESS= 256, 04-23 02:55:18.276 BL=2339,ESS= 256, 04-23 02:55:18.293 BL=2342,ESS= 256, 04-23 02:55:18.343 BL=2338,ESS= 256, 04-23 02:55:18.359 BL=2334,ESS= 256, 
04-23 14:55:18.362  1042  1042 D SystemServerTiming: StartSystemUpdateManagerService
04-23 14:55:18.362  1042  1042 I SystemUpdateManagerService: No existing info file /data/system/system-update-info.xml
04-23 14:55:18.363  1042  1042 D SystemServerTiming: StartUpdateLockService
04-23 14:55:18.364  1042  1042 D SystemServerTiming: StartNotificationManager
04-23 14:55:18.365  1042  1042 I SystemServiceManager: Starting com.android.server.notification.NotificationManagerService
04-23 14:55:18.375  1042  1042 D ConditionProviders.SCP: new ScheduleConditionProvider()
04-23 14:55:18.383   771   813 E IMGMapper: set:481 Failed to decode data for type SMPTE2086
04-23 14:55:18.384   771   813 E IMGMapper: set:481 Failed to decode data for type CTA861_3
04-23 14:55:18.386  1042  1042 I ConditionProviders:  Allowing condition provider com.android.launcher3/com.android.launcher3.notification.NotificationListener (userSet: true)
04-23 14:55:18.387  1042  1042 I NotificationListeners:  Allowing notification listener com.android.launcher3/com.android.launcher3.notification.NotificationListener (userSet: true)
04-23 14:55:18.387  1042  1042 V NotificationListeners: enabling notification listener for 0: ComponentInfo{com.android.launcher3/com.android.launcher3.notification.NotificationListener}
04-23 14:55:18.387  1042  1042 V NotificationListeners: binding: Intent { act=android.service.notification.NotificationListenerService cmp=com.android.launcher3/.notification.NotificationListener (has extras) }
04-23 14:55:18.388  1042  1042 W ActivityManager: Unable to start service Intent { act=android.service.notification.NotificationListenerService cmp=com.android.launcher3/.notification.NotificationListener } U=0: not found
04-23 14:55:18.388  1042  1042 W NotificationListeners: Unable to bind notification listener service: Intent { act=android.service.notification.NotificationListenerService cmp=com.android.launcher3/.notification.NotificationListener (has extras) } in user 0
04-23 14:55:18.388  1042  1042 I ConditionProviders:  Allowing condition provider com.android.camera2 (userSet: true)
04-23 14:55:18.389  1042  1042 I ConditionProviders:  Allowing condition provider android.ext.services/android.ext.services.notification.Assistant (userSet: true)
04-23 14:55:18.389  1042  1042 I NotificationAssistants:  Allowing notification assistant android.ext.services/android.ext.services.notification.Assistant (userSet: false)
04-23 14:55:18.389  1042  1042 V NotificationAssistants: enabling notification assistant for 0: ComponentInfo{android.ext.services/android.ext.services.notification.Assistant}
04-23 14:55:18.389  1042  1042 V NotificationAssistants: binding: Intent { act=android.service.notification.NotificationAssistantService cmp=android.ext.services/.notification.Assistant (has extras) }
04-23 14:55:18.393  1042  1042 D CompatibilityChangeReporter: Compat change id reported: 147600208; UID 1000; state: ENABLED
04-23 14:55:18.393  1042  1042 D CompatibilityChangeReporter: Compat change id reported: 157233955; UID 1000; state: ENABLED
04-23 14:55:18.414  1042  1042 D SystemServerTiming: StartDeviceMonitor
04-23 14:55:18.414  1042  1042 I SystemServiceManager: Starting com.android.server.storage.DeviceStorageMonitorService
04-23 14:55:18.416  1042  1042 D SystemServerTiming: StartLocationManagerService
04-23 14:55:18.416  1042  1042 I SystemServiceManager: Starting com.android.server.location.LocationManagerService$Lifecycle
04-23 14:55:18.419  1042  1042 D SystemServerTiming: StartCountryDetectorService
04-23 14:55:18.420  1042  1042 D SystemServerTiming: StartTimeDetectorService
04-23 14:55:18.420  1042  1042 I SystemServiceManager: Starting com.android.server.timedetector.TimeDetectorService$Lifecycle
04-23 14:55:18.422  1042  1042 D SystemServerTiming: StartTimeZoneDetectorService
04-23 14:55:18.422  1042  1042 I SystemServiceManager: Starting com.android.server.timezonedetector.TimeZoneDetectorService$Lifecycle
04-23 14:55:18.425   771   813 E IMGMapper: set:481 Failed to decode data for type SMPTE2086
04-23 14:55:18.425   771   813 E IMGMapper: set:481 Failed to decode data for type CTA861_3
04-23 14:55:18.426  1042  1042 D SystemServerTiming: StartLocationTimeZoneManagerService
04-23 14:55:18.427  1042  1042 I SystemServiceManager: Starting com.android.server.timezonedetector.location.LocationTimeZoneManagerService$Lifecycle
04-23 14:55:18.427  1042  1042 D SystemServerTiming: StartSearchManagerService
04-23 14:55:18.428  1042  1042 I SystemServiceManager: Starting com.android.server.search.SearchManagerService$Lifecycle
04-23 14:55:18.429  1042  1042 D SystemServerTiming: StartWallpaperManagerService
04-23 14:55:18.429  1042  1042 I SystemServiceManager: Starting com.android.server.wallpaper.WallpaperManagerService$Lifecycle
04-23 14:55:18.430  1042  1042 D SystemServerTiming: StartWallpaperEffectsGenerationService
04-23 14:55:18.430  1042  1042 I SystemServiceManager: Starting com.android.server.wallpapereffectsgeneration.WallpaperEffectsGenerationManagerService
04-23 14:55:18.432  1042  1042 D SystemServerTiming: StartAudioService
04-23 14:55:18.432  1042  1042 I SystemServiceManager: Starting com.android.server.audio.AudioService$Lifecycle
04-23 14:55:18.441  1042  1042 I AS.AudioService: Stream 5: using max vol of 7
04-23 14:55:18.441  1042  1042 I AS.AudioService: Stream 5: using default vol of 5
04-23 14:55:18.441  1042  1042 I AS.AudioService: Stream 2: using max vol of 7
04-23 14:55:18.441  1042  1042 I AS.AudioService: Stream 2: using default vol of 5
04-23 14:55:18.442   646   749 D AAL     : 04-23 02:55:18.375 BL=2330,ESS= 256, 04-23 02:55:18.392 BL=2326,ESS= 256, 04-23 02:55:18.408 BL=2324,ESS= 256, 04-23 02:55:18.425 BL=2328,ESS= 256, 04-23 02:55:18.441 BL=2331,ESS= 256, 
04-23 14:55:18.443  1042  1042 I android_os_HwBinder: HwBinder: Starting thread pool for getting: android.hidl.manager@1.0::IServiceManager/default
04-23 14:55:18.452   509   906 W AudioFlinger: no wake lock to update, system not ready yet
04-23 14:55:18.452   509   899 W AudioFlinger: no wake lock to update, system not ready yet
04-23 14:55:18.453   509   903 W AudioFlinger: no wake lock to update, system not ready yet
04-23 14:55:18.456   509   509 D PermissionCache: checking android.permission.MODIFY_AUDIO_ROUTING for uid=1000 => granted (916 us)
04-23 14:55:18.467   771   813 E IMGMapper: set:481 Failed to decode data for type SMPTE2086
04-23 14:55:18.467   771   813 E IMGMapper: set:481 Failed to decode data for type CTA861_3
04-23 14:55:18.474   509   743 D PermissionCache: checking android.permission.MODIFY_AUDIO_SETTINGS for uid=1000 => granted (172 us)
04-23 14:55:18.476   466   918 D AudioALSAStreamManager: setMicMute(), mMicMute: 0 => 0
04-23 14:55:18.477   466   918 D AudioALSAStreamManager: +SetInputMute(), 0
04-23 14:55:18.480   509   743 D AudioFlinger: isLowRamDevice:false totalMemory:1853427712 mClientSharedHeapSize:4194304
04-23 14:55:18.482  1042  1042 D SystemServerTiming: StartSoundTriggerMiddlewareService
04-23 14:55:18.482  1042  1042 I SystemServiceManager: Starting com.android.server.soundtrigger_middleware.SoundTriggerMiddlewareService$Lifecycle
04-23 14:55:18.483   509   743 I CaptureStateNotifier: Registering a listener
04-23 14:55:18.483   336   336 I servicemanager: Could not find android.hardware.soundtrigger3.ISoundTriggerHw/default in the VINTF manifest.
04-23 14:55:18.483  1042  1042 I SoundTriggerMiddlewareDefaultHalFactory: Connecting to default soundtrigger-V2.x.ISoundTriggerHw
04-23 14:55:18.484   337   337 I hwservicemanager: getTransport: Cannot find entry android.hardware.soundtrigger@2.0::ISoundTriggerHw/default in either framework or device VINTF manifest.
04-23 14:55:18.485  1042  1042 E SoundTriggerMiddlewareImpl: Failed to add a SoundTriggerModule instance
04-23 14:55:18.485  1042  1042 E SoundTriggerMiddlewareImpl: java.util.NoSuchElementException
04-23 14:55:18.485  1042  1042 E SoundTriggerMiddlewareImpl: 	at android.os.HwBinder.getService(Native Method)
04-23 14:55:18.485  1042  1042 E SoundTriggerMiddlewareImpl: 	at android.hardware.soundtrigger.V2_0.ISoundTriggerHw.getService(ISoundTriggerHw.java:57)
04-23 14:55:18.485  1042  1042 E SoundTriggerMiddlewareImpl: 	at android.hardware.soundtrigger.V2_0.ISoundTriggerHw.getService(ISoundTriggerHw.java:64)
04-23 14:55:18.485  1042  1042 E SoundTriggerMiddlewareImpl: 	at com.android.server.soundtrigger_middleware.DefaultHalFactory.create(DefaultHalFactory.java:76)
04-23 14:55:18.485  1042  1042 E SoundTriggerMiddlewareImpl: 	at com.android.server.soundtrigger_middleware.SoundTriggerModule.attachToHal(SoundTriggerModule.java:170)
